Archive member included to satisfy reference by file (symbol)

c:/users/billa/appdata/roaming/code/user/globalstorage/bmd.stm32-for-vscode/@xpack-dev-tools/arm-none-eabi-gcc/12.2.1-1.2.1/.content/bin/../lib/gcc/arm-none-eabi/12.2.1/../../../../arm-none-eabi/lib/thumb/v7e-m+fp/hard\libc_nano.a(libc_a-atexit.o)
                              c:/users/billa/appdata/roaming/code/user/globalstorage/bmd.stm32-for-vscode/@xpack-dev-tools/arm-none-eabi-gcc/12.2.1-1.2.1/.content/bin/../lib/gcc/arm-none-eabi/12.2.1/../../../../arm-none-eabi/lib/thumb/v7e-m+fp/hard/crt0.o (atexit)
c:/users/billa/appdata/roaming/code/user/globalstorage/bmd.stm32-for-vscode/@xpack-dev-tools/arm-none-eabi-gcc/12.2.1-1.2.1/.content/bin/../lib/gcc/arm-none-eabi/12.2.1/../../../../arm-none-eabi/lib/thumb/v7e-m+fp/hard\libc_nano.a(libc_a-exit.o)
                              c:/users/billa/appdata/roaming/code/user/globalstorage/bmd.stm32-for-vscode/@xpack-dev-tools/arm-none-eabi-gcc/12.2.1-1.2.1/.content/bin/../lib/gcc/arm-none-eabi/12.2.1/../../../../arm-none-eabi/lib/thumb/v7e-m+fp/hard/crt0.o (exit)
c:/users/billa/appdata/roaming/code/user/globalstorage/bmd.stm32-for-vscode/@xpack-dev-tools/arm-none-eabi-gcc/12.2.1-1.2.1/.content/bin/../lib/gcc/arm-none-eabi/12.2.1/../../../../arm-none-eabi/lib/thumb/v7e-m+fp/hard\libc_nano.a(libc_a-findfp.o)
                              c:/users/billa/appdata/roaming/code/user/globalstorage/bmd.stm32-for-vscode/@xpack-dev-tools/arm-none-eabi-gcc/12.2.1-1.2.1/.content/bin/../lib/gcc/arm-none-eabi/12.2.1/../../../../arm-none-eabi/lib/thumb/v7e-m+fp/hard\libc_nano.a(libc_a-exit.o) (__stdio_exit_handler)
c:/users/billa/appdata/roaming/code/user/globalstorage/bmd.stm32-for-vscode/@xpack-dev-tools/arm-none-eabi-gcc/12.2.1-1.2.1/.content/bin/../lib/gcc/arm-none-eabi/12.2.1/../../../../arm-none-eabi/lib/thumb/v7e-m+fp/hard\libc_nano.a(libc_a-fwalk.o)
                              c:/users/billa/appdata/roaming/code/user/globalstorage/bmd.stm32-for-vscode/@xpack-dev-tools/arm-none-eabi-gcc/12.2.1-1.2.1/.content/bin/../lib/gcc/arm-none-eabi/12.2.1/../../../../arm-none-eabi/lib/thumb/v7e-m+fp/hard\libc_nano.a(libc_a-findfp.o) (_fwalk_sglue)
c:/users/billa/appdata/roaming/code/user/globalstorage/bmd.stm32-for-vscode/@xpack-dev-tools/arm-none-eabi-gcc/12.2.1-1.2.1/.content/bin/../lib/gcc/arm-none-eabi/12.2.1/../../../../arm-none-eabi/lib/thumb/v7e-m+fp/hard\libc_nano.a(libc_a-sprintf.o)
                              build/main.o (sprintf)
c:/users/billa/appdata/roaming/code/user/globalstorage/bmd.stm32-for-vscode/@xpack-dev-tools/arm-none-eabi-gcc/12.2.1-1.2.1/.content/bin/../lib/gcc/arm-none-eabi/12.2.1/../../../../arm-none-eabi/lib/thumb/v7e-m+fp/hard\libc_nano.a(libc_a-stdio.o)
                              c:/users/billa/appdata/roaming/code/user/globalstorage/bmd.stm32-for-vscode/@xpack-dev-tools/arm-none-eabi-gcc/12.2.1-1.2.1/.content/bin/../lib/gcc/arm-none-eabi/12.2.1/../../../../arm-none-eabi/lib/thumb/v7e-m+fp/hard\libc_nano.a(libc_a-findfp.o) (__sread)
c:/users/billa/appdata/roaming/code/user/globalstorage/bmd.stm32-for-vscode/@xpack-dev-tools/arm-none-eabi-gcc/12.2.1-1.2.1/.content/bin/../lib/gcc/arm-none-eabi/12.2.1/../../../../arm-none-eabi/lib/thumb/v7e-m+fp/hard\libc_nano.a(libc_a-memset.o)
                              c:/users/billa/appdata/roaming/code/user/globalstorage/bmd.stm32-for-vscode/@xpack-dev-tools/arm-none-eabi-gcc/12.2.1-1.2.1/.content/bin/../lib/gcc/arm-none-eabi/12.2.1/../../../../arm-none-eabi/lib/thumb/v7e-m+fp/hard/crt0.o (memset)
c:/users/billa/appdata/roaming/code/user/globalstorage/bmd.stm32-for-vscode/@xpack-dev-tools/arm-none-eabi-gcc/12.2.1-1.2.1/.content/bin/../lib/gcc/arm-none-eabi/12.2.1/../../../../arm-none-eabi/lib/thumb/v7e-m+fp/hard\libc_nano.a(libc_a-closer.o)
                              c:/users/billa/appdata/roaming/code/user/globalstorage/bmd.stm32-for-vscode/@xpack-dev-tools/arm-none-eabi-gcc/12.2.1-1.2.1/.content/bin/../lib/gcc/arm-none-eabi/12.2.1/../../../../arm-none-eabi/lib/thumb/v7e-m+fp/hard\libc_nano.a(libc_a-stdio.o) (_close_r)
c:/users/billa/appdata/roaming/code/user/globalstorage/bmd.stm32-for-vscode/@xpack-dev-tools/arm-none-eabi-gcc/12.2.1-1.2.1/.content/bin/../lib/gcc/arm-none-eabi/12.2.1/../../../../arm-none-eabi/lib/thumb/v7e-m+fp/hard\libc_nano.a(libc_a-reent.o)
                              c:/users/billa/appdata/roaming/code/user/globalstorage/bmd.stm32-for-vscode/@xpack-dev-tools/arm-none-eabi-gcc/12.2.1-1.2.1/.content/bin/../lib/gcc/arm-none-eabi/12.2.1/../../../../arm-none-eabi/lib/thumb/v7e-m+fp/hard\libc_nano.a(libc_a-closer.o) (errno)
c:/users/billa/appdata/roaming/code/user/globalstorage/bmd.stm32-for-vscode/@xpack-dev-tools/arm-none-eabi-gcc/12.2.1-1.2.1/.content/bin/../lib/gcc/arm-none-eabi/12.2.1/../../../../arm-none-eabi/lib/thumb/v7e-m+fp/hard\libc_nano.a(libc_a-impure.o)
[...]
Memory Configuration

Name             Origin             Length             Attributes
RAM              0x0000000020000000 0x0000000000050000 xrw
FLASH            0x0000000008000000 0x0000000000100000 xr
*default*        0x0000000000000000 0xffffffffffffffff

Linker script and memory map

LOAD c:/users/billa/appdata/roaming/code/user/globalstorage/bmd.stm32-for-vscode/@xpack-dev-tools/arm-none-eabi-gcc/12.2.1-1.2.1/.content/bin/../lib/gcc/arm-none-eabi/12.2.1/thumb/v7e-m+fp/hard/crti.o
LOAD c:/users/billa/appdata/roaming/code/user/globalstorage/bmd.stm32-for-vscode/@xpack-dev-tools/arm-none-eabi-gcc/12.2.1-1.2.1/.content/bin/../lib/gcc/arm-none-eabi/12.2.1/thumb/v7e-m+fp/hard/crtbegin.o
LOAD c:/users/billa/appdata/roaming/code/user/globalstorage/bmd.stm32-for-vscode/@xpack-dev-tools/arm-none-eabi-gcc/12.2.1-1.2.1/.content/bin/../lib/gcc/arm-none-eabi/12.2.1/../../../../arm-none-eabi/lib/thumb/v7e-m+fp/hard/crt0.o
LOAD build/freertos.o
LOAD build/gpio.o
LOAD build/main.o
LOAD build/stm32f7xx_hal_msp.o
LOAD build/stm32f7xx_hal_timebase_tim.o
LOAD build/stm32f7xx_it.o
LOAD build/system_stm32f7xx.o
LOAD build/usart.o
LOAD build/stm32f7xx_hal.o
LOAD build/stm32f7xx_hal_cortex.o
LOAD build/stm32f7xx_hal_dma.o
LOAD build/stm32f7xx_hal_dma_ex.o
LOAD build/stm32f7xx_hal_exti.o
LOAD build/stm32f7xx_hal_flash.o
LOAD build/stm32f7xx_hal_flash_ex.o
LOAD build/stm32f7xx_hal_gpio.o
LOAD build/stm32f7xx_hal_i2c.o
LOAD build/stm32f7xx_hal_i2c_ex.o
LOAD build/stm32f7xx_hal_pwr.o
LOAD build/stm32f7xx_hal_pwr_ex.o
LOAD build/stm32f7xx_hal_rcc.o
LOAD build/stm32f7xx_hal_rcc_ex.o
LOAD build/stm32f7xx_hal_tim.o
LOAD build/stm32f7xx_hal_tim_ex.o
LOAD build/stm32f7xx_hal_uart.o
LOAD build/stm32f7xx_hal_uart_ex.o
LOAD build/cmsis_os.o
LOAD build/croutine.o
LOAD build/event_groups.o
LOAD build/list.o
LOAD build/port.o
LOAD build/heap_4.o
LOAD build/queue.o
LOAD build/stream_buffer.o
LOAD build/tasks.o
LOAD build/timers.o
LOAD build/startup_stm32f746xx.o
LOAD c:/users/billa/appdata/roaming/code/user/globalstorage/bmd.stm32-for-vscode/@xpack-dev-tools/arm-none-eabi-gcc/12.2.1-1.2.1/.content/bin/../lib/gcc/arm-none-eabi/12.2.1/../../../../arm-none-eabi/lib/thumb/v7e-m+fp/hard\libc_nano.a
LOAD c:/users/billa/appdata/roaming/code/user/globalstorage/bmd.stm32-for-vscode/@xpack-dev-tools/arm-none-eabi-gcc/12.2.1-1.2.1/.content/bin/../lib/gcc/arm-none-eabi/12.2.1/../../../../arm-none-eabi/lib/thumb/v7e-m+fp/hard\libm.a
LOAD c:/users/billa/appdata/roaming/code/user/globalstorage/bmd.stm32-for-vscode/@xpack-dev-tools/arm-none-eabi-gcc/12.2.1-1.2.1/.content/bin/../lib/gcc/arm-none-eabi/12.2.1/../../../../arm-none-eabi/lib/thumb/v7e-m+fp/hard\libnosys.a
START GROUP
LOAD c:/users/billa/appdata/roaming/code/user/globalstorage/bmd.stm32-for-vscode/@xpack-dev-tools/arm-none-eabi-gcc/12.2.1-1.2.1/.content/bin/../lib/gcc/arm-none-eabi/12.2.1/thumb/v7e-m+fp/hard\libgcc.a
LOAD c:/users/billa/appdata/roaming/code/user/globalstorage/bmd.stm32-for-vscode/@xpack-dev-tools/arm-none-eabi-gcc/12.2.1-1.2.1/.content/bin/../lib/gcc/arm-none-eabi/12.2.1/../../../../arm-none-eabi/lib/thumb/v7e-m+fp/hard\libc_nano.a
END GROUP
START GROUP
LOAD c:/users/billa/appdata/roaming/code/user/globalstorage/bmd.stm32-for-vscode/@xpack-dev-tools/arm-none-eabi-gcc/12.2.1-1.2.1/.content/bin/../lib/gcc/arm-none-eabi/12.2.1/thumb/v7e-m+fp/hard\libgcc.a
LOAD c:/users/billa/appdata/roaming/code/user/globalstorage/bmd.stm32-for-vscode/@xpack-dev-tools/arm-none-eabi-gcc/12.2.1-1.2.1/.content/bin/../lib/gcc/arm-none-eabi/12.2.1/../../../../arm-none-eabi/lib/thumb/v7e-m+fp/hard\libc_nano.a
END GROUP
LOAD c:/users/billa/appdata/roaming/code/user/globalstorage/bmd.stm32-for-vscode/@xpack-dev-tools/arm-none-eabi-gcc/12.2.1-1.2.1/.content/bin/../lib/gcc/arm-none-eabi/12.2.1/thumb/v7e-m+fp/hard/crtend.o
LOAD c:/users/billa/appdata/roaming/code/user/globalstorage/bmd.stm32-for-vscode/@xpack-dev-tools/arm-none-eabi-gcc/12.2.1-1.2.1/.content/bin/../lib/gcc/arm-none-eabi/12.2.1/thumb/v7e-m+fp/hard/crtn.o
                0x0000000020050000                _estack = (ORIGIN (RAM) + LENGTH (RAM))
                0x0000000000000200                _Min_Heap_Size = 0x200
                0x0000000000000400                _Min_Stack_Size = 0x400

.isr_vector     0x0000000008000000      0x1c8
                0x0000000008000000                . = ALIGN (0x4)
 *(.isr_vector)
 .isr_vector    0x0000000008000000      0x1c8 build/startup_stm32f746xx.o
                0x0000000008000000                g_pfnVectors
                0x00000000080001c8                . = ALIGN (0x4)

.text           0x00000000080001d0     0x39f4
                0x00000000080001d0                . = ALIGN (0x4)
 *(.text)
 .text          0x00000000080001d0       0x10 c:/users/billa/appdata/roaming/code/user/globalstorage/bmd.stm32-for-vscode/@xpack-dev-tools/arm-none-eabi-gcc/12.2.1-1.2.1/.content/bin/../lib/gcc/arm-none-eabi/12.2.1/../../../../arm-none-eabi/lib/thumb/v7e-m+fp/hard\libc_nano.a(libc_a-strlen.o)
                0x00000000080001d0                strlen
 .text          0x00000000080001e0       0xa0 c:/users/billa/appdata/roaming/code/user/globalstorage/bmd.stm32-for-vscode/@xpack-dev-tools/arm-none-eabi-gcc/12.2.1-1.2.1/.content/bin/../lib/gcc/arm-none-eabi/12.2.1/../../../../arm-none-eabi/lib/thumb/v7e-m+fp/hard\libc_nano.a(libc_a-memchr.o)
                0x00000000080001e0                memchr
 .text          0x0000000008000280       0x30 c:/users/billa/appdata/roaming/code/user/globalstorage/bmd.stm32-for-vscode/@xpack-dev-tools/arm-none-eabi-gcc/12.2.1-1.2.1/.content/bin/../lib/gcc/arm-none-eabi/12.2.1/thumb/v7e-m+fp/hard\libgcc.a(_aeabi_uldivmod.o)
                0x0000000008000280                __aeabi_uldivmod
 .text          0x00000000080002b0        0x4 c:/users/billa/appdata/roaming/code/user/globalstorage/bmd.stm32-for-vscode/@xpack-dev-tools/arm-none-eabi-gcc/12.2.1-1.2.1/.content/bin/../lib/gcc/arm-none-eabi/12.2.1/thumb/v7e-m+fp/hard\libgcc.a(_dvmd_tls.o)
                0x00000000080002b0                __aeabi_idiv0
                0x00000000080002b0                __aeabi_ldiv0
 *(.text*)
 .text.__do_global_dtors_aux
                0x00000000080002b4       0x24 c:/users/billa/appdata/roaming/code/user/globalstorage/bmd.stm32-for-vscode/@xpack-dev-tools/arm-none-eabi-gcc/12.2.1-1.2.1/.content/bin/../lib/gcc/arm-none-eabi/12.2.1/thumb/v7e-m+fp/hard/crtbegin.o
 .text.frame_dummy
                0x00000000080002d8       0x1c c:/users/billa/appdata/roaming/code/user/globalstorage/bmd.stm32-for-vscode/@xpack-dev-tools/arm-none-eabi-gcc/12.2.1-1.2.1/.content/bin/../lib/gcc/arm-none-eabi/12.2.1/thumb/v7e-m+fp/hard/crtbegin.o
 .text.StartDefaultTask
                0x00000000080002f4        0xa build/freertos.o
                0x00000000080002f4                StartDefaultTask
 *fill*         0x00000000080002fe        0x2 
 .text.vApplicationGetIdleTaskMemory
                0x0000000008000300       0x18 build/freertos.o
                0x0000000008000300                vApplicationGetIdleTaskMemory
 .text.MX_FREERTOS_Init
                0x0000000008000318       0x30 build/freertos.o
                0x0000000008000318                MX_FREERTOS_Init
 .text.MX_GPIO_Init
                0x0000000008000348       0x88 build/gpio.o
                0x0000000008000348                MX_GPIO_Init
 .text.LedBlinker
                0x00000000080003d0       0x4c build/main.o
                0x00000000080003d0                LedBlinker
 .text.HAL_TIM_PeriodElapsedCallback
                0x000000000800041c       0x18 build/main.o
                0x000000000800041c                HAL_TIM_PeriodElapsedCallback
 .text.Error_Handler
                0x0000000008000434        0x4 build/main.o
                0x0000000008000434                Error_Handler
 .text.SystemClock_Config
                0x0000000008000438       0xb0 build/main.o
                0x0000000008000438                SystemClock_Config
 .text.main     0x00000000080004e8       0x44 build/main.o
                0x00000000080004e8                main
 .text.HAL_MspInit
                0x000000000800052c       0x40 build/stm32f7xx_hal_msp.o
                0x000000000800052c                HAL_MspInit
 .text.HAL_InitTick
                0x000000000800056c       0xa0 build/stm32f7xx_hal_timebase_tim.o
                0x000000000800056c                HAL_InitTick
 .text.NMI_Handler
                0x000000000800060c        0x2 build/stm32f7xx_it.o
                0x000000000800060c                NMI_Handler
 .text.HardFault_Handler
                0x000000000800060e        0x2 build/stm32f7xx_it.o
                0x000000000800060e                HardFault_Handler
 .text.MemManage_Handler
                0x0000000008000610        0x2 build/stm32f7xx_it.o
                0x0000000008000610                MemManage_Handler
 .text.BusFault_Handler
                0x0000000008000612        0x2 build/stm32f7xx_it.o
                0x0000000008000612                BusFault_Handler
 .text.UsageFault_Handler
                0x0000000008000614        0x2 build/stm32f7xx_it.o
                0x0000000008000614                UsageFault_Handler
 .text.DebugMon_Handler
                0x0000000008000616        0x2 build/stm32f7xx_it.o
                0x0000000008000616                DebugMon_Handler
 .text.TIM6_DAC_IRQHandler
                0x0000000008000618       0x10 build/stm32f7xx_it.o
                0x0000000008000618                TIM6_DAC_IRQHandler
 .text.SystemInit
                0x0000000008000628       0x14 build/system_stm32f7xx.o
                0x0000000008000628                SystemInit
 .text.MX_USART1_UART_Init
                0x000000000800063c       0x38 build/usart.o
                0x000000000800063c                MX_USART1_UART_Init
 .text.HAL_UART_MspInit
                0x0000000008000674       0xb8 build/usart.o
                0x0000000008000674                HAL_UART_MspInit
 .text.HAL_Init
                0x000000000800072c       0x16 build/stm32f7xx_hal.o
                0x000000000800072c                HAL_Init
 *fill*         0x0000000008000742        0x2 
 .text.HAL_IncTick
                0x0000000008000744       0x18 build/stm32f7xx_hal.o
                0x0000000008000744                HAL_IncTick
 .text.HAL_GetTick
                0x000000000800075c        0xc build/stm32f7xx_hal.o
                0x000000000800075c                HAL_GetTick
 .text.__NVIC_SetPriority
                0x0000000008000768       0x24 build/stm32f7xx_hal_cortex.o
 .text.NVIC_EncodePriority
                0x000000000800078c       0x3e build/stm32f7xx_hal_cortex.o
 *fill*         0x00000000080007ca        0x2 
 .text.HAL_NVIC_SetPriorityGrouping
                0x00000000080007cc       0x24 build/stm32f7xx_hal_cortex.o
                0x00000000080007cc                HAL_NVIC_SetPriorityGrouping
 .text.HAL_NVIC_SetPriority
                0x00000000080007f0       0x20 build/stm32f7xx_hal_cortex.o
                0x00000000080007f0                HAL_NVIC_SetPriority
 .text.HAL_NVIC_EnableIRQ
                0x0000000008000810       0x1c build/stm32f7xx_hal_cortex.o
                0x0000000008000810                HAL_NVIC_EnableIRQ
 .text.HAL_GPIO_Init
                0x000000000800082c      0x204 build/stm32f7xx_hal_gpio.o
                0x000000000800082c                HAL_GPIO_Init
 .text.HAL_GPIO_WritePin
                0x0000000008000a30        0xc build/stm32f7xx_hal_gpio.o
                0x0000000008000a30                HAL_GPIO_WritePin
 .text.HAL_GPIO_TogglePin
                0x0000000008000a3c       0x12 build/stm32f7xx_hal_gpio.o
                0x0000000008000a3c                HAL_GPIO_TogglePin
 *fill*         0x0000000008000a4e        0x2 
 .text.HAL_PWREx_EnableOverDrive
                0x0000000008000a50       0x7c build/stm32f7xx_hal_pwr_ex.o
                0x0000000008000a50                HAL_PWREx_EnableOverDrive
 .text.HAL_RCC_OscConfig
                0x0000000008000acc      0x434 build/stm32f7xx_hal_rcc.o
                0x0000000008000acc                HAL_RCC_OscConfig
 .text.HAL_RCC_GetSysClockFreq
                0x0000000008000f00       0xa8 build/stm32f7xx_hal_rcc.o
                0x0000000008000f00                HAL_RCC_GetSysClockFreq
 .text.HAL_RCC_ClockConfig
                0x0000000008000fa8      0x16c build/stm32f7xx_hal_rcc.o
                0x0000000008000fa8                HAL_RCC_ClockConfig
 .text.HAL_RCC_GetHCLKFreq
                0x0000000008001114        0xc build/stm32f7xx_hal_rcc.o
                0x0000000008001114                HAL_RCC_GetHCLKFreq
 .text.HAL_RCC_GetPCLK1Freq
                0x0000000008001120       0x20 build/stm32f7xx_hal_rcc.o
                0x0000000008001120                HAL_RCC_GetPCLK1Freq
 .text.HAL_RCC_GetPCLK2Freq
                0x0000000008001140       0x20 build/stm32f7xx_hal_rcc.o
                0x0000000008001140                HAL_RCC_GetPCLK2Freq
 .text.HAL_RCC_GetClockConfig
                0x0000000008001160       0x3c build/stm32f7xx_hal_rcc.o
                0x0000000008001160                HAL_RCC_GetClockConfig
 .text.HAL_RCCEx_PeriphCLKConfig
                0x000000000800119c      0x5ac build/stm32f7xx_hal_rcc_ex.o
                0x000000000800119c                HAL_RCCEx_PeriphCLKConfig
 .text.HAL_TIM_Base_MspInit
                0x0000000008001748        0x2 build/stm32f7xx_hal_tim.o
                0x0000000008001748                HAL_TIM_Base_MspInit
 *fill*         0x000000000800174a        0x2 
 .text.HAL_TIM_Base_Start_IT
                0x000000000800174c       0x90 build/stm32f7xx_hal_tim.o
                0x000000000800174c                HAL_TIM_Base_Start_IT
 .text.HAL_TIM_OC_DelayElapsedCallback
                0x00000000080017dc        0x2 build/stm32f7xx_hal_tim.o
                0x00000000080017dc                HAL_TIM_OC_DelayElapsedCallback
 .text.HAL_TIM_IC_CaptureCallback
                0x00000000080017de        0x2 build/stm32f7xx_hal_tim.o
                0x00000000080017de                HAL_TIM_IC_CaptureCallback
 .text.HAL_TIM_PWM_PulseFinishedCallback
                0x00000000080017e0        0x2 build/stm32f7xx_hal_tim.o
                0x00000000080017e0                HAL_TIM_PWM_PulseFinishedCallback
 .text.HAL_TIM_TriggerCallback
                0x00000000080017e2        0x2 build/stm32f7xx_hal_tim.o
                0x00000000080017e2                HAL_TIM_TriggerCallback
 .text.HAL_TIM_IRQHandler
                0x00000000080017e4      0x19a build/stm32f7xx_hal_tim.o
                0x00000000080017e4                HAL_TIM_IRQHandler
 *fill*         0x000000000800197e        0x2 
 .text.TIM_Base_SetConfig
                0x0000000008001980      0x110 build/stm32f7xx_hal_tim.o
                0x0000000008001980                TIM_Base_SetConfig
 .text.HAL_TIM_Base_Init
                0x0000000008001a90       0x60 build/stm32f7xx_hal_tim.o
                0x0000000008001a90                HAL_TIM_Base_Init
 .text.HAL_TIMEx_CommutCallback
                0x0000000008001af0        0x2 build/stm32f7xx_hal_tim_ex.o
                0x0000000008001af0                HAL_TIMEx_CommutCallback
 .text.HAL_TIMEx_BreakCallback
                0x0000000008001af2        0x2 build/stm32f7xx_hal_tim_ex.o
                0x0000000008001af2                HAL_TIMEx_BreakCallback
 .text.HAL_TIMEx_Break2Callback
                0x0000000008001af4        0x2 build/stm32f7xx_hal_tim_ex.o
                0x0000000008001af4                HAL_TIMEx_Break2Callback
 *fill*         0x0000000008001af6        0x2 
 .text.UART_SetConfig
                0x0000000008001af8      0x330 build/stm32f7xx_hal_uart.o
                0x0000000008001af8                UART_SetConfig
 .text.UART_AdvFeatureConfig
                0x0000000008001e28       0xca build/stm32f7xx_hal_uart.o
                0x0000000008001e28                UART_AdvFeatureConfig
 .text.UART_WaitOnFlagUntilTimeout
                0x0000000008001ef2       0xd4 build/stm32f7xx_hal_uart.o
                0x0000000008001ef2                UART_WaitOnFlagUntilTimeout
 .text.HAL_UART_Transmit
                0x0000000008001fc6       0xbc build/stm32f7xx_hal_uart.o
                0x0000000008001fc6                HAL_UART_Transmit
 .text.UART_CheckIdleState
                0x0000000008002082       0x4c build/stm32f7xx_hal_uart.o
                0x0000000008002082                UART_CheckIdleState
 .text.HAL_UART_Init
                0x00000000080020ce       0x62 build/stm32f7xx_hal_uart.o
                0x00000000080020ce                HAL_UART_Init
 .text.makeFreeRtosPriority
                0x0000000008002130        0xc build/cmsis_os.o
 .text.osKernelStart
                0x000000000800213c        0xa build/cmsis_os.o
                0x000000000800213c                osKernelStart
 .text.osThreadCreate
                0x0000000008002146       0x66 build/cmsis_os.o
                0x0000000008002146                osThreadCreate
 .text.osDelay  0x00000000080021ac        0xe build/cmsis_os.o
                0x00000000080021ac                osDelay
 .text.vListInitialise
                0x00000000080021ba       0x16 build/list.o
                0x00000000080021ba                vListInitialise
 .text.vListInitialiseItem
                0x00000000080021d0        0x6 build/list.o
                0x00000000080021d0                vListInitialiseItem
 .text.vListInsertEnd
                0x00000000080021d6       0x16 build/list.o
                0x00000000080021d6                vListInsertEnd
 .text.vListInsert
                0x00000000080021ec       0x32 build/list.o
                0x00000000080021ec                vListInsert
 .text.uxListRemove
                0x000000000800221e       0x26 build/list.o
                0x000000000800221e                uxListRemove
 .text.prvTaskExitError
                0x0000000008002244       0x48 build/port.o
 .text.prvPortStartFirstTask
                0x000000000800228c       0x28 build/port.o
 .text.vPortEnableVFP
                0x00000000080022b4       0x14 build/port.o
 .text.pxPortInitialiseStack
                0x00000000080022c8       0x2c build/port.o
                0x00000000080022c8                pxPortInitialiseStack
 *fill*         0x00000000080022f4        0xc 
 .text.SVC_Handler
                0x0000000008002300       0x24 build/port.o
                0x0000000008002300                SVC_Handler
 .text.vPortEnterCritical
                0x0000000008002324       0x4c build/port.o
                0x0000000008002324                vPortEnterCritical
 .text.vPortExitCritical
                0x0000000008002370       0x30 build/port.o
                0x0000000008002370                vPortExitCritical
 .text.PendSV_Handler
                0x00000000080023a0       0x64 build/port.o
                0x00000000080023a0                PendSV_Handler
 .text.SysTick_Handler
                0x0000000008002404       0x30 build/port.o
                0x0000000008002404                SysTick_Handler
 .text.vPortSetupTimerInterrupt
                0x0000000008002434       0x28 build/port.o
                0x0000000008002434                vPortSetupTimerInterrupt
 .text.xPortStartScheduler
                0x000000000800245c       0xd4 build/port.o
                0x000000000800245c                xPortStartScheduler
 .text.prvHeapInit
                0x0000000008002530       0x64 build/heap_4.o
 .text.prvInsertBlockIntoFreeList
                0x0000000008002594       0x64 build/heap_4.o
 .text.pvPortMalloc
                0x00000000080025f8      0x100 build/heap_4.o
                0x00000000080025f8                pvPortMalloc
 .text.vPortFree
                0x00000000080026f8       0x78 build/heap_4.o
                0x00000000080026f8                vPortFree
 .text.prvResetNextTaskUnblockTime
                0x0000000008002770       0x2c build/tasks.o
 .text.prvInitialiseNewTask
                0x000000000800279c       0x9c build/tasks.o
 .text.prvInitialiseTaskLists
                0x0000000008002838       0x68 build/tasks.o
 .text.prvAddNewTaskToReadyList
                0x00000000080028a0       0xa8 build/tasks.o
 .text.prvDeleteTCB
                0x0000000008002948       0x3c build/tasks.o
 .text.prvCheckTasksWaitingTermination
                0x0000000008002984       0x4c build/tasks.o
 .text.prvIdleTask
                0x00000000080029d0       0x28 build/tasks.o
 .text.prvAddCurrentTaskToDelayedList
                0x00000000080029f8       0xa0 build/tasks.o
 .text.xTaskCreateStatic
                0x0000000008002a98       0x82 build/tasks.o
                0x0000000008002a98                xTaskCreateStatic
 .text.xTaskCreate
                0x0000000008002b1a       0x64 build/tasks.o
                0x0000000008002b1a                xTaskCreate
 *fill*         0x0000000008002b7e        0x2 
 .text.vTaskStartScheduler
                0x0000000008002b80       0x78 build/tasks.o
                0x0000000008002b80                vTaskStartScheduler
 .text.vTaskSuspendAll
                0x0000000008002bf8       0x10 build/tasks.o
                0x0000000008002bf8                vTaskSuspendAll
 .text.pcTaskGetName
                0x0000000008002c08       0x2c build/tasks.o
                0x0000000008002c08                pcTaskGetName
 .text.xTaskIncrementTick
                0x0000000008002c34      0x11c build/tasks.o
                0x0000000008002c34                xTaskIncrementTick
 .text.xTaskResumeAll
                0x0000000008002d50       0xfc build/tasks.o
                0x0000000008002d50                xTaskResumeAll
 .text.vTaskDelay
                0x0000000008002e4c       0x50 build/tasks.o
                0x0000000008002e4c                vTaskDelay
 .text.vTaskSwitchContext
                0x0000000008002e9c       0x9c build/tasks.o
                0x0000000008002e9c                vTaskSwitchContext
 .text.xTaskGetCurrentTaskHandle
                0x0000000008002f38        0xc build/tasks.o
                0x0000000008002f38                xTaskGetCurrentTaskHandle
 .text.Reset_Handler
                0x0000000008002f44       0x50 build/startup_stm32f746xx.o
                0x0000000008002f44                Reset_Handler
 .text.Default_Handler
                0x0000000008002f94        0x2 build/startup_stm32f746xx.o
                0x0000000008002f94                RTC_Alarm_IRQHandler
                0x0000000008002f94                EXTI2_IRQHandler
                0x0000000008002f94                TIM8_CC_IRQHandler
                0x0000000008002f94                UART8_IRQHandler
                0x0000000008002f94                SPI4_IRQHandler
                0x0000000008002f94                TIM1_CC_IRQHandler
                0x0000000008002f94                DMA2_Stream5_IRQHandler
                0x0000000008002f94                DMA1_Stream5_IRQHandler
                0x0000000008002f94                PVD_IRQHandler
                0x0000000008002f94                TAMP_STAMP_IRQHandler
                0x0000000008002f94                CAN2_RX1_IRQHandler
                0x0000000008002f94                EXTI3_IRQHandler
                0x0000000008002f94                TIM8_TRG_COM_TIM14_IRQHandler
                0x0000000008002f94                TIM1_UP_TIM10_IRQHandler
                0x0000000008002f94                TIM8_UP_TIM13_IRQHandler
                0x0000000008002f94                I2C3_ER_IRQHandler
                0x0000000008002f94                EXTI0_IRQHandler
                0x0000000008002f94                I2C2_EV_IRQHandler
                0x0000000008002f94                DMA1_Stream2_IRQHandler
                0x0000000008002f94                CAN1_RX0_IRQHandler
                0x0000000008002f94                FPU_IRQHandler
                0x0000000008002f94                OTG_HS_WKUP_IRQHandler
                0x0000000008002f94                LTDC_ER_IRQHandler
                0x0000000008002f94                CAN2_SCE_IRQHandler
                0x0000000008002f94                DMA2_Stream2_IRQHandler
                0x0000000008002f94                SPI1_IRQHandler
                0x0000000008002f94                TIM1_BRK_TIM9_IRQHandler
                0x0000000008002f94                DCMI_IRQHandler
                0x0000000008002f94                CAN2_RX0_IRQHandler
                0x0000000008002f94                DMA2_Stream3_IRQHandler
                0x0000000008002f94                SAI2_IRQHandler
                0x0000000008002f94                USART6_IRQHandler
                0x0000000008002f94                USART3_IRQHandler
                0x0000000008002f94                CAN1_RX1_IRQHandler
                0x0000000008002f94                UART5_IRQHandler
                0x0000000008002f94                DMA2_Stream0_IRQHandler
                0x0000000008002f94                TIM4_IRQHandler
                0x0000000008002f94                QUADSPI_IRQHandler
                0x0000000008002f94                I2C1_EV_IRQHandler
                0x0000000008002f94                DMA1_Stream6_IRQHandler
                0x0000000008002f94                DMA1_Stream1_IRQHandler
                0x0000000008002f94                UART4_IRQHandler
                0x0000000008002f94                TIM3_IRQHandler
                0x0000000008002f94                RCC_IRQHandler
                0x0000000008002f94                TIM8_BRK_TIM12_IRQHandler
                0x0000000008002f94                Default_Handler
                0x0000000008002f94                CEC_IRQHandler
                0x0000000008002f94                EXTI15_10_IRQHandler
                0x0000000008002f94                ADC_IRQHandler
                0x0000000008002f94                DMA1_Stream7_IRQHandler
                0x0000000008002f94                SPI5_IRQHandler
                0x0000000008002f94                TIM7_IRQHandler
                0x0000000008002f94                SDMMC1_IRQHandler
                0x0000000008002f94                CAN2_TX_IRQHandler
                0x0000000008002f94                TIM5_IRQHandler
                0x0000000008002f94                DMA2_Stream7_IRQHandler
                0x0000000008002f94                I2C3_EV_IRQHandler
                0x0000000008002f94                EXTI9_5_IRQHandler
                0x0000000008002f94                RTC_WKUP_IRQHandler
                0x0000000008002f94                LTDC_IRQHandler
                0x0000000008002f94                ETH_WKUP_IRQHandler
                0x0000000008002f94                SPDIF_RX_IRQHandler
                0x0000000008002f94                SPI2_IRQHandler
                0x0000000008002f94                OTG_HS_EP1_IN_IRQHandler
                0x0000000008002f94                DMA1_Stream0_IRQHandler
                0x0000000008002f94                CAN1_TX_IRQHandler
                0x0000000008002f94                EXTI4_IRQHandler
                0x0000000008002f94                RNG_IRQHandler
                0x0000000008002f94                ETH_IRQHandler
                0x0000000008002f94                OTG_HS_EP1_OUT_IRQHandler
                0x0000000008002f94                WWDG_IRQHandler
                0x0000000008002f94                SPI6_IRQHandler
                0x0000000008002f94                I2C4_EV_IRQHandler
                0x0000000008002f94                TIM2_IRQHandler
                0x0000000008002f94                OTG_FS_WKUP_IRQHandler
                0x0000000008002f94                TIM1_TRG_COM_TIM11_IRQHandler
                0x0000000008002f94                OTG_HS_IRQHandler
                0x0000000008002f94                DMA2D_IRQHandler
                0x0000000008002f94                EXTI1_IRQHandler
                0x0000000008002f94                UART7_IRQHandler
                0x0000000008002f94                USART2_IRQHandler
                0x0000000008002f94                I2C2_ER_IRQHandler
                0x0000000008002f94                DMA2_Stream1_IRQHandler
                0x0000000008002f94                CAN1_SCE_IRQHandler
                0x0000000008002f94                FLASH_IRQHandler
                0x0000000008002f94                DMA2_Stream4_IRQHandler
                0x0000000008002f94                USART1_IRQHandler
                0x0000000008002f94                OTG_FS_IRQHandler
                0x0000000008002f94                SPI3_IRQHandler
                0x0000000008002f94                DMA1_Stream4_IRQHandler
                0x0000000008002f94                I2C1_ER_IRQHandler
                0x0000000008002f94                FMC_IRQHandler
                0x0000000008002f94                LPTIM1_IRQHandler
                0x0000000008002f94                I2C4_ER_IRQHandler
                0x0000000008002f94                DMA2_Stream6_IRQHandler
                0x0000000008002f94                SAI1_IRQHandler
                0x0000000008002f94                DMA1_Stream3_IRQHandler
 *fill*         0x0000000008002f96        0x2 
 .text.sprintf  0x0000000008002f98       0x40 c:/users/billa/appdata/roaming/code/user/globalstorage/bmd.stm32-for-vscode/@xpack-dev-tools/arm-none-eabi-gcc/12.2.1-1.2.1/.content/bin/../lib/gcc/arm-none-eabi/12.2.1/../../../../arm-none-eabi/lib/thumb/v7e-m+fp/hard\libc_nano.a(libc_a-sprintf.o)
                0x0000000008002f98                siprintf
                0x0000000008002f98                sprintf
 .text.memset   0x0000000008002fd8       0x10 c:/users/billa/appdata/roaming/code/user/globalstorage/bmd.stm32-for-vscode/@xpack-dev-tools/arm-none-eabi-gcc/12.2.1-1.2.1/.content/bin/../lib/gcc/arm-none-eabi/12.2.1/../../../../arm-none-eabi/lib/thumb/v7e-m+fp/hard\libc_nano.a(libc_a-memset.o)
                0x0000000008002fd8                memset
 .text.__libc_init_array
                0x0000000008002fe8       0x48 c:/users/billa/appdata/roaming/code/user/globalstorage/bmd.stm32-for-vscode/@xpack-dev-tools/arm-none-eabi-gcc/12.2.1-1.2.1/.content/bin/../lib/gcc/arm-none-eabi/12.2.1/../../../../arm-none-eabi/lib/thumb/v7e-m+fp/hard\libc_nano.a(libc_a-init.o)
                0x0000000008002fe8                __libc_init_array
 .text.__retarget_lock_acquire_recursive
                0x0000000008003030        0x2 c:/users/billa/appdata/roaming/code/user/globalstorage/bmd.stm32-for-vscode/@xpack-dev-tools/arm-none-eabi-gcc/12.2.1-1.2.1/.content/bin/../lib/gcc/arm-none-eabi/12.2.1/../../../../arm-none-eabi/lib/thumb/v7e-m+fp/hard\libc_nano.a(libc_a-lock.o)
                0x0000000008003030                __retarget_lock_acquire_recursive
 .text.__retarget_lock_release_recursive
                0x0000000008003032        0x2 c:/users/billa/appdata/roaming/code/user/globalstorage/bmd.stm32-for-vscode/@xpack-dev-tools/arm-none-eabi-gcc/12.2.1-1.2.1/.content/bin/../lib/gcc/arm-none-eabi/12.2.1/../../../../arm-none-eabi/lib/thumb/v7e-m+fp/hard\libc_nano.a(libc_a-lock.o)
                0x0000000008003032                __retarget_lock_release_recursive
 .text.memcpy   0x0000000008003034       0x1c c:/users/billa/appdata/roaming/code/user/globalstorage/bmd.stm32-for-vscode/@xpack-dev-tools/arm-none-eabi-gcc/12.2.1-1.2.1/.content/bin/../lib/gcc/arm-none-eabi/12.2.1/../../../../arm-none-eabi/lib/thumb/v7e-m+fp/hard\libc_nano.a(libc_a-memcpy-stub.o)
                0x0000000008003034                memcpy
 .text._free_r  0x0000000008003050       0x94 c:/users/billa/appdata/roaming/code/user/globalstorage/bmd.stm32-for-vscode/@xpack-dev-tools/arm-none-eabi-gcc/12.2.1-1.2.1/.content/bin/../lib/gcc/arm-none-eabi/12.2.1/../../../../arm-none-eabi/lib/thumb/v7e-m+fp/hard\libc_nano.a(libc_a-freer.o)
                0x0000000008003050                _free_r
 .text.sbrk_aligned
                0x00000000080030e4       0x44 c:/users/billa/appdata/roaming/code/user/globalstorage/bmd.stm32-for-vscode/@xpack-dev-tools/arm-none-eabi-gcc/12.2.1-1.2.1/.content/bin/../lib/gcc/arm-none-eabi/12.2.1/../../../../arm-none-eabi/lib/thumb/v7e-m+fp/hard\libc_nano.a(libc_a-mallocr.o)
 .text._malloc_r
                0x0000000008003128       0xf0 c:/users/billa/appdata/roaming/code/user/globalstorage/bmd.stm32-for-vscode/@xpack-dev-tools/arm-none-eabi-gcc/12.2.1-1.2.1/.content/bin/../lib/gcc/arm-none-eabi/12.2.1/../../../../arm-none-eabi/lib/thumb/v7e-m+fp/hard\libc_nano.a(libc_a-mallocr.o)
                0x0000000008003128                _malloc_r
 .text.__malloc_lock
                0x0000000008003218        0xc c:/users/billa/appdata/roaming/code/user/globalstorage/bmd.stm32-for-vscode/@xpack-dev-tools/arm-none-eabi-gcc/12.2.1-1.2.1/.content/bin/../lib/gcc/arm-none-eabi/12.2.1/../../../../arm-none-eabi/lib/thumb/v7e-m+fp/hard\libc_nano.a(libc_a-mlock.o)
                0x0000000008003218                __malloc_lock
 .text.__malloc_unlock
                0x0000000008003224        0xc c:/users/billa/appdata/roaming/code/user/globalstorage/bmd.stm32-for-vscode/@xpack-dev-tools/arm-none-eabi-gcc/12.2.1-1.2.1/.content/bin/../lib/gcc/arm-none-eabi/12.2.1/../../../../arm-none-eabi/lib/thumb/v7e-m+fp/hard\libc_nano.a(libc_a-mlock.o)
                0x0000000008003224                __malloc_unlock
 .text.__ssputs_r
                0x0000000008003230       0xb6 c:/users/billa/appdata/roaming/code/user/globalstorage/bmd.stm32-for-vscode/@xpack-dev-tools/arm-none-eabi-gcc/12.2.1-1.2.1/.content/bin/../lib/gcc/arm-none-eabi/12.2.1/../../../../arm-none-eabi/lib/thumb/v7e-m+fp/hard\libc_nano.a(libc_a-nano-svfprintf.o)
                0x0000000008003230                __ssputs_r
 *fill*         0x00000000080032e6        0x2 
 .text._svfprintf_r
                0x00000000080032e8      0x1f8 c:/users/billa/appdata/roaming/code/user/globalstorage/bmd.stm32-for-vscode/@xpack-dev-tools/arm-none-eabi-gcc/12.2.1-1.2.1/.content/bin/../lib/gcc/arm-none-eabi/12.2.1/../../../../arm-none-eabi/lib/thumb/v7e-m+fp/hard\libc_nano.a(libc_a-nano-svfprintf.o)
                0x00000000080032e8                _svfiprintf_r
                0x00000000080032e8                _svfprintf_r
 .text._printf_common
                0x00000000080034e0       0xda c:/users/billa/appdata/roaming/code/user/globalstorage/bmd.stm32-for-vscode/@xpack-dev-tools/arm-none-eabi-gcc/12.2.1-1.2.1/.content/bin/../lib/gcc/arm-none-eabi/12.2.1/../../../../arm-none-eabi/lib/thumb/v7e-m+fp/hard\libc_nano.a(libc_a-nano-vfprintf_i.o)
                0x00000000080034e0                _printf_common
 *fill*         0x00000000080035ba        0x2 
 .text._printf_i
                0x00000000080035bc      0x258 c:/users/billa/appdata/roaming/code/user/globalstorage/bmd.stm32-for-vscode/@xpack-dev-tools/arm-none-eabi-gcc/12.2.1-1.2.1/.content/bin/../lib/gcc/arm-none-eabi/12.2.1/../../../../arm-none-eabi/lib/thumb/v7e-m+fp/hard\libc_nano.a(libc_a-nano-vfprintf_i.o)
                0x00000000080035bc                _printf_i
 .text.memmove  0x0000000008003814       0x34 c:/users/billa/appdata/roaming/code/user/globalstorage/bmd.stm32-for-vscode/@xpack-dev-tools/arm-none-eabi-gcc/12.2.1-1.2.1/.content/bin/../lib/gcc/arm-none-eabi/12.2.1/../../../../arm-none-eabi/lib/thumb/v7e-m+fp/hard\libc_nano.a(libc_a-memmove.o)
                0x0000000008003814                memmove
 .text._sbrk_r  0x0000000008003848       0x20 c:/users/billa/appdata/roaming/code/user/globalstorage/bmd.stm32-for-vscode/@xpack-dev-tools/arm-none-eabi-gcc/12.2.1-1.2.1/.content/bin/../lib/gcc/arm-none-eabi/12.2.1/../../../../arm-none-eabi/lib/thumb/v7e-m+fp/hard\libc_nano.a(libc_a-sbrkr.o)
                0x0000000008003848                _sbrk_r
 .text._realloc_r
                0x0000000008003868       0x5c c:/users/billa/appdata/roaming/code/user/globalstorage/bmd.stm32-for-vscode/@xpack-dev-tools/arm-none-eabi-gcc/12.2.1-1.2.1/.content/bin/../lib/gcc/arm-none-eabi/12.2.1/../../../../arm-none-eabi/lib/thumb/v7e-m+fp/hard\libc_nano.a(libc_a-reallocr.o)
                0x0000000008003868                _realloc_r
 .text._malloc_usable_size_r
                0x00000000080038c4       0x10 c:/users/billa/appdata/roaming/code/user/globalstorage/bmd.stm32-for-vscode/@xpack-dev-tools/arm-none-eabi-gcc/12.2.1-1.2.1/.content/bin/../lib/gcc/arm-none-eabi/12.2.1/../../../../arm-none-eabi/lib/thumb/v7e-m+fp/hard\libc_nano.a(libc_a-msizer.o)
                0x00000000080038c4                _malloc_usable_size_r
 .text._sbrk    0x00000000080038d4       0x1c c:/users/billa/appdata/roaming/code/user/globalstorage/bmd.stm32-for-vscode/@xpack-dev-tools/arm-none-eabi-gcc/12.2.1-1.2.1/.content/bin/../lib/gcc/arm-none-eabi/12.2.1/../../../../arm-none-eabi/lib/thumb/v7e-m+fp/hard\libnosys.a(sbrk.o)
                0x00000000080038d4                _sbrk
 .text.__udivmoddi4
                0x00000000080038f0      0x2bc c:/users/billa/appdata/roaming/code/user/globalstorage/bmd.stm32-for-vscode/@xpack-dev-tools/arm-none-eabi-gcc/12.2.1-1.2.1/.content/bin/../lib/gcc/arm-none-eabi/12.2.1/thumb/v7e-m+fp/hard\libgcc.a(_udivmoddi4.o)
                0x00000000080038f0                __udivmoddi4
 *(.glue_7)
 .glue_7        0x0000000008003bac        0x0 linker stubs
 *(.glue_7t)
 .glue_7t       0x0000000008003bac        0x0 linker stubs
 *(.eh_frame)
 .eh_frame      0x0000000008003bac        0x0 c:/users/billa/appdata/roaming/code/user/globalstorage/bmd.stm32-for-vscode/@xpack-dev-tools/arm-none-eabi-gcc/12.2.1-1.2.1/.content/bin/../lib/gcc/arm-none-eabi/12.2.1/thumb/v7e-m+fp/hard/crtbegin.o
 *(.init)
 .init          0x0000000008003bac        0x4 c:/users/billa/appdata/roaming/code/user/globalstorage/bmd.stm32-for-vscode/@xpack-dev-tools/arm-none-eabi-gcc/12.2.1-1.2.1/.content/bin/../lib/gcc/arm-none-eabi/12.2.1/thumb/v7e-m+fp/hard/crti.o
                0x0000000008003bac                _init
 .init          0x0000000008003bb0        0x8 c:/users/billa/appdata/roaming/code/user/globalstorage/bmd.stm32-for-vscode/@xpack-dev-tools/arm-none-eabi-gcc/12.2.1-1.2.1/.content/bin/../lib/gcc/arm-none-eabi/12.2.1/thumb/v7e-m+fp/hard/crtn.o
 *(.fini)
 .fini          0x0000000008003bb8        0x4 c:/users/billa/appdata/roaming/code/user/globalstorage/bmd.stm32-for-vscode/@xpack-dev-tools/arm-none-eabi-gcc/12.2.1-1.2.1/.content/bin/../lib/gcc/arm-none-eabi/12.2.1/thumb/v7e-m+fp/hard/crti.o
                0x0000000008003bb8                _fini
 .fini          0x0000000008003bbc        0x8 c:/users/billa/appdata/roaming/code/user/globalstorage/bmd.stm32-for-vscode/@xpack-dev-tools/arm-none-eabi-gcc/12.2.1-1.2.1/.content/bin/../lib/gcc/arm-none-eabi/12.2.1/thumb/v7e-m+fp/hard/crtn.o
                0x0000000008003bc4                . = ALIGN (0x4)
                0x0000000008003bc4                _etext = .

.vfp11_veneer   0x0000000008003bc4        0x0
 .vfp11_veneer  0x0000000008003bc4        0x0 linker stubs

.v4_bx          0x0000000008003bc4        0x0
 .v4_bx         0x0000000008003bc4        0x0 linker stubs

.iplt           0x0000000008003bc4        0x0
 .iplt          0x0000000008003bc4        0x0 c:/users/billa/appdata/roaming/code/user/globalstorage/bmd.stm32-for-vscode/@xpack-dev-tools/arm-none-eabi-gcc/12.2.1-1.2.1/.content/bin/../lib/gcc/arm-none-eabi/12.2.1/thumb/v7e-m+fp/hard/crtbegin.o

.rodata         0x0000000008003bc4       0xbc
                0x0000000008003bc4                . = ALIGN (0x4)
 *(.rodata)
 .rodata        0x0000000008003bc4       0x1c build/freertos.o
 *(.rodata*)
 .rodata.str1.4
                0x0000000008003be0        0xc build/freertos.o
 .rodata.LedBlinker.str1.4
                0x0000000008003bec       0x35 build/main.o
 *fill*         0x0000000008003c21        0x3 
 .rodata.main.str1.4
                0x0000000008003c24        0x9 build/main.o
 *fill*         0x0000000008003c2d        0x3 
 .rodata.APBPrescTable
                0x0000000008003c30        0x8 build/system_stm32f7xx.o
                0x0000000008003c30                APBPrescTable
 .rodata.AHBPrescTable
                0x0000000008003c38       0x10 build/system_stm32f7xx.o
                0x0000000008003c38                AHBPrescTable
 .rodata.vTaskStartScheduler.str1.4
                0x0000000008003c48        0x5 build/tasks.o
 .rodata._svfprintf_r.str1.1
                0x0000000008003c4d       0x11 c:/users/billa/appdata/roaming/code/user/globalstorage/bmd.stm32-for-vscode/@xpack-dev-tools/arm-none-eabi-gcc/12.2.1-1.2.1/.content/bin/../lib/gcc/arm-none-eabi/12.2.1/../../../../arm-none-eabi/lib/thumb/v7e-m+fp/hard\libc_nano.a(libc_a-nano-svfprintf.o)
 .rodata._printf_i.str1.1
                0x0000000008003c5e       0x22 c:/users/billa/appdata/roaming/code/user/globalstorage/bmd.stm32-for-vscode/@xpack-dev-tools/arm-none-eabi-gcc/12.2.1-1.2.1/.content/bin/../lib/gcc/arm-none-eabi/12.2.1/../../../../arm-none-eabi/lib/thumb/v7e-m+fp/hard\libc_nano.a(libc_a-nano-vfprintf_i.o)
                0x0000000008003c80                . = ALIGN (0x4)

.ARM.extab
 *(.ARM.extab* .gnu.linkonce.armextab.*)

.ARM            0x0000000008003c80        0x8
                0x0000000008003c80                __exidx_start = .
 *(.ARM.exidx*)
 .ARM.exidx.text.__udivmoddi4
                0x0000000008003c80        0x8 c:/users/billa/appdata/roaming/code/user/globalstorage/bmd.stm32-for-vscode/@xpack-dev-tools/arm-none-eabi-gcc/12.2.1-1.2.1/.content/bin/../lib/gcc/arm-none-eabi/12.2.1/thumb/v7e-m+fp/hard\libgcc.a(_udivmoddi4.o)
                0x0000000008003c88                __exidx_end = .

.rel.dyn        0x0000000008003c88        0x0
 .rel.iplt      0x0000000008003c88        0x0 c:/users/billa/appdata/roaming/code/user/globalstorage/bmd.stm32-for-vscode/@xpack-dev-tools/arm-none-eabi-gcc/12.2.1-1.2.1/.content/bin/../lib/gcc/arm-none-eabi/12.2.1/thumb/v7e-m+fp/hard/crtbegin.o

.preinit_array  0x0000000008003c88        0x0
                0x0000000008003c88                PROVIDE (__preinit_array_start = .)
 *(.preinit_array*)
                0x0000000008003c88                PROVIDE (__preinit_array_end = .)

.init_array     0x0000000008003c88        0x4
                0x0000000008003c88                PROVIDE (__init_array_start = .)
 *(SORT_BY_NAME(.init_array.*))
 *(.init_array*)
 .init_array    0x0000000008003c88        0x4 c:/users/billa/appdata/roaming/code/user/globalstorage/bmd.stm32-for-vscode/@xpack-dev-tools/arm-none-eabi-gcc/12.2.1-1.2.1/.content/bin/../lib/gcc/arm-none-eabi/12.2.1/thumb/v7e-m+fp/hard/crtbegin.o
                0x0000000008003c8c                PROVIDE (__init_array_end = .)

.fini_array     0x0000000008003c8c        0x4
                0x0000000008003c8c                PROVIDE (__fini_array_start = .)
 *(SORT_BY_NAME(.fini_array.*))
 *(.fini_array*)
 .fini_array    0x0000000008003c8c        0x4 c:/users/billa/appdata/roaming/code/user/globalstorage/bmd.stm32-for-vscode/@xpack-dev-tools/arm-none-eabi-gcc/12.2.1-1.2.1/.content/bin/../lib/gcc/arm-none-eabi/12.2.1/thumb/v7e-m+fp/hard/crtbegin.o
                0x0000000008003c90                PROVIDE (__fini_array_end = .)
                0x0000000008003c90                _sidata = LOADADDR (.data)

.data           0x0000000020000000       0x60 load address 0x0000000008003c90
                0x0000000020000000                . = ALIGN (0x4)
                0x0000000020000000                _sdata = .
 *(.data)
 *(.data*)
 .data.SystemCoreClock
                0x0000000020000000        0x4 build/system_stm32f7xx.o
                0x0000000020000000                SystemCoreClock
 .data.uwTickFreq
                0x0000000020000004        0x1 build/stm32f7xx_hal.o
                0x0000000020000004                uwTickFreq
 *fill*         0x0000000020000005        0x3 
 .data.uwTickPrio
                0x0000000020000008        0x4 build/stm32f7xx_hal.o
                0x0000000020000008                uwTickPrio
 .data.uxCriticalNesting
                0x000000002000000c        0x4 build/port.o
 .data._impure_ptr
                0x0000000020000010        0x4 c:/users/billa/appdata/roaming/code/user/globalstorage/bmd.stm32-for-vscode/@xpack-dev-tools/arm-none-eabi-gcc/12.2.1-1.2.1/.content/bin/../lib/gcc/arm-none-eabi/12.2.1/../../../../arm-none-eabi/lib/thumb/v7e-m+fp/hard\libc_nano.a(libc_a-impure.o)
                0x0000000020000010                _impure_ptr
 .data._impure_data
                0x0000000020000014       0x4c c:/users/billa/appdata/roaming/code/user/globalstorage/bmd.stm32-for-vscode/@xpack-dev-tools/arm-none-eabi-gcc/12.2.1-1.2.1/.content/bin/../lib/gcc/arm-none-eabi/12.2.1/../../../../arm-none-eabi/lib/thumb/v7e-m+fp/hard\libc_nano.a(libc_a-impure.o)
                0x0000000020000014                _impure_data
                0x0000000020000060                . = ALIGN (0x4)
                0x0000000020000060                _edata = .

.igot.plt       0x0000000020000060        0x0 load address 0x0000000008003cf0
 .igot.plt      0x0000000020000060        0x0 c:/users/billa/appdata/roaming/code/user/globalstorage/bmd.stm32-for-vscode/@xpack-dev-tools/arm-none-eabi-gcc/12.2.1-1.2.1/.content/bin/../lib/gcc/arm-none-eabi/12.2.1/thumb/v7e-m+fp/hard/crtbegin.o
                0x0000000020000060                . = ALIGN (0x4)

.bss            0x0000000020000060     0x41e4 load address 0x0000000008003cf0
                0x0000000020000060                _sbss = .
                0x0000000020000060                __bss_start__ = _sbss
 *(.bss)
 *(.bss*)
 .bss.completed.1
                0x0000000020000060        0x1 c:/users/billa/appdata/roaming/code/user/globalstorage/bmd.stm32-for-vscode/@xpack-dev-tools/arm-none-eabi-gcc/12.2.1-1.2.1/.content/bin/../lib/gcc/arm-none-eabi/12.2.1/thumb/v7e-m+fp/hard/crtbegin.o
 *fill*         0x0000000020000061        0x3 
 .bss.object.0  0x0000000020000064       0x18 c:/users/billa/appdata/roaming/code/user/globalstorage/bmd.stm32-for-vscode/@xpack-dev-tools/arm-none-eabi-gcc/12.2.1-1.2.1/.content/bin/../lib/gcc/arm-none-eabi/12.2.1/thumb/v7e-m+fp/hard/crtbegin.o
 .bss.xIdleStack
                0x000000002000007c      0x200 build/freertos.o
 .bss.xIdleTaskTCBBuffer
                0x000000002000027c       0x54 build/freertos.o
 .bss.defaultTaskHandle
                0x00000000200002d0        0x4 build/freertos.o
                0x00000000200002d0                defaultTaskHandle
 .bss.htim6     0x00000000200002d4       0x4c build/stm32f7xx_hal_timebase_tim.o
                0x00000000200002d4                htim6
 .bss.huart1    0x0000000020000320       0x88 build/usart.o
                0x0000000020000320                huart1
 .bss.uwTick    0x00000000200003a8        0x4 build/stm32f7xx_hal.o
                0x00000000200003a8                uwTick
 .bss.ulMaxPRIGROUPValue
                0x00000000200003ac        0x4 build/port.o
 .bss.ucMaxSysCallPriority
                0x00000000200003b0        0x1 build/port.o
 *fill*         0x00000000200003b1        0x3 
 .bss.xBlockAllocatedBit
                0x00000000200003b4        0x4 build/heap_4.o
 .bss.xMinimumEverFreeBytesRemaining
                0x00000000200003b8        0x4 build/heap_4.o
 .bss.xFreeBytesRemaining
                0x00000000200003bc        0x4 build/heap_4.o
 .bss.pxEnd     0x00000000200003c0        0x4 build/heap_4.o
 .bss.xStart    0x00000000200003c4        0x8 build/heap_4.o
 .bss.ucHeap    0x00000000200003cc     0x3c00 build/heap_4.o
 .bss.uxSchedulerSuspended
                0x0000000020003fcc        0x4 build/tasks.o
 .bss.xIdleTaskHandle
                0x0000000020003fd0        0x4 build/tasks.o
 .bss.xNextTaskUnblockTime
                0x0000000020003fd4        0x4 build/tasks.o
 .bss.uxTaskNumber
                0x0000000020003fd8        0x4 build/tasks.o
 .bss.xNumOfOverflows
                0x0000000020003fdc        0x4 build/tasks.o
 .bss.xYieldPending
                0x0000000020003fe0        0x4 build/tasks.o
 .bss.uxPendedTicks
                0x0000000020003fe4        0x4 build/tasks.o
 .bss.xSchedulerRunning
                0x0000000020003fe8        0x4 build/tasks.o
 .bss.uxTopReadyPriority
                0x0000000020003fec        0x4 build/tasks.o
 .bss.xTickCount
                0x0000000020003ff0        0x4 build/tasks.o
 .bss.uxCurrentNumberOfTasks
                0x0000000020003ff4        0x4 build/tasks.o
 .bss.xSuspendedTaskList
                0x0000000020003ff8       0x14 build/tasks.o
 .bss.uxDeletedTasksWaitingCleanUp
                0x000000002000400c        0x4 build/tasks.o
 .bss.xTasksWaitingTermination
                0x0000000020004010       0x14 build/tasks.o
 .bss.xPendingReadyList
                0x0000000020004024       0x14 build/tasks.o
 .bss.pxOverflowDelayedTaskList
                0x0000000020004038        0x4 build/tasks.o
 .bss.pxDelayedTaskList
                0x000000002000403c        0x4 build/tasks.o
 .bss.xDelayedTaskList2
                0x0000000020004040       0x14 build/tasks.o
 .bss.xDelayedTaskList1
                0x0000000020004054       0x14 build/tasks.o
 .bss.pxReadyTasksLists
                0x0000000020004068       0x8c build/tasks.o
 .bss.pxCurrentTCB
                0x00000000200040f4        0x4 build/tasks.o
                0x00000000200040f4                pxCurrentTCB
 .bss.__sf      0x00000000200040f8      0x138 c:/users/billa/appdata/roaming/code/user/globalstorage/bmd.stm32-for-vscode/@xpack-dev-tools/arm-none-eabi-gcc/12.2.1-1.2.1/.content/bin/../lib/gcc/arm-none-eabi/12.2.1/../../../../arm-none-eabi/lib/thumb/v7e-m+fp/hard\libc_nano.a(libc_a-findfp.o)
                0x00000000200040f8                __sf
 .bss.errno     0x0000000020004230        0x4 c:/users/billa/appdata/roaming/code/user/globalstorage/bmd.stm32-for-vscode/@xpack-dev-tools/arm-none-eabi-gcc/12.2.1-1.2.1/.content/bin/../lib/gcc/arm-none-eabi/12.2.1/../../../../arm-none-eabi/lib/thumb/v7e-m+fp/hard\libc_nano.a(libc_a-reent.o)
                0x0000000020004230                errno
 .bss.__lock___malloc_recursive_mutex
                0x0000000020004234        0x1 c:/users/billa/appdata/roaming/code/user/globalstorage/bmd.stm32-for-vscode/@xpack-dev-tools/arm-none-eabi-gcc/12.2.1-1.2.1/.content/bin/../lib/gcc/arm-none-eabi/12.2.1/../../../../arm-none-eabi/lib/thumb/v7e-m+fp/hard\libc_nano.a(libc_a-lock.o)
                0x0000000020004234                __lock___malloc_recursive_mutex
 *fill*         0x0000000020004235        0x3 
 .bss.__malloc_sbrk_start
                0x0000000020004238        0x4 c:/users/billa/appdata/roaming/code/user/globalstorage/bmd.stm32-for-vscode/@xpack-dev-tools/arm-none-eabi-gcc/12.2.1-1.2.1/.content/bin/../lib/gcc/arm-none-eabi/12.2.1/../../../../arm-none-eabi/lib/thumb/v7e-m+fp/hard\libc_nano.a(libc_a-mallocr.o)
                0x0000000020004238                __malloc_sbrk_start
 .bss.__malloc_free_list
                0x000000002000423c        0x4 c:/users/billa/appdata/roaming/code/user/globalstorage/bmd.stm32-for-vscode/@xpack-dev-tools/arm-none-eabi-gcc/12.2.1-1.2.1/.content/bin/../lib/gcc/arm-none-eabi/12.2.1/../../../../arm-none-eabi/lib/thumb/v7e-m+fp/hard\libc_nano.a(libc_a-mallocr.o)
                0x000000002000423c                __malloc_free_list
 .bss.heap_end.0
                0x0000000020004240        0x4 c:/users/billa/appdata/roaming/code/user/globalstorage/bmd.stm32-for-vscode/@xpack-dev-tools/arm-none-eabi-gcc/12.2.1-1.2.1/.content/bin/../lib/gcc/arm-none-eabi/12.2.1/../../../../arm-none-eabi/lib/thumb/v7e-m+fp/hard\libnosys.a(sbrk.o)
 *(COMMON)
                0x0000000020004244                . = ALIGN (0x4)
                0x0000000020004244                _ebss = .
                0x0000000020004244                __bss_end__ = _ebss

._user_heap_stack
                0x0000000020004244      0x604 load address 0x0000000008003cf0
                0x0000000020004248                . = ALIGN (0x8)
 *fill*         0x0000000020004244        0x4 
                0x0000000020004248                PROVIDE (end = .)
                [!provide]                        PROVIDE (_end = .)
                0x0000000020004448                . = (. + _Min_Heap_Size)
 *fill*         0x0000000020004248      0x200 
                0x0000000020004848                . = (. + _Min_Stack_Size)
 *fill*         0x0000000020004448      0x400 
                0x0000000020004848                . = ALIGN (0x8)

/DISCARD/
 libc.a(*)
 libm.a(*)
 libgcc.a(*)

.ARM.attributes
                0x0000000000000000       0x30
 *(.ARM.attributes)
 .ARM.attributes
                0x0000000000000000       0x22 c:/users/billa/appdata/roaming/code/user/globalstorage/bmd.stm32-for-vscode/@xpack-dev-tools/arm-none-eabi-gcc/12.2.1-1.2.1/.content/bin/../lib/gcc/arm-none-eabi/12.2.1/thumb/v7e-m+fp/hard/crti.o
 .ARM.attributes
                0x0000000000000022       0x34 c:/users/billa/appdata/roaming/code/user/globalstorage/bmd.stm32-for-vscode/@xpack-dev-tools/arm-none-eabi-gcc/12.2.1-1.2.1/.content/bin/../lib/gcc/arm-none-eabi/12.2.1/thumb/v7e-m+fp/hard/crtbegin.o
 .ARM.attributes
                0x0000000000000056       0x34 build/freertos.o
 .ARM.attributes
                0x000000000000008a       0x34 build/gpio.o
 .ARM.attributes
                0x00000000000000be       0x34 build/main.o
 .ARM.attributes
                0x00000000000000f2       0x34 build/stm32f7xx_hal_msp.o
 .ARM.attributes
                0x0000000000000126       0x34 build/stm32f7xx_hal_timebase_tim.o
 .ARM.attributes
                0x000000000000015a       0x34 build/stm32f7xx_it.o
 .ARM.attributes
                0x000000000000018e       0x34 build/system_stm32f7xx.o
 .ARM.attributes
                0x00000000000001c2       0x34 build/usart.o
 .ARM.attributes
                0x00000000000001f6       0x34 build/stm32f7xx_hal.o
 .ARM.attributes
                0x000000000000022a       0x34 build/stm32f7xx_hal_cortex.o
 .ARM.attributes
                0x000000000000025e       0x34 build/stm32f7xx_hal_gpio.o
 .ARM.attributes
                0x0000000000000292       0x34 build/stm32f7xx_hal_pwr_ex.o
 .ARM.attributes
                0x00000000000002c6       0x34 build/stm32f7xx_hal_rcc.o
 .ARM.attributes
                0x00000000000002fa       0x34 build/stm32f7xx_hal_rcc_ex.o
 .ARM.attributes
                0x000000000000032e       0x34 build/stm32f7xx_hal_tim.o
 .ARM.attributes
                0x0000000000000362       0x34 build/stm32f7xx_hal_tim_ex.o
 .ARM.attributes
                0x0000000000000396       0x34 build/stm32f7xx_hal_uart.o
 .ARM.attributes
                0x00000000000003ca       0x34 build/cmsis_os.o
 .ARM.attributes
                0x00000000000003fe       0x34 build/list.o
 .ARM.attributes
                0x0000000000000432       0x34 build/port.o
 .ARM.attributes
                0x0000000000000466       0x34 build/heap_4.o
 .ARM.attributes
                0x000000000000049a       0x34 build/tasks.o
 .ARM.attributes
                0x00000000000004ce       0x21 build/startup_stm32f746xx.o
 .ARM.attributes
                0x00000000000004ef       0x34 c:/users/billa/appdata/roaming/code/user/globalstorage/bmd.stm32-for-vscode/@xpack-dev-tools/arm-none-eabi-gcc/12.2.1-1.2.1/.content/bin/../lib/gcc/arm-none-eabi/12.2.1/../../../../arm-none-eabi/lib/thumb/v7e-m+fp/hard\libc_nano.a(libc_a-findfp.o)
 .ARM.attributes
                0x0000000000000523       0x34 c:/users/billa/appdata/roaming/code/user/globalstorage/bmd.stm32-for-vscode/@xpack-dev-tools/arm-none-eabi-gcc/12.2.1-1.2.1/.content/bin/../lib/gcc/arm-none-eabi/12.2.1/../../../../arm-none-eabi/lib/thumb/v7e-m+fp/hard\libc_nano.a(libc_a-sprintf.o)
 .ARM.attributes
                0x0000000000000557       0x34 c:/users/billa/appdata/roaming/code/user/globalstorage/bmd.stm32-for-vscode/@xpack-dev-tools/arm-none-eabi-gcc/12.2.1-1.2.1/.content/bin/../lib/gcc/arm-none-eabi/12.2.1/../../../../arm-none-eabi/lib/thumb/v7e-m+fp/hard\libc_nano.a(libc_a-memset.o)
 .ARM.attributes
                0x000000000000058b       0x34 c:/users/billa/appdata/roaming/code/user/globalstorage/bmd.stm32-for-vscode/@xpack-dev-tools/arm-none-eabi-gcc/12.2.1-1.2.1/.content/bin/../lib/gcc/arm-none-eabi/12.2.1/../../../../arm-none-eabi/lib/thumb/v7e-m+fp/hard\libc_nano.a(libc_a-reent.o)
 .ARM.attributes
                0x00000000000005bf       0x34 c:/users/billa/appdata/roaming/code/user/globalstorage/bmd.stm32-for-vscode/@xpack-dev-tools/arm-none-eabi-gcc/12.2.1-1.2.1/.content/bin/../lib/gcc/arm-none-eabi/12.2.1/../../../../arm-none-eabi/lib/thumb/v7e-m+fp/hard\libc_nano.a(libc_a-impure.o)
 .ARM.attributes
                0x00000000000005f3       0x34 c:/users/billa/appdata/roaming/code/user/globalstorage/bmd.stm32-for-vscode/@xpack-dev-tools/arm-none-eabi-gcc/12.2.1-1.2.1/.content/bin/../lib/gcc/arm-none-eabi/12.2.1/../../../../arm-none-eabi/lib/thumb/v7e-m+fp/hard\libc_nano.a(libc_a-init.o)
 .ARM.attributes
                0x0000000000000627       0x34 c:/users/billa/appdata/roaming/code/user/globalstorage/bmd.stm32-for-vscode/@xpack-dev-tools/arm-none-eabi-gcc/12.2.1-1.2.1/.content/bin/../lib/gcc/arm-none-eabi/12.2.1/../../../../arm-none-eabi/lib/thumb/v7e-m+fp/hard\libc_nano.a(libc_a-lock.o)
 .ARM.attributes
                0x000000000000065b       0x34 c:/users/billa/appdata/roaming/code/user/globalstorage/bmd.stm32-for-vscode/@xpack-dev-tools/arm-none-eabi-gcc/12.2.1-1.2.1/.content/bin/../lib/gcc/arm-none-eabi/12.2.1/../../../../arm-none-eabi/lib/thumb/v7e-m+fp/hard\libc_nano.a(libc_a-memcpy-stub.o)
 .ARM.attributes
                0x000000000000068f       0x17 c:/users/billa/appdata/roaming/code/user/globalstorage/bmd.stm32-for-vscode/@xpack-dev-tools/arm-none-eabi-gcc/12.2.1-1.2.1/.content/bin/../lib/gcc/arm-none-eabi/12.2.1/../../../../arm-none-eabi/lib/thumb/v7e-m+fp/hard\libc_nano.a(libc_a-strlen.o)
 .ARM.attributes
                0x00000000000006a6       0x34 c:/users/billa/appdata/roaming/code/user/globalstorage/bmd.stm32-for-vscode/@xpack-dev-tools/arm-none-eabi-gcc/12.2.1-1.2.1/.content/bin/../lib/gcc/arm-none-eabi/12.2.1/../../../../arm-none-eabi/lib/thumb/v7e-m+fp/hard\libc_nano.a(libc_a-freer.o)
 .ARM.attributes
                0x00000000000006da       0x34 c:/users/billa/appdata/roaming/code/user/globalstorage/bmd.stm32-for-vscode/@xpack-dev-tools/arm-none-eabi-gcc/12.2.1-1.2.1/.content/bin/../lib/gcc/arm-none-eabi/12.2.1/../../../../arm-none-eabi/lib/thumb/v7e-m+fp/hard\libc_nano.a(libc_a-mallocr.o)
 .ARM.attributes
                0x000000000000070e       0x34 c:/users/billa/appdata/roaming/code/user/globalstorage/bmd.stm32-for-vscode/@xpack-dev-tools/arm-none-eabi-gcc/12.2.1-1.2.1/.content/bin/../lib/gcc/arm-none-eabi/12.2.1/../../../../arm-none-eabi/lib/thumb/v7e-m+fp/hard\libc_nano.a(libc_a-mlock.o)
 .ARM.attributes
                0x0000000000000742       0x34 c:/users/billa/appdata/roaming/code/user/globalstorage/bmd.stm32-for-vscode/@xpack-dev-tools/arm-none-eabi-gcc/12.2.1-1.2.1/.content/bin/../lib/gcc/arm-none-eabi/12.2.1/../../../../arm-none-eabi/lib/thumb/v7e-m+fp/hard\libc_nano.a(libc_a-nano-svfprintf.o)
 .ARM.attributes
                0x0000000000000776       0x34 c:/users/billa/appdata/roaming/code/user/globalstorage/bmd.stm32-for-vscode/@xpack-dev-tools/arm-none-eabi-gcc/12.2.1-1.2.1/.content/bin/../lib/gcc/arm-none-eabi/12.2.1/../../../../arm-none-eabi/lib/thumb/v7e-m+fp/hard\libc_nano.a(libc_a-nano-vfprintf_i.o)
 .ARM.attributes
                0x00000000000007aa       0x34 c:/users/billa/appdata/roaming/code/user/globalstorage/bmd.stm32-for-vscode/@xpack-dev-tools/arm-none-eabi-gcc/12.2.1-1.2.1/.content/bin/../lib/gcc/arm-none-eabi/12.2.1/../../../../arm-none-eabi/lib/thumb/v7e-m+fp/hard\libc_nano.a(libc_a-memmove.o)
 .ARM.attributes
                0x00000000000007de       0x34 c:/users/billa/appdata/roaming/code/user/globalstorage/bmd.stm32-for-vscode/@xpack-dev-tools/arm-none-eabi-gcc/12.2.1-1.2.1/.content/bin/../lib/gcc/arm-none-eabi/12.2.1/../../../../arm-none-eabi/lib/thumb/v7e-m+fp/hard\libc_nano.a(libc_a-sbrkr.o)
 .ARM.attributes
                0x0000000000000812       0x1c c:/users/billa/appdata/roaming/code/user/globalstorage/bmd.stm32-for-vscode/@xpack-dev-tools/arm-none-eabi-gcc/12.2.1-1.2.1/.content/bin/../lib/gcc/arm-none-eabi/12.2.1/../../../../arm-none-eabi/lib/thumb/v7e-m+fp/hard\libc_nano.a(libc_a-memchr.o)
 .ARM.attributes
                0x000000000000082e       0x34 c:/users/billa/appdata/roaming/code/user/globalstorage/bmd.stm32-for-vscode/@xpack-dev-tools/arm-none-eabi-gcc/12.2.1-1.2.1/.content/bin/../lib/gcc/arm-none-eabi/12.2.1/../../../../arm-none-eabi/lib/thumb/v7e-m+fp/hard\libc_nano.a(libc_a-reallocr.o)
 .ARM.attributes
                0x0000000000000862       0x34 c:/users/billa/appdata/roaming/code/user/globalstorage/bmd.stm32-for-vscode/@xpack-dev-tools/arm-none-eabi-gcc/12.2.1-1.2.1/.content/bin/../lib/gcc/arm-none-eabi/12.2.1/../../../../arm-none-eabi/lib/thumb/v7e-m+fp/hard\libc_nano.a(libc_a-msizer.o)
 .ARM.attributes
                0x0000000000000896       0x34 c:/users/billa/appdata/roaming/code/user/globalstorage/bmd.stm32-for-vscode/@xpack-dev-tools/arm-none-eabi-gcc/12.2.1-1.2.1/.content/bin/../lib/gcc/arm-none-eabi/12.2.1/../../../../arm-none-eabi/lib/thumb/v7e-m+fp/hard\libnosys.a(sbrk.o)
 .ARM.attributes
                0x00000000000008ca       0x22 c:/users/billa/appdata/roaming/code/user/globalstorage/bmd.stm32-for-vscode/@xpack-dev-tools/arm-none-eabi-gcc/12.2.1-1.2.1/.content/bin/../lib/gcc/arm-none-eabi/12.2.1/thumb/v7e-m+fp/hard\libgcc.a(_aeabi_uldivmod.o)
 .ARM.attributes
                0x00000000000008ec       0x34 c:/users/billa/appdata/roaming/code/user/globalstorage/bmd.stm32-for-vscode/@xpack-dev-tools/arm-none-eabi-gcc/12.2.1-1.2.1/.content/bin/../lib/gcc/arm-none-eabi/12.2.1/thumb/v7e-m+fp/hard\libgcc.a(_udivmoddi4.o)
 .ARM.attributes
                0x0000000000000920       0x22 c:/users/billa/appdata/roaming/code/user/globalstorage/bmd.stm32-for-vscode/@xpack-dev-tools/arm-none-eabi-gcc/12.2.1-1.2.1/.content/bin/../lib/gcc/arm-none-eabi/12.2.1/thumb/v7e-m+fp/hard\libgcc.a(_dvmd_tls.o)
 .ARM.attributes
                0x0000000000000942       0x22 c:/users/billa/appdata/roaming/code/user/globalstorage/bmd.stm32-for-vscode/@xpack-dev-tools/arm-none-eabi-gcc/12.2.1-1.2.1/.content/bin/../lib/gcc/arm-none-eabi/12.2.1/thumb/v7e-m+fp/hard/crtn.o
OUTPUT(build/firmware.elf elf32-littlearm)
LOAD linker stubs
LOAD c:/users/billa/appdata/roaming/code/user/globalstorage/bmd.stm32-for-vscode/@xpack-dev-tools/arm-none-eabi-gcc/12.2.1-1.2.1/.content/bin/../lib/gcc/arm-none-eabi/12.2.1/../../../../arm-none-eabi/lib/thumb/v7e-m+fp/hard\libc.a
LOAD c:/users/billa/appdata/roaming/code/user/globalstorage/bmd.stm32-for-vscode/@xpack-dev-tools/arm-none-eabi-gcc/12.2.1-1.2.1/.content/bin/../lib/gcc/arm-none-eabi/12.2.1/../../../../arm-none-eabi/lib/thumb/v7e-m+fp/hard\libm.a
LOAD c:/users/billa/appdata/roaming/code/user/globalstorage/bmd.stm32-for-vscode/@xpack-dev-tools/arm-none-eabi-gcc/12.2.1-1.2.1/.content/bin/../lib/gcc/arm-none-eabi/12.2.1/thumb/v7e-m+fp/hard\libgcc.a

.comment        0x0000000000000000       0x39
 .comment       0x0000000000000000       0x39 c:/users/billa/appdata/roaming/code/user/globalstorage/bmd.stm32-for-vscode/@xpack-dev-tools/arm-none-eabi-gcc/12.2.1-1.2.1/.content/bin/../lib/gcc/arm-none-eabi/12.2.1/thumb/v7e-m+fp/hard/crtbegin.o
                                         0x3a (size before relaxing)
 .comment       0x0000000000000039       0x3a build/freertos.o
 .comment       0x0000000000000039       0x3a build/gpio.o
 .comment       0x0000000000000039       0x3a build/main.o
 .comment       0x0000000000000039       0x3a build/stm32f7xx_hal_msp.o
 .comment       0x0000000000000039       0x3a build/stm32f7xx_hal_timebase_tim.o
 .comment       0x0000000000000039       0x3a build/stm32f7xx_it.o
 .comment       0x0000000000000039       0x3a build/system_stm32f7xx.o
 .comment       0x0000000000000039       0x3a build/usart.o
 .comment       0x0000000000000039       0x3a build/stm32f7xx_hal.o
 .comment       0x0000000000000039       0x3a build/stm32f7xx_hal_cortex.o
 .comment       0x0000000000000039       0x3a build/stm32f7xx_hal_gpio.o
 .comment       0x0000000000000039       0x3a build/stm32f7xx_hal_pwr_ex.o
 .comment       0x0000000000000039       0x3a build/stm32f7xx_hal_rcc.o
 .comment       0x0000000000000039       0x3a build/stm32f7xx_hal_rcc_ex.o
 .comment       0x0000000000000039       0x3a build/stm32f7xx_hal_tim.o
 .comment       0x0000000000000039       0x3a build/stm32f7xx_hal_tim_ex.o
 .comment       0x0000000000000039       0x3a build/stm32f7xx_hal_uart.o
 .comment       0x0000000000000039       0x3a build/cmsis_os.o
 .comment       0x0000000000000039       0x3a build/list.o
 .comment       0x0000000000000039       0x3a build/port.o
 .comment       0x0000000000000039       0x3a build/heap_4.o
 .comment       0x0000000000000039       0x3a build/tasks.o
 .comment       0x0000000000000039       0x3a c:/users/billa/appdata/roaming/code/user/globalstorage/bmd.stm32-for-vscode/@xpack-dev-tools/arm-none-eabi-gcc/12.2.1-1.2.1/.content/bin/../lib/gcc/arm-none-eabi/12.2.1/../../../../arm-none-eabi/lib/thumb/v7e-m+fp/hard\libc_nano.a(libc_a-findfp.o)
 .comment       0x0000000000000039       0x3a c:/users/billa/appdata/roaming/code/user/globalstorage/bmd.stm32-for-vscode/@xpack-dev-tools/arm-none-eabi-gcc/12.2.1-1.2.1/.content/bin/../lib/gcc/arm-none-eabi/12.2.1/../../../../arm-none-eabi/lib/thumb/v7e-m+fp/hard\libc_nano.a(libc_a-sprintf.o)
 .comment       0x0000000000000039       0x3a c:/users/billa/appdata/roaming/code/user/globalstorage/bmd.stm32-for-vscode/@xpack-dev-tools/arm-none-eabi-gcc/12.2.1-1.2.1/.content/bin/../lib/gcc/arm-none-eabi/12.2.1/../../../../arm-none-eabi/lib/thumb/v7e-m+fp/hard\libc_nano.a(libc_a-memset.o)
 .comment       0x0000000000000039       0x3a c:/users/billa/appdata/roaming/code/user/globalstorage/bmd.stm32-for-vscode/@xpack-dev-tools/arm-none-eabi-gcc/12.2.1-1.2.1/.content/bin/../lib/gcc/arm-none-eabi/12.2.1/../../../../arm-none-eabi/lib/thumb/v7e-m+fp/hard\libc_nano.a(libc_a-reent.o)
 .comment       0x0000000000000039       0x3a c:/users/billa/appdata/roaming/code/user/globalstorage/bmd.stm32-for-vscode/@xpack-dev-tools/arm-none-eabi-gcc/12.2.1-1.2.1/.content/bin/../lib/gcc/arm-none-eabi/12.2.1/../../../../arm-none-eabi/lib/thumb/v7e-m+fp/hard\libc_nano.a(libc_a-impure.o)
 .comment       0x0000000000000039       0x3a c:/users/billa/appdata/roaming/code/user/globalstorage/bmd.stm32-for-vscode/@xpack-dev-tools/arm-none-eabi-gcc/12.2.1-1.2.1/.content/bin/../lib/gcc/arm-none-eabi/12.2.1/../../../../arm-none-eabi/lib/thumb/v7e-m+fp/hard\libc_nano.a(libc_a-init.o)
 .comment       0x0000000000000039       0x3a c:/users/billa/appdata/roaming/code/user/globalstorage/bmd.stm32-for-vscode/@xpack-dev-tools/arm-none-eabi-gcc/12.2.1-1.2.1/.content/bin/../lib/gcc/arm-none-eabi/12.2.1/../../../../arm-none-eabi/lib/thumb/v7e-m+fp/hard\libc_nano.a(libc_a-lock.o)
 .comment       0x0000000000000039       0x3a c:/users/billa/appdata/roaming/code/user/globalstorage/bmd.stm32-for-vscode/@xpack-dev-tools/arm-none-eabi-gcc/12.2.1-1.2.1/.content/bin/../lib/gcc/arm-none-eabi/12.2.1/../../../../arm-none-eabi/lib/thumb/v7e-m+fp/hard\libc_nano.a(libc_a-memcpy-stub.o)
 .comment       0x0000000000000039       0x3a c:/users/billa/appdata/roaming/code/user/globalstorage/bmd.stm32-for-vscode/@xpack-dev-tools/arm-none-eabi-gcc/12.2.1-1.2.1/.content/bin/../lib/gcc/arm-none-eabi/12.2.1/../../../../arm-none-eabi/lib/thumb/v7e-m+fp/hard\libc_nano.a(libc_a-freer.o)
 .comment       0x0000000000000039       0x3a c:/users/billa/appdata/roaming/code/user/globalstorage/bmd.stm32-for-vscode/@xpack-dev-tools/arm-none-eabi-gcc/12.2.1-1.2.1/.content/bin/../lib/gcc/arm-none-eabi/12.2.1/../../../../arm-none-eabi/lib/thumb/v7e-m+fp/hard\libc_nano.a(libc_a-mallocr.o)
 .comment       0x0000000000000039       0x3a c:/users/billa/appdata/roaming/code/user/globalstorage/bmd.stm32-for-vscode/@xpack-dev-tools/arm-none-eabi-gcc/12.2.1-1.2.1/.content/bin/../lib/gcc/arm-none-eabi/12.2.1/../../../../arm-none-eabi/lib/thumb/v7e-m+fp/hard\libc_nano.a(libc_a-mlock.o)
 .comment       0x0000000000000039       0x3a c:/users/billa/appdata/roaming/code/user/globalstorage/bmd.stm32-for-vscode/@xpack-dev-tools/arm-none-eabi-gcc/12.2.1-1.2.1/.content/bin/../lib/gcc/arm-none-eabi/12.2.1/../../../../arm-none-eabi/lib/thumb/v7e-m+fp/hard\libc_nano.a(libc_a-nano-svfprintf.o)
 .comment       0x0000000000000039       0x3a c:/users/billa/appdata/roaming/code/user/globalstorage/bmd.stm32-for-vscode/@xpack-dev-tools/arm-none-eabi-gcc/12.2.1-1.2.1/.content/bin/../lib/gcc/arm-none-eabi/12.2.1/../../../../arm-none-eabi/lib/thumb/v7e-m+fp/hard\libc_nano.a(libc_a-nano-vfprintf_i.o)
 .comment       0x0000000000000039       0x3a c:/users/billa/appdata/roaming/code/user/globalstorage/bmd.stm32-for-vscode/@xpack-dev-tools/arm-none-eabi-gcc/12.2.1-1.2.1/.content/bin/../lib/gcc/arm-none-eabi/12.2.1/../../../../arm-none-eabi/lib/thumb/v7e-m+fp/hard\libc_nano.a(libc_a-memmove.o)
 .comment       0x0000000000000039       0x3a c:/users/billa/appdata/roaming/code/user/globalstorage/bmd.stm32-for-vscode/@xpack-dev-tools/arm-none-eabi-gcc/12.2.1-1.2.1/.content/bin/../lib/gcc/arm-none-eabi/12.2.1/../../../../arm-none-eabi/lib/thumb/v7e-m+fp/hard\libc_nano.a(libc_a-sbrkr.o)
 .comment       0x0000000000000039       0x3a c:/users/billa/appdata/roaming/code/user/globalstorage/bmd.stm32-for-vscode/@xpack-dev-tools/arm-none-eabi-gcc/12.2.1-1.2.1/.content/bin/../lib/gcc/arm-none-eabi/12.2.1/../../../../arm-none-eabi/lib/thumb/v7e-m+fp/hard\libc_nano.a(libc_a-reallocr.o)
 .comment       0x0000000000000039       0x3a c:/users/billa/appdata/roaming/code/user/globalstorage/bmd.stm32-for-vscode/@xpack-dev-tools/arm-none-eabi-gcc/12.2.1-1.2.1/.content/bin/../lib/gcc/arm-none-eabi/12.2.1/../../../../arm-none-eabi/lib/thumb/v7e-m+fp/hard\libc_nano.a(libc_a-msizer.o)
 .comment       0x0000000000000039       0x3a c:/users/billa/appdata/roaming/code/user/globalstorage/bmd.stm32-for-vscode/@xpack-dev-tools/arm-none-eabi-gcc/12.2.1-1.2.1/.content/bin/../lib/gcc/arm-none-eabi/12.2.1/../../../../arm-none-eabi/lib/thumb/v7e-m+fp/hard\libnosys.a(sbrk.o)
 .comment       0x0000000000000039       0x3a c:/users/billa/appdata/roaming/code/user/globalstorage/bmd.stm32-for-vscode/@xpack-dev-tools/arm-none-eabi-gcc/12.2.1-1.2.1/.content/bin/../lib/gcc/arm-none-eabi/12.2.1/thumb/v7e-m+fp/hard\libgcc.a(_udivmoddi4.o)

.debug_info     0x0000000000000000    0x190d6
 .debug_info    0x0000000000000000      0x4d4 build/freertos.o
 .debug_info    0x00000000000004d4      0x462 build/gpio.o
 .debug_info    0x0000000000000936     0x1365 build/main.o
 .debug_info    0x0000000000001c9b      0x555 build/stm32f7xx_hal_msp.o
 .debug_info    0x00000000000021f0      0xd65 build/stm32f7xx_hal_timebase_tim.o
 .debug_info    0x0000000000002f55      0x700 build/stm32f7xx_it.o
 .debug_info    0x0000000000003655      0x702 build/system_stm32f7xx.o
 .debug_info    0x0000000000003d57      0xd5d build/usart.o
 .debug_info    0x0000000000004ab4      0xa76 build/stm32f7xx_hal.o
 .debug_info    0x000000000000552a     0x1180 build/stm32f7xx_hal_cortex.o
 .debug_info    0x00000000000066aa      0x728 build/stm32f7xx_hal_gpio.o
 .debug_info    0x0000000000006dd2      0x9ba build/stm32f7xx_hal_pwr_ex.o
 .debug_info    0x000000000000778c      0xb16 build/stm32f7xx_hal_rcc.o
 .debug_info    0x00000000000082a2      0x7ee build/stm32f7xx_hal_rcc_ex.o
 .debug_info    0x0000000000008a90     0x3cb0 build/stm32f7xx_hal_tim.o
 .debug_info    0x000000000000c740     0x1bb7 build/stm32f7xx_hal_tim_ex.o
 .debug_info    0x000000000000e2f7     0x4ec8 build/stm32f7xx_hal_uart.o
 .debug_info    0x00000000000131bf     0x23f2 build/cmsis_os.o
 .debug_info    0x00000000000155b1      0x2bf build/list.o
 .debug_info    0x0000000000015870      0x521 build/port.o
 .debug_info    0x0000000000015d91      0x444 build/heap_4.o
 .debug_info    0x00000000000161d5     0x2779 build/tasks.o
 .debug_info    0x000000000001894e       0x2e build/startup_stm32f746xx.o
 .debug_info    0x000000000001897c       0x24 c:/users/billa/appdata/roaming/code/user/globalstorage/bmd.stm32-for-vscode/@xpack-dev-tools/arm-none-eabi-gcc/12.2.1-1.2.1/.content/bin/../lib/gcc/arm-none-eabi/12.2.1/thumb/v7e-m+fp/hard\libgcc.a(_aeabi_uldivmod.o)
 .debug_info    0x00000000000189a0      0x6fd c:/users/billa/appdata/roaming/code/user/globalstorage/bmd.stm32-for-vscode/@xpack-dev-tools/arm-none-eabi-gcc/12.2.1-1.2.1/.content/bin/../lib/gcc/arm-none-eabi/12.2.1/thumb/v7e-m+fp/hard\libgcc.a(_udivmoddi4.o)
 .debug_info    0x000000000001909d       0x39 c:/users/billa/appdata/roaming/code/user/globalstorage/bmd.stm32-for-vscode/@xpack-dev-tools/arm-none-eabi-gcc/12.2.1-1.2.1/.content/bin/../lib/gcc/arm-none-eabi/12.2.1/thumb/v7e-m+fp/hard\libgcc.a(_dvmd_tls.o)

.debug_abbrev   0x0000000000000000     0x3368
 .debug_abbrev  0x0000000000000000      0x176 build/freertos.o
 .debug_abbrev  0x0000000000000176      0x164 build/gpio.o
 .debug_abbrev  0x00000000000002da      0x2f8 build/main.o
 .debug_abbrev  0x00000000000005d2      0x120 build/stm32f7xx_hal_msp.o
 .debug_abbrev  0x00000000000006f2      0x232 build/stm32f7xx_hal_timebase_tim.o
 .debug_abbrev  0x0000000000000924      0x186 build/stm32f7xx_it.o
 .debug_abbrev  0x0000000000000aaa      0x13f build/system_stm32f7xx.o
 .debug_abbrev  0x0000000000000be9      0x20f build/usart.o
 .debug_abbrev  0x0000000000000df8      0x23f build/stm32f7xx_hal.o
 .debug_abbrev  0x0000000000001037      0x39d build/stm32f7xx_hal_cortex.o
 .debug_abbrev  0x00000000000013d4      0x202 build/stm32f7xx_hal_gpio.o
 .debug_abbrev  0x00000000000015d6      0x1ef build/stm32f7xx_hal_pwr_ex.o
 .debug_abbrev  0x00000000000017c5      0x28e build/stm32f7xx_hal_rcc.o
 .debug_abbrev  0x0000000000001a53      0x1e3 build/stm32f7xx_hal_rcc_ex.o
 .debug_abbrev  0x0000000000001c36      0x271 build/stm32f7xx_hal_tim.o
 .debug_abbrev  0x0000000000001ea7      0x26f build/stm32f7xx_hal_tim_ex.o
 .debug_abbrev  0x0000000000002116      0x31a build/stm32f7xx_hal_uart.o
 .debug_abbrev  0x0000000000002430      0x3e1 build/cmsis_os.o
 .debug_abbrev  0x0000000000002811      0x10a build/list.o
 .debug_abbrev  0x000000000000291b      0x2bb build/port.o
 .debug_abbrev  0x0000000000002bd6      0x24b build/heap_4.o
 .debug_abbrev  0x0000000000002e21      0x38d build/tasks.o
 .debug_abbrev  0x00000000000031ae       0x1d build/startup_stm32f746xx.o
 .debug_abbrev  0x00000000000031cb       0x14 c:/users/billa/appdata/roaming/code/user/globalstorage/bmd.stm32-for-vscode/@xpack-dev-tools/arm-none-eabi-gcc/12.2.1-1.2.1/.content/bin/../lib/gcc/arm-none-eabi/12.2.1/thumb/v7e-m+fp/hard\libgcc.a(_aeabi_uldivmod.o)
 .debug_abbrev  0x00000000000031df      0x16a c:/users/billa/appdata/roaming/code/user/globalstorage/bmd.stm32-for-vscode/@xpack-dev-tools/arm-none-eabi-gcc/12.2.1-1.2.1/.content/bin/../lib/gcc/arm-none-eabi/12.2.1/thumb/v7e-m+fp/hard\libgcc.a(_udivmoddi4.o)
 .debug_abbrev  0x0000000000003349       0x1f c:/users/billa/appdata/roaming/code/user/globalstorage/bmd.stm32-for-vscode/@xpack-dev-tools/arm-none-eabi-gcc/12.2.1-1.2.1/.content/bin/../lib/gcc/arm-none-eabi/12.2.1/thumb/v7e-m+fp/hard\libgcc.a(_dvmd_tls.o)

.debug_loclists
                0x0000000000000000     0xb325
 .debug_loclists
                0x0000000000000000       0x23 build/freertos.o
 .debug_loclists
                0x0000000000000023       0x67 build/main.o
 .debug_loclists
                0x000000000000008a       0x9b build/stm32f7xx_hal_timebase_tim.o
 .debug_loclists
                0x0000000000000125       0xdb build/system_stm32f7xx.o
 .debug_loclists
                0x0000000000000200       0x6d build/usart.o
 .debug_loclists
                0x000000000000026d       0xc9 build/stm32f7xx_hal.o
 .debug_loclists
                0x0000000000000336      0x439 build/stm32f7xx_hal_cortex.o
 .debug_loclists
                0x000000000000076f      0x356 build/stm32f7xx_hal_gpio.o
 .debug_loclists
                0x0000000000000ac5      0x19b build/stm32f7xx_hal_pwr_ex.o
 .debug_loclists
                0x0000000000000c60      0x442 build/stm32f7xx_hal_rcc.o
 .debug_loclists
                0x00000000000010a2      0x55e build/stm32f7xx_hal_rcc_ex.o
 .debug_loclists
                0x0000000000001600     0x3479 build/stm32f7xx_hal_tim.o
 .debug_loclists
                0x0000000000004a79     0x157a build/stm32f7xx_hal_tim_ex.o
 .debug_loclists
                0x0000000000005ff3     0x2a33 build/stm32f7xx_hal_uart.o
 .debug_loclists
                0x0000000000008a26      0xb4d build/cmsis_os.o
 .debug_loclists
                0x0000000000009573       0x6f build/list.o
 .debug_loclists
                0x00000000000095e2       0x9c build/port.o
 .debug_loclists
                0x000000000000967e      0x213 build/heap_4.o
 .debug_loclists
                0x0000000000009891     0x10d7 build/tasks.o
 .debug_loclists
                0x000000000000a968      0x9bd c:/users/billa/appdata/roaming/code/user/globalstorage/bmd.stm32-for-vscode/@xpack-dev-tools/arm-none-eabi-gcc/12.2.1-1.2.1/.content/bin/../lib/gcc/arm-none-eabi/12.2.1/thumb/v7e-m+fp/hard\libgcc.a(_udivmoddi4.o)

.debug_aranges  0x0000000000000000     0x11a8
 .debug_aranges
                0x0000000000000000       0x30 build/freertos.o
 .debug_aranges
                0x0000000000000030       0x20 build/gpio.o
 .debug_aranges
                0x0000000000000050       0x40 build/main.o
 .debug_aranges
                0x0000000000000090       0x20 build/stm32f7xx_hal_msp.o
 .debug_aranges
                0x00000000000000b0       0x30 build/stm32f7xx_hal_timebase_tim.o
 .debug_aranges
                0x00000000000000e0       0x50 build/stm32f7xx_it.o
 .debug_aranges
                0x0000000000000130       0x28 build/system_stm32f7xx.o
 .debug_aranges
                0x0000000000000158       0x30 build/usart.o
 .debug_aranges
                0x0000000000000188      0x100 build/stm32f7xx_hal.o
 .debug_aranges
                0x0000000000000288       0xd8 build/stm32f7xx_hal_cortex.o
 .debug_aranges
                0x0000000000000360       0x58 build/stm32f7xx_hal_gpio.o
 .debug_aranges
                0x00000000000003b8       0x80 build/stm32f7xx_hal_pwr_ex.o
 .debug_aranges
                0x0000000000000438       0x88 build/stm32f7xx_hal_rcc.o
 .debug_aranges
                0x00000000000004c0       0x50 build/stm32f7xx_hal_rcc_ex.o
 .debug_aranges
                0x0000000000000510      0x3e0 build/stm32f7xx_hal_tim.o
 .debug_aranges
                0x00000000000008f0      0x178 build/stm32f7xx_hal_tim_ex.o
 .debug_aranges
                0x0000000000000a68      0x228 build/stm32f7xx_hal_uart.o
 .debug_aranges
                0x0000000000000c90      0x1d8 build/cmsis_os.o
 .debug_aranges
                0x0000000000000e68       0x40 build/list.o
 .debug_aranges
                0x0000000000000ea8       0x80 build/port.o
 .debug_aranges
                0x0000000000000f28       0x50 build/heap_4.o
 .debug_aranges
                0x0000000000000f78      0x1a8 build/tasks.o
 .debug_aranges
                0x0000000000001120       0x28 build/startup_stm32f746xx.o
 .debug_aranges
                0x0000000000001148       0x20 c:/users/billa/appdata/roaming/code/user/globalstorage/bmd.stm32-for-vscode/@xpack-dev-tools/arm-none-eabi-gcc/12.2.1-1.2.1/.content/bin/../lib/gcc/arm-none-eabi/12.2.1/thumb/v7e-m+fp/hard\libgcc.a(_aeabi_uldivmod.o)
 .debug_aranges
                0x0000000000001168       0x20 c:/users/billa/appdata/roaming/code/user/globalstorage/bmd.stm32-for-vscode/@xpack-dev-tools/arm-none-eabi-gcc/12.2.1-1.2.1/.content/bin/../lib/gcc/arm-none-eabi/12.2.1/thumb/v7e-m+fp/hard\libgcc.a(_udivmoddi4.o)
 .debug_aranges
                0x0000000000001188       0x20 c:/users/billa/appdata/roaming/code/user/globalstorage/bmd.stm32-for-vscode/@xpack-dev-tools/arm-none-eabi-gcc/12.2.1-1.2.1/.content/bin/../lib/gcc/arm-none-eabi/12.2.1/thumb/v7e-m+fp/hard\libgcc.a(_dvmd_tls.o)

.debug_rnglists
                0x0000000000000000      0xe16
 .debug_rnglists
                0x0000000000000000       0x1f build/freertos.o
 .debug_rnglists
                0x000000000000001f       0x14 build/gpio.o
 .debug_rnglists
                0x0000000000000033       0x2c build/main.o
 .debug_rnglists
                0x000000000000005f       0x13 build/stm32f7xx_hal_msp.o
 .debug_rnglists
                0x0000000000000072       0x20 build/stm32f7xx_hal_timebase_tim.o
 .debug_rnglists
                0x0000000000000092       0x37 build/stm32f7xx_it.o
 .debug_rnglists
                0x00000000000000c9       0x1a build/system_stm32f7xx.o
 .debug_rnglists
                0x00000000000000e3       0x20 build/usart.o
 .debug_rnglists
                0x0000000000000103       0xbb build/stm32f7xx_hal.o
 .debug_rnglists
                0x00000000000001be       0x9d build/stm32f7xx_hal_cortex.o
 .debug_rnglists
                0x000000000000025b       0x3f build/stm32f7xx_hal_gpio.o
 .debug_rnglists
                0x000000000000029a       0x5d build/stm32f7xx_hal_pwr_ex.o
 .debug_rnglists
                0x00000000000002f7       0x67 build/stm32f7xx_hal_rcc.o
 .debug_rnglists
                0x000000000000035e       0x3a build/stm32f7xx_hal_rcc_ex.o
 .debug_rnglists
                0x0000000000000398      0x311 build/stm32f7xx_hal_tim.o
 .debug_rnglists
                0x00000000000006a9      0x128 build/stm32f7xx_hal_tim_ex.o
 .debug_rnglists
                0x00000000000007d1      0x1ba build/stm32f7xx_hal_uart.o
 .debug_rnglists
                0x000000000000098b      0x15f build/cmsis_os.o
 .debug_rnglists
                0x0000000000000aea       0x2b build/list.o
 .debug_rnglists
                0x0000000000000b15       0x5c build/port.o
 .debug_rnglists
                0x0000000000000b71       0x38 build/heap_4.o
 .debug_rnglists
                0x0000000000000ba9      0x1b9 build/tasks.o
 .debug_rnglists
                0x0000000000000d62       0x19 build/startup_stm32f746xx.o
 .debug_rnglists
                0x0000000000000d7b       0x9b c:/users/billa/appdata/roaming/code/user/globalstorage/bmd.stm32-for-vscode/@xpack-dev-tools/arm-none-eabi-gcc/12.2.1-1.2.1/.content/bin/../lib/gcc/arm-none-eabi/12.2.1/thumb/v7e-m+fp/hard\libgcc.a(_udivmoddi4.o)

.debug_line     0x0000000000000000    0x15cb1
 .debug_line    0x0000000000000000      0x2e9 build/freertos.o
 .debug_line    0x00000000000002e9      0x260 build/gpio.o
 .debug_line    0x0000000000000549      0x70c build/main.o
 .debug_line    0x0000000000000c55      0x23a build/stm32f7xx_hal_msp.o
 .debug_line    0x0000000000000e8f      0x38f build/stm32f7xx_hal_timebase_tim.o
 .debug_line    0x000000000000121e      0x321 build/stm32f7xx_it.o
 .debug_line    0x000000000000153f      0x2f5 build/system_stm32f7xx.o
 .debug_line    0x0000000000001834      0x3fd build/usart.o
 .debug_line    0x0000000000001c31      0x643 build/stm32f7xx_hal.o
 .debug_line    0x0000000000002274      0x8ba build/stm32f7xx_hal_cortex.o
 .debug_line    0x0000000000002b2e      0x77b build/stm32f7xx_hal_gpio.o
 .debug_line    0x00000000000032a9      0x609 build/stm32f7xx_hal_pwr_ex.o
 .debug_line    0x00000000000038b2      0xd2e build/stm32f7xx_hal_rcc.o
 .debug_line    0x00000000000045e0      0xc34 build/stm32f7xx_hal_rcc_ex.o
 .debug_line    0x0000000000005214     0x4c9b build/stm32f7xx_hal_tim.o
 .debug_line    0x0000000000009eaf     0x1e55 build/stm32f7xx_hal_tim_ex.o
 .debug_line    0x000000000000bd04     0x5002 build/stm32f7xx_hal_uart.o
 .debug_line    0x0000000000010d06     0x1375 build/cmsis_os.o
 .debug_line    0x000000000001207b      0x401 build/list.o
 .debug_line    0x000000000001247c      0x6bd build/port.o
 .debug_line    0x0000000000012b39      0x73c build/heap_4.o
 .debug_line    0x0000000000013275     0x2379 build/tasks.o
 .debug_line    0x00000000000155ee       0x76 build/startup_stm32f746xx.o
 .debug_line    0x0000000000015664       0x4e c:/users/billa/appdata/roaming/code/user/globalstorage/bmd.stm32-for-vscode/@xpack-dev-tools/arm-none-eabi-gcc/12.2.1-1.2.1/.content/bin/../lib/gcc/arm-none-eabi/12.2.1/thumb/v7e-m+fp/hard\libgcc.a(_aeabi_uldivmod.o)
 .debug_line    0x00000000000156b2      0x5b5 c:/users/billa/appdata/roaming/code/user/globalstorage/bmd.stm32-for-vscode/@xpack-dev-tools/arm-none-eabi-gcc/12.2.1-1.2.1/.content/bin/../lib/gcc/arm-none-eabi/12.2.1/thumb/v7e-m+fp/hard\libgcc.a(_udivmoddi4.o)
 .debug_line    0x0000000000015c67       0x4a c:/users/billa/appdata/roaming/code/user/globalstorage/bmd.stm32-for-vscode/@xpack-dev-tools/arm-none-eabi-gcc/12.2.1-1.2.1/.content/bin/../lib/gcc/arm-none-eabi/12.2.1/thumb/v7e-m+fp/hard\libgcc.a(_dvmd_tls.o)

.debug_str      0x0000000000000000     0x66bd
 .debug_str     0x0000000000000000      0x4f5 build/freertos.o
                                        0x576 (size before relaxing)
 .debug_str     0x00000000000004f5      0x1ea build/gpio.o
                                        0x36c (size before relaxing)
 .debug_str     0x00000000000006df      0xa22 build/main.o
                                        0xed5 (size before relaxing)
 .debug_str     0x0000000000001101      0x5eb build/stm32f7xx_hal_msp.o
                                        0x86f (size before relaxing)
 .debug_str     0x00000000000016ec      0x117 build/stm32f7xx_hal_timebase_tim.o
                                        0xf55 (size before relaxing)
 .debug_str     0x0000000000001803       0xa4 build/stm32f7xx_it.o
                                        0x771 (size before relaxing)
 .debug_str     0x00000000000018a7      0x1a1 build/system_stm32f7xx.o
                                        0x430 (size before relaxing)
 .debug_str     0x0000000000001a48      0x2e2 build/usart.o
                                        0xafe (size before relaxing)
 .debug_str     0x0000000000001d2a      0x33b build/stm32f7xx_hal.o
                                        0xc39 (size before relaxing)
 .debug_str     0x0000000000002065      0x429 build/stm32f7xx_hal_cortex.o
                                        0xd84 (size before relaxing)
 .debug_str     0x000000000000248e       0xd3 build/stm32f7xx_hal_gpio.o
                                        0x4d2 (size before relaxing)
 .debug_str     0x0000000000002561      0x1db build/stm32f7xx_hal_pwr_ex.o
                                        0x621 (size before relaxing)
 .debug_str     0x000000000000273c      0x18e build/stm32f7xx_hal_rcc.o
                                        0x6f3 (size before relaxing)
 .debug_str     0x00000000000028ca      0x144 build/stm32f7xx_hal_rcc_ex.o
                                        0x6ca (size before relaxing)
 .debug_str     0x0000000000002a0e      0xf53 build/stm32f7xx_hal_tim.o
                                       0x1743 (size before relaxing)
 .debug_str     0x0000000000003961      0x5b9 build/stm32f7xx_hal_tim_ex.o
                                        0xf99 (size before relaxing)
 .debug_str     0x0000000000003f1a      0x782 build/stm32f7xx_hal_uart.o
                                        0xfe7 (size before relaxing)
 .debug_str     0x000000000000469c      0xaa2 build/cmsis_os.o
                                       0x105a (size before relaxing)
 .debug_str     0x000000000000513e      0x136 build/list.o
                                        0x2d7 (size before relaxing)
 .debug_str     0x0000000000005274      0x221 build/port.o
                                        0x457 (size before relaxing)
 .debug_str     0x0000000000005495      0x1de build/heap_4.o
                                        0x3cb (size before relaxing)
 .debug_str     0x0000000000005673      0x8a8 build/tasks.o
                                        0xfab (size before relaxing)
 .debug_str     0x0000000000005f1b       0x32 build/startup_stm32f746xx.o
                                         0x51 (size before relaxing)
 .debug_str     0x0000000000005f4d      0x112 c:/users/billa/appdata/roaming/code/user/globalstorage/bmd.stm32-for-vscode/@xpack-dev-tools/arm-none-eabi-gcc/12.2.1-1.2.1/.content/bin/../lib/gcc/arm-none-eabi/12.2.1/thumb/v7e-m+fp/hard\libgcc.a(_aeabi_uldivmod.o)
                                        0x120 (size before relaxing)
 .debug_str     0x000000000000605f      0x5d3 c:/users/billa/appdata/roaming/code/user/globalstorage/bmd.stm32-for-vscode/@xpack-dev-tools/arm-none-eabi-gcc/12.2.1-1.2.1/.content/bin/../lib/gcc/arm-none-eabi/12.2.1/thumb/v7e-m+fp/hard\libgcc.a(_udivmoddi4.o)
                                        0x72a (size before relaxing)
 .debug_str     0x0000000000006632       0x8b c:/users/billa/appdata/roaming/code/user/globalstorage/bmd.stm32-for-vscode/@xpack-dev-tools/arm-none-eabi-gcc/12.2.1-1.2.1/.content/bin/../lib/gcc/arm-none-eabi/12.2.1/thumb/v7e-m+fp/hard\libgcc.a(_dvmd_tls.o)
                                        0x140 (size before relaxing)

.debug_frame    0x0000000000000000     0x2dd8
 .debug_frame   0x0000000000000000       0x58 build/freertos.o
 .debug_frame   0x0000000000000058       0x30 build/gpio.o
 .debug_frame   0x0000000000000088       0x8c build/main.o
 .debug_frame   0x0000000000000114       0x2c build/stm32f7xx_hal_msp.o
 .debug_frame   0x0000000000000140       0x54 build/stm32f7xx_hal_timebase_tim.o
 .debug_frame   0x0000000000000194       0x88 build/stm32f7xx_it.o
 .debug_frame   0x000000000000021c       0x30 build/system_stm32f7xx.o
 .debug_frame   0x000000000000024c       0x68 build/usart.o
 .debug_frame   0x00000000000002b4      0x20c build/stm32f7xx_hal.o
 .debug_frame   0x00000000000004c0      0x1cc build/stm32f7xx_hal_cortex.o
 .debug_frame   0x000000000000068c       0xd8 build/stm32f7xx_hal_gpio.o
 .debug_frame   0x0000000000000764      0x134 build/stm32f7xx_hal_pwr_ex.o
 .debug_frame   0x0000000000000898      0x178 build/stm32f7xx_hal_rcc.o
 .debug_frame   0x0000000000000a10       0xc0 build/stm32f7xx_hal_rcc_ex.o
 .debug_frame   0x0000000000000ad0      0xb68 build/stm32f7xx_hal_tim.o
 .debug_frame   0x0000000000001638      0x444 build/stm32f7xx_hal_tim_ex.o
 .debug_frame   0x0000000000001a7c      0x5fc build/stm32f7xx_hal_uart.o
 .debug_frame   0x0000000000002078      0x58c build/cmsis_os.o
 .debug_frame   0x0000000000002604       0x70 build/list.o
 .debug_frame   0x0000000000002674      0x100 build/port.o
 .debug_frame   0x0000000000002774       0xb0 build/heap_4.o
 .debug_frame   0x0000000000002824      0x554 build/tasks.o
 .debug_frame   0x0000000000002d78       0x2c c:/users/billa/appdata/roaming/code/user/globalstorage/bmd.stm32-for-vscode/@xpack-dev-tools/arm-none-eabi-gcc/12.2.1-1.2.1/.content/bin/../lib/gcc/arm-none-eabi/12.2.1/thumb/v7e-m+fp/hard\libgcc.a(_aeabi_uldivmod.o)
 .debug_frame   0x0000000000002da4       0x34 c:/users/billa/appdata/roaming/code/user/globalstorage/bmd.stm32-for-vscode/@xpack-dev-tools/arm-none-eabi-gcc/12.2.1-1.2.1/.content/bin/../lib/gcc/arm-none-eabi/12.2.1/thumb/v7e-m+fp/hard\libgcc.a(_udivmoddi4.o)

.debug_line_str
                0x0000000000000000      0x153
 .debug_line_str
                0x0000000000000000       0x35 build/startup_stm32f746xx.o
 .debug_line_str
                0x0000000000000035      0x112 c:/users/billa/appdata/roaming/code/user/globalstorage/bmd.stm32-for-vscode/@xpack-dev-tools/arm-none-eabi-gcc/12.2.1-1.2.1/.content/bin/../lib/gcc/arm-none-eabi/12.2.1/thumb/v7e-m+fp/hard\libgcc.a(_aeabi_uldivmod.o)
 .debug_line_str
                0x0000000000000147        0xc c:/users/billa/appdata/roaming/code/user/globalstorage/bmd.stm32-for-vscode/@xpack-dev-tools/arm-none-eabi-gcc/12.2.1-1.2.1/.content/bin/../lib/gcc/arm-none-eabi/12.2.1/thumb/v7e-m+fp/hard\libgcc.a(_dvmd_tls.o)
                                        0x116 (size before relaxing)

Cross Reference Table

Symbol                                            File
ADC_IRQHandler                                    build/startup_stm32f746xx.o
AHBPrescTable                                     build/system_stm32f7xx.o
                                                  build/stm32f7xx_hal_rcc.o
APBPrescTable                                     build/system_stm32f7xx.o
                                                  build/stm32f7xx_hal_rcc.o
BusFault_Handler                                  build/stm32f7xx_it.o
CAN1_RX0_IRQHandler                               build/startup_stm32f746xx.o
CAN1_RX1_IRQHandler                               build/startup_stm32f746xx.o
CAN1_SCE_IRQHandler                               build/startup_stm32f746xx.o
CAN1_TX_IRQHandler                                build/startup_stm32f746xx.o
CAN2_RX0_IRQHandler                               build/startup_stm32f746xx.o
CAN2_RX1_IRQHandler                               build/startup_stm32f746xx.o
CAN2_SCE_IRQHandler                               build/startup_stm32f746xx.o
CAN2_TX_IRQHandler                                build/startup_stm32f746xx.o
CEC_IRQHandler                                    build/startup_stm32f746xx.o
DCMI_IRQHandler                                   build/startup_stm32f746xx.o
DMA1_Stream0_IRQHandler                           build/startup_stm32f746xx.o
DMA1_Stream1_IRQHandler                           build/startup_stm32f746xx.o
DMA1_Stream2_IRQHandler                           build/startup_stm32f746xx.o
DMA1_Stream3_IRQHandler                           build/startup_stm32f746xx.o
DMA1_Stream4_IRQHandler                           build/startup_stm32f746xx.o
DMA1_Stream5_IRQHandler                           build/startup_stm32f746xx.o
DMA1_Stream6_IRQHandler                           build/startup_stm32f746xx.o
DMA1_Stream7_IRQHandler                           build/startup_stm32f746xx.o
DMA2D_IRQHandler                                  build/startup_stm32f746xx.o
DMA2_Stream0_IRQHandler                           build/startup_stm32f746xx.o
DMA2_Stream1_IRQHandler                           build/startup_stm32f746xx.o
DMA2_Stream2_IRQHandler                           build/startup_stm32f746xx.o
DMA2_Stream3_IRQHandler                           build/startup_stm32f746xx.o
DMA2_Stream4_IRQHandler                           build/startup_stm32f746xx.o
DMA2_Stream5_IRQHandler                           build/startup_stm32f746xx.o
DMA2_Stream6_IRQHandler                           build/startup_stm32f746xx.o
DMA2_Stream7_IRQHandler                           build/startup_stm32f746xx.o
DebugMon_Handler                                  build/stm32f7xx_it.o
Default_Handler                                   build/startup_stm32f746xx.o
ETH_IRQHandler                                    build/startup_stm32f746xx.o
ETH_WKUP_IRQHandler                               build/startup_stm32f746xx.o
EXTI0_IRQHandler                                  build/startup_stm32f746xx.o
EXTI15_10_IRQHandler                              build/startup_stm32f746xx.o
EXTI1_IRQHandler                                  build/startup_stm32f746xx.o
EXTI2_IRQHandler                                  build/startup_stm32f746xx.o
EXTI3_IRQHandler                                  build/startup_stm32f746xx.o