Archive member included to satisfy reference by file (symbol)

c:/users/billa/appdata/roaming/code/user/globalstorage/bmd.stm32-for-vscode/@xpack-dev-tools/arm-none-eabi-gcc/12.2.1-1.2.1/.content/bin/../lib/gcc/arm-none-eabi/12.2.1/../../../../arm-none-eabi/lib/thumb/v7e-m+fp/hard\libc_nano.a(libc_a-atexit.o)
                              c:/users/billa/appdata/roaming/code/user/globalstorage/bmd.stm32-for-vscode/@xpack-dev-tools/arm-none-eabi-gcc/12.2.1-1.2.1/.content/bin/../lib/gcc/arm-none-eabi/12.2.1/../../../../arm-none-eabi/lib/thumb/v7e-m+fp/hard/crt0.o (atexit)
c:/users/billa/appdata/roaming/code/user/globalstorage/bmd.stm32-for-vscode/@xpack-dev-tools/arm-none-eabi-gcc/12.2.1-1.2.1/.content/bin/../lib/gcc/arm-none-eabi/12.2.1/../../../../arm-none-eabi/lib/thumb/v7e-m+fp/hard\libc_nano.a(libc_a-exit.o)
                              c:/users/billa/appdata/roaming/code/user/globalstorage/bmd.stm32-for-vscode/@xpack-dev-tools/arm-none-eabi-gcc/12.2.1-1.2.1/.content/bin/../lib/gcc/arm-none-eabi/12.2.1/../../../../arm-none-eabi/lib/thumb/v7e-m+fp/hard/crt0.o (exit)
c:/users/billa/appdata/roaming/code/user/globalstorage/bmd.stm32-for-vscode/@xpack-dev-tools/arm-none-eabi-gcc/12.2.1-1.2.1/.content/bin/../lib/gcc/arm-none-eabi/12.2.1/../../../../arm-none-eabi/lib/thumb/v7e-m+fp/hard\libc_nano.a(libc_a-findfp.o)
                              c:/users/billa/appdata/roaming/code/user/globalstorage/bmd.stm32-for-vscode/@xpack-dev-tools/arm-none-eabi-gcc/12.2.1-1.2.1/.content/bin/../lib/gcc/arm-none-eabi/12.2.1/../../../../arm-none-eabi/lib/thumb/v7e-m+fp/hard\libc_nano.a(libc_a-exit.o) (__stdio_exit_handler)
c:/users/billa/appdata/roaming/code/user/globalstorage/bmd.stm32-for-vscode/@xpack-dev-tools/arm-none-eabi-gcc/12.2.1-1.2.1/.content/bin/../lib/gcc/arm-none-eabi/12.2.1/../../../../arm-none-eabi/lib/thumb/v7e-m+fp/hard\libc_nano.a(libc_a-fwalk.o)
                              c:/users/billa/appdata/roaming/code/user/globalstorage/bmd.stm32-for-vscode/@xpack-dev-tools/arm-none-eabi-gcc/12.2.1-1.2.1/.content/bin/../lib/gcc/arm-none-eabi/12.2.1/../../../../arm-none-eabi/lib/thumb/v7e-m+fp/hard\libc_nano.a(libc_a-findfp.o) (_fwalk_sglue)
c:/users/billa/appdata/roaming/code/user/globalstorage/bmd.stm32-for-vscode/@xpack-dev-tools/arm-none-eabi-gcc/12.2.1-1.2.1/.content/bin/../lib/gcc/arm-none-eabi/12.2.1/../../../../arm-none-eabi/lib/thumb/v7e-m+fp/hard\libc_nano.a(libc_a-printf.o)
                              build/main.o (printf)
c:/users/billa/appdata/roaming/code/user/globalstorage/bmd.stm32-for-vscode/@xpack-dev-tools/arm-none-eabi-gcc/12.2.1-1.2.1/.content/bin/../lib/gcc/arm-none-eabi/12.2.1/../../../../arm-none-eabi/lib/thumb/v7e-m+fp/hard\libc_nano.a(libc_a-stdio.o)
                              c:/users/billa/appdata/roaming/code/user/globalstorage/bmd.stm32-for-vscode/@xpack-dev-tools/arm-none-eabi-gcc/12.2.1-1.2.1/.content/bin/../lib/gcc/arm-none-eabi/12.2.1/../../../../arm-none-eabi/lib/thumb/v7e-m+fp/hard\libc_nano.a(libc_a-findfp.o) (__sread)
c:/users/billa/appdata/roaming/code/user/globalstorage/bmd.stm32-for-vscode/@xpack-dev-tools/arm-none-eabi-gcc/12.2.1-1.2.1/.content/bin/../lib/gcc/arm-none-eabi/12.2.1/../../../../arm-none-eabi/lib/thumb/v7e-m+fp/hard\libc_nano.a(libc_a-memset.o)
                              c:/users/billa/appdata/roaming/code/user/globalstorage/bmd.stm32-for-vscode/@xpack-dev-tools/arm-none-eabi-gcc/12.2.1-1.2.1/.content/bin/../lib/gcc/arm-none-eabi/12.2.1/../../../../arm-none-eabi/lib/thumb/v7e-m+fp/hard/crt0.o (memset)
c:/users/billa/appdata/roaming/code/user/globalstorage/bmd.stm32-for-vscode/@xpack-dev-tools/arm-none-eabi-gcc/12.2.1-1.2.1/.content/bin/../lib/gcc/arm-none-eabi/12.2.1/../../../../arm-none-eabi/lib/thumb/v7e-m+fp/hard\libc_nano.a(libc_a-closer.o)
                              c:/users/billa/appdata/roaming/code/user/globalstorage/bmd.stm32-for-vscode/@xpack-dev-tools/arm-none-eabi-gcc/12.2.1-1.2.1/.content/bin/../lib/gcc/arm-none-eabi/12.2.1/../../../../arm-none-eabi/lib/thumb/v7e-m+fp/hard\libc_nano.a(libc_a-stdio.o) (_close_r)
c:/users/billa/appdata/roaming/code/user/globalstorage/bmd.stm32-for-vscode/@xpack-dev-tools/arm-none-eabi-gcc/12.2.1-1.2.1/.content/bin/../lib/gcc/arm-none-eabi/12.2.1/../../../../arm-none-eabi/lib/thumb/v7e-m+fp/hard\libc_nano.a(libc_a-reent.o)
                              c:/users/billa/appdata/roaming/code/user/globalstorage/bmd.stm32-for-vscode/@xpack-dev-tools/arm-none-eabi-gcc/12.2.1-1.2.1/.content/bin/../lib/gcc/arm-none-eabi/12.2.1/../../../../arm-none-eabi/lib/thumb/v7e-m+fp/hard\libc_nano.a(libc_a-closer.o) (errno)
c:/users/billa/appdata/roaming/code/user/globalstorage/bmd.stm32-for-vscode/@xpack-dev-tools/arm-none-eabi-gcc/12.2.1-1.2.1/.content/bin/../lib/gcc/arm-none-eabi/12.2.1/../../../../arm-none-eabi/lib/thumb/v7e-m+fp/hard\libc_nano.a(libc_a-impure.o)
[...]
Memory Configuration

Name             Origin             Length             Attributes
RAM              0x0000000020000000 0x0000000000050000 xrw
FLASH            0x0000000008000000 0x0000000000100000 xr
*default*        0x0000000000000000 0xffffffffffffffff

Linker script and memory map

LOAD c:/users/billa/appdata/roaming/code/user/globalstorage/bmd.stm32-for-vscode/@xpack-dev-tools/arm-none-eabi-gcc/12.2.1-1.2.1/.content/bin/../lib/gcc/arm-none-eabi/12.2.1/thumb/v7e-m+fp/hard/crti.o
LOAD c:/users/billa/appdata/roaming/code/user/globalstorage/bmd.stm32-for-vscode/@xpack-dev-tools/arm-none-eabi-gcc/12.2.1-1.2.1/.content/bin/../lib/gcc/arm-none-eabi/12.2.1/thumb/v7e-m+fp/hard/crtbegin.o
LOAD c:/users/billa/appdata/roaming/code/user/globalstorage/bmd.stm32-for-vscode/@xpack-dev-tools/arm-none-eabi-gcc/12.2.1-1.2.1/.content/bin/../lib/gcc/arm-none-eabi/12.2.1/../../../../arm-none-eabi/lib/thumb/v7e-m+fp/hard/crt0.o
LOAD build/freertos.o
LOAD build/gpio.o
LOAD build/main.o
LOAD build/stm32f7xx_hal_msp.o
LOAD build/stm32f7xx_it.o
LOAD build/syscalls.o
LOAD build/sysmem.o
LOAD build/system_stm32f7xx.o
LOAD build/usart.o
LOAD build/stm32f7xx_hal.o
LOAD build/stm32f7xx_hal_cortex.o
LOAD build/stm32f7xx_hal_dma.o
LOAD build/stm32f7xx_hal_dma_ex.o
LOAD build/stm32f7xx_hal_exti.o
LOAD build/stm32f7xx_hal_flash.o
LOAD build/stm32f7xx_hal_flash_ex.o
LOAD build/stm32f7xx_hal_gpio.o
LOAD build/stm32f7xx_hal_i2c.o
LOAD build/stm32f7xx_hal_i2c_ex.o
LOAD build/stm32f7xx_hal_pwr.o
LOAD build/stm32f7xx_hal_pwr_ex.o
LOAD build/stm32f7xx_hal_rcc.o
LOAD build/stm32f7xx_hal_rcc_ex.o
LOAD build/stm32f7xx_hal_tim.o
LOAD build/stm32f7xx_hal_tim_ex.o
LOAD build/stm32f7xx_hal_uart.o
LOAD build/stm32f7xx_hal_uart_ex.o
LOAD build/cmsis_os.o
LOAD build/croutine.o
LOAD build/event_groups.o
LOAD build/list.o
LOAD build/port.o
LOAD build/heap_4.o
LOAD build/queue.o
LOAD build/stream_buffer.o
LOAD build/tasks.o
LOAD build/timers.o
LOAD build/startup_stm32f746xx.o
LOAD c:/users/billa/appdata/roaming/code/user/globalstorage/bmd.stm32-for-vscode/@xpack-dev-tools/arm-none-eabi-gcc/12.2.1-1.2.1/.content/bin/../lib/gcc/arm-none-eabi/12.2.1/../../../../arm-none-eabi/lib/thumb/v7e-m+fp/hard\libc_nano.a
LOAD c:/users/billa/appdata/roaming/code/user/globalstorage/bmd.stm32-for-vscode/@xpack-dev-tools/arm-none-eabi-gcc/12.2.1-1.2.1/.content/bin/../lib/gcc/arm-none-eabi/12.2.1/../../../../arm-none-eabi/lib/thumb/v7e-m+fp/hard\libm.a
LOAD c:/users/billa/appdata/roaming/code/user/globalstorage/bmd.stm32-for-vscode/@xpack-dev-tools/arm-none-eabi-gcc/12.2.1-1.2.1/.content/bin/../lib/gcc/arm-none-eabi/12.2.1/../../../../arm-none-eabi/lib/thumb/v7e-m+fp/hard\libnosys.a
START GROUP
LOAD c:/users/billa/appdata/roaming/code/user/globalstorage/bmd.stm32-for-vscode/@xpack-dev-tools/arm-none-eabi-gcc/12.2.1-1.2.1/.content/bin/../lib/gcc/arm-none-eabi/12.2.1/thumb/v7e-m+fp/hard\libgcc.a
LOAD c:/users/billa/appdata/roaming/code/user/globalstorage/bmd.stm32-for-vscode/@xpack-dev-tools/arm-none-eabi-gcc/12.2.1-1.2.1/.content/bin/../lib/gcc/arm-none-eabi/12.2.1/../../../../arm-none-eabi/lib/thumb/v7e-m+fp/hard\libc_nano.a
END GROUP
START GROUP
LOAD c:/users/billa/appdata/roaming/code/user/globalstorage/bmd.stm32-for-vscode/@xpack-dev-tools/arm-none-eabi-gcc/12.2.1-1.2.1/.content/bin/../lib/gcc/arm-none-eabi/12.2.1/thumb/v7e-m+fp/hard\libgcc.a
LOAD c:/users/billa/appdata/roaming/code/user/globalstorage/bmd.stm32-for-vscode/@xpack-dev-tools/arm-none-eabi-gcc/12.2.1-1.2.1/.content/bin/../lib/gcc/arm-none-eabi/12.2.1/../../../../arm-none-eabi/lib/thumb/v7e-m+fp/hard\libc_nano.a
END GROUP
LOAD c:/users/billa/appdata/roaming/code/user/globalstorage/bmd.stm32-for-vscode/@xpack-dev-tools/arm-none-eabi-gcc/12.2.1-1.2.1/.content/bin/../lib/gcc/arm-none-eabi/12.2.1/thumb/v7e-m+fp/hard/crtend.o
LOAD c:/users/billa/appdata/roaming/code/user/globalstorage/bmd.stm32-for-vscode/@xpack-dev-tools/arm-none-eabi-gcc/12.2.1-1.2.1/.content/bin/../lib/gcc/arm-none-eabi/12.2.1/thumb/v7e-m+fp/hard/crtn.o
                0x0000000020050000                _estack = (ORIGIN (RAM) + LENGTH (RAM))
                0x0000000000000200                _Min_Heap_Size = 0x200
                0x0000000000000400                _Min_Stack_Size = 0x400

.isr_vector     0x0000000008000000      0x1c8
                0x0000000008000000                . = ALIGN (0x4)
 *(.isr_vector)
 .isr_vector    0x0000000008000000      0x1c8 build/startup_stm32f746xx.o
                0x0000000008000000                g_pfnVectors
                0x00000000080001c8                . = ALIGN (0x4)

.text           0x00000000080001d0     0x4b20
                0x00000000080001d0                . = ALIGN (0x4)
 *(.text)
 .text          0x00000000080001d0       0xa0 c:/users/billa/appdata/roaming/code/user/globalstorage/bmd.stm32-for-vscode/@xpack-dev-tools/arm-none-eabi-gcc/12.2.1-1.2.1/.content/bin/../lib/gcc/arm-none-eabi/12.2.1/../../../../arm-none-eabi/lib/thumb/v7e-m+fp/hard\libc_nano.a(libc_a-memchr.o)
                0x00000000080001d0                memchr
 .text          0x0000000008000270       0x30 c:/users/billa/appdata/roaming/code/user/globalstorage/bmd.stm32-for-vscode/@xpack-dev-tools/arm-none-eabi-gcc/12.2.1-1.2.1/.content/bin/../lib/gcc/arm-none-eabi/12.2.1/thumb/v7e-m+fp/hard\libgcc.a(_aeabi_uldivmod.o)
                0x0000000008000270                __aeabi_uldivmod
 .text          0x00000000080002a0        0x4 c:/users/billa/appdata/roaming/code/user/globalstorage/bmd.stm32-for-vscode/@xpack-dev-tools/arm-none-eabi-gcc/12.2.1-1.2.1/.content/bin/../lib/gcc/arm-none-eabi/12.2.1/thumb/v7e-m+fp/hard\libgcc.a(_dvmd_tls.o)
                0x00000000080002a0                __aeabi_idiv0
                0x00000000080002a0                __aeabi_ldiv0
 *(.text*)
 .text.__do_global_dtors_aux
                0x00000000080002a4       0x24 c:/users/billa/appdata/roaming/code/user/globalstorage/bmd.stm32-for-vscode/@xpack-dev-tools/arm-none-eabi-gcc/12.2.1-1.2.1/.content/bin/../lib/gcc/arm-none-eabi/12.2.1/thumb/v7e-m+fp/hard/crtbegin.o
 .text.frame_dummy
                0x00000000080002c8       0x1c c:/users/billa/appdata/roaming/code/user/globalstorage/bmd.stm32-for-vscode/@xpack-dev-tools/arm-none-eabi-gcc/12.2.1-1.2.1/.content/bin/../lib/gcc/arm-none-eabi/12.2.1/thumb/v7e-m+fp/hard/crtbegin.o
 .text.StartDefaultTask
                0x00000000080002e4        0xa build/freertos.o
                0x00000000080002e4                StartDefaultTask
 *fill*         0x00000000080002ee        0x2 
 .text.vApplicationGetIdleTaskMemory
                0x00000000080002f0       0x18 build/freertos.o
                0x00000000080002f0                vApplicationGetIdleTaskMemory
 .text.MX_FREERTOS_Init
                0x0000000008000308       0x30 build/freertos.o
                0x0000000008000308                MX_FREERTOS_Init
 .text.MX_GPIO_Init
                0x0000000008000338      0x670 build/gpio.o
                0x0000000008000338                MX_GPIO_Init
 .text.task1    0x00000000080009a8       0x34 build/main.o
                0x00000000080009a8                task1
 .text.task2    0x00000000080009dc       0x34 build/main.o
                0x00000000080009dc                task2
 .text.__io_putchar
                0x0000000008000a10       0x20 build/main.o
                0x0000000008000a10                __io_putchar
 .text.Error_Handler
                0x0000000008000a30        0x4 build/main.o
                0x0000000008000a30                Error_Handler
 .text.SystemClock_Config
                0x0000000008000a34       0xb0 build/main.o
                0x0000000008000a34                SystemClock_Config
 .text.main     0x0000000008000ae4       0xa4 build/main.o
                0x0000000008000ae4                main
 .text.HAL_MspInit
                0x0000000008000b88       0x40 build/stm32f7xx_hal_msp.o
                0x0000000008000b88                HAL_MspInit
 .text.NMI_Handler
                0x0000000008000bc8        0x2 build/stm32f7xx_it.o
                0x0000000008000bc8                NMI_Handler
 .text.HardFault_Handler
                0x0000000008000bca        0x2 build/stm32f7xx_it.o
                0x0000000008000bca                HardFault_Handler
 .text.MemManage_Handler
                0x0000000008000bcc        0x2 build/stm32f7xx_it.o
                0x0000000008000bcc                MemManage_Handler
 .text.BusFault_Handler
                0x0000000008000bce        0x2 build/stm32f7xx_it.o
                0x0000000008000bce                BusFault_Handler
 .text.UsageFault_Handler
                0x0000000008000bd0        0x2 build/stm32f7xx_it.o
                0x0000000008000bd0                UsageFault_Handler
 .text.DebugMon_Handler
                0x0000000008000bd2        0x2 build/stm32f7xx_it.o
                0x0000000008000bd2                DebugMon_Handler
 .text.SysTick_Handler
                0x0000000008000bd4       0x16 build/stm32f7xx_it.o
                0x0000000008000bd4                SysTick_Handler
 .text._read    0x0000000008000bea       0x20 build/syscalls.o
                0x0000000008000bea                _read
 .text._write   0x0000000008000c0a       0x1c build/syscalls.o
                0x0000000008000c0a                _write
 .text._close   0x0000000008000c26        0x6 build/syscalls.o
                0x0000000008000c26                _close
 .text._fstat   0x0000000008000c2c        0xa build/syscalls.o
                0x0000000008000c2c                _fstat
 .text._isatty  0x0000000008000c36        0x4 build/syscalls.o
                0x0000000008000c36                _isatty
 .text._lseek   0x0000000008000c3a        0x4 build/syscalls.o
                0x0000000008000c3a                _lseek
 *fill*         0x0000000008000c3e        0x2 
 .text._sbrk    0x0000000008000c40       0x48 build/sysmem.o
                0x0000000008000c40                _sbrk
 .text.SystemInit
                0x0000000008000c88       0x14 build/system_stm32f7xx.o
                0x0000000008000c88                SystemInit
 .text.MX_USART1_UART_Init
                0x0000000008000c9c       0x38 build/usart.o
                0x0000000008000c9c                MX_USART1_UART_Init
 .text.HAL_UART_MspInit
                0x0000000008000cd4       0xb4 build/usart.o
                0x0000000008000cd4                HAL_UART_MspInit
 .text.HAL_InitTick
                0x0000000008000d88       0x4c build/stm32f7xx_hal.o
                0x0000000008000d88                HAL_InitTick
 .text.HAL_Init
                0x0000000008000dd4       0x16 build/stm32f7xx_hal.o
                0x0000000008000dd4                HAL_Init
 *fill*         0x0000000008000dea        0x2 
 .text.HAL_IncTick
                0x0000000008000dec       0x18 build/stm32f7xx_hal.o
                0x0000000008000dec                HAL_IncTick
 .text.HAL_GetTick
                0x0000000008000e04        0xc build/stm32f7xx_hal.o
                0x0000000008000e04                HAL_GetTick
 .text.__NVIC_SetPriority
                0x0000000008000e10       0x24 build/stm32f7xx_hal_cortex.o
 .text.NVIC_EncodePriority
                0x0000000008000e34       0x3e build/stm32f7xx_hal_cortex.o
 *fill*         0x0000000008000e72        0x2 
 .text.HAL_NVIC_SetPriorityGrouping
                0x0000000008000e74       0x24 build/stm32f7xx_hal_cortex.o
                0x0000000008000e74                HAL_NVIC_SetPriorityGrouping
 .text.HAL_NVIC_SetPriority
                0x0000000008000e98       0x20 build/stm32f7xx_hal_cortex.o
                0x0000000008000e98                HAL_NVIC_SetPriority
 .text.HAL_SYSTICK_Config
                0x0000000008000eb8       0x28 build/stm32f7xx_hal_cortex.o
                0x0000000008000eb8                HAL_SYSTICK_Config
 .text.HAL_GPIO_Init
                0x0000000008000ee0      0x204 build/stm32f7xx_hal_gpio.o
                0x0000000008000ee0                HAL_GPIO_Init
 .text.HAL_GPIO_WritePin
                0x00000000080010e4        0xc build/stm32f7xx_hal_gpio.o
                0x00000000080010e4                HAL_GPIO_WritePin
 .text.HAL_PWREx_EnableOverDrive
                0x00000000080010f0       0x7c build/stm32f7xx_hal_pwr_ex.o
                0x00000000080010f0                HAL_PWREx_EnableOverDrive
 .text.HAL_RCC_OscConfig
                0x000000000800116c      0x434 build/stm32f7xx_hal_rcc.o
                0x000000000800116c                HAL_RCC_OscConfig
 .text.HAL_RCC_GetSysClockFreq
                0x00000000080015a0       0xa8 build/stm32f7xx_hal_rcc.o
                0x00000000080015a0                HAL_RCC_GetSysClockFreq
 .text.HAL_RCC_ClockConfig
                0x0000000008001648      0x16c build/stm32f7xx_hal_rcc.o
                0x0000000008001648                HAL_RCC_ClockConfig
 .text.HAL_RCC_GetHCLKFreq
                0x00000000080017b4        0xc build/stm32f7xx_hal_rcc.o
                0x00000000080017b4                HAL_RCC_GetHCLKFreq
 .text.HAL_RCC_GetPCLK1Freq
                0x00000000080017c0       0x20 build/stm32f7xx_hal_rcc.o
                0x00000000080017c0                HAL_RCC_GetPCLK1Freq
 .text.HAL_RCC_GetPCLK2Freq
                0x00000000080017e0       0x20 build/stm32f7xx_hal_rcc.o
                0x00000000080017e0                HAL_RCC_GetPCLK2Freq
 .text.HAL_RCCEx_PeriphCLKConfig
                0x0000000008001800      0x5ac build/stm32f7xx_hal_rcc_ex.o
                0x0000000008001800                HAL_RCCEx_PeriphCLKConfig
 .text.UART_SetConfig
                0x0000000008001dac      0x330 build/stm32f7xx_hal_uart.o
                0x0000000008001dac                UART_SetConfig
 .text.UART_AdvFeatureConfig
                0x00000000080020dc       0xca build/stm32f7xx_hal_uart.o
                0x00000000080020dc                UART_AdvFeatureConfig
 .text.UART_WaitOnFlagUntilTimeout
                0x00000000080021a6       0xd4 build/stm32f7xx_hal_uart.o
                0x00000000080021a6                UART_WaitOnFlagUntilTimeout
 .text.HAL_UART_Transmit
                0x000000000800227a       0xbc build/stm32f7xx_hal_uart.o
                0x000000000800227a                HAL_UART_Transmit
 .text.UART_CheckIdleState
                0x0000000008002336       0x4c build/stm32f7xx_hal_uart.o
                0x0000000008002336                UART_CheckIdleState
 .text.HAL_UART_Init
                0x0000000008002382       0x62 build/stm32f7xx_hal_uart.o
                0x0000000008002382                HAL_UART_Init
 .text.makeFreeRtosPriority
                0x00000000080023e4        0xc build/cmsis_os.o
 .text.osKernelStart
                0x00000000080023f0        0xa build/cmsis_os.o
                0x00000000080023f0                osKernelStart
 .text.osThreadCreate
                0x00000000080023fa       0x66 build/cmsis_os.o
                0x00000000080023fa                osThreadCreate
 .text.osDelay  0x0000000008002460        0xe build/cmsis_os.o
                0x0000000008002460                osDelay
 .text.vListInitialise
                0x000000000800246e       0x16 build/list.o
                0x000000000800246e                vListInitialise
 .text.vListInitialiseItem
                0x0000000008002484        0x6 build/list.o
                0x0000000008002484                vListInitialiseItem
 .text.vListInsertEnd
                0x000000000800248a       0x16 build/list.o
                0x000000000800248a                vListInsertEnd
 .text.vListInsert
                0x00000000080024a0       0x32 build/list.o
                0x00000000080024a0                vListInsert
 .text.uxListRemove
                0x00000000080024d2       0x26 build/list.o
                0x00000000080024d2                uxListRemove
 .text.prvTaskExitError
                0x00000000080024f8       0x48 build/port.o
 .text.prvPortStartFirstTask
                0x0000000008002540       0x28 build/port.o
 .text.vPortEnableVFP
                0x0000000008002568       0x14 build/port.o
 .text.pxPortInitialiseStack
                0x000000000800257c       0x2c build/port.o
                0x000000000800257c                pxPortInitialiseStack
 *fill*         0x00000000080025a8        0x8 
 .text.SVC_Handler
                0x00000000080025b0       0x24 build/port.o
                0x00000000080025b0                SVC_Handler
 .text.vPortEnterCritical
                0x00000000080025d4       0x4c build/port.o
                0x00000000080025d4                vPortEnterCritical
 .text.vPortExitCritical
                0x0000000008002620       0x30 build/port.o
                0x0000000008002620                vPortExitCritical
 .text.PendSV_Handler
                0x0000000008002650       0x64 build/port.o
                0x0000000008002650                PendSV_Handler
 .text.xPortSysTickHandler
                0x00000000080026b4       0x30 build/port.o
                0x00000000080026b4                xPortSysTickHandler
 .text.vPortSetupTimerInterrupt
                0x00000000080026e4       0x28 build/port.o
                0x00000000080026e4                vPortSetupTimerInterrupt
 .text.xPortStartScheduler
                0x000000000800270c       0xd4 build/port.o
                0x000000000800270c                xPortStartScheduler
 .text.prvHeapInit
                0x00000000080027e0       0x64 build/heap_4.o
 .text.prvInsertBlockIntoFreeList
                0x0000000008002844       0x64 build/heap_4.o
 .text.pvPortMalloc
                0x00000000080028a8      0x100 build/heap_4.o
                0x00000000080028a8                pvPortMalloc
 .text.vPortFree
                0x00000000080029a8       0x78 build/heap_4.o
                0x00000000080029a8                vPortFree
 .text.prvGetDisinheritPriorityAfterTimeout
                0x0000000008002a20       0x10 build/queue.o
 .text.prvIsQueueFull
                0x0000000008002a30       0x1e build/queue.o
 .text.prvIsQueueEmpty
                0x0000000008002a4e       0x1a build/queue.o
 .text.prvCopyDataToQueue
                0x0000000008002a68       0x76 build/queue.o
 .text.prvUnlockQueue
                0x0000000008002ade       0x6e build/queue.o
 .text.xQueueGenericReset
                0x0000000008002b4c       0x88 build/queue.o
                0x0000000008002b4c                xQueueGenericReset
 .text.prvInitialiseNewQueue
                0x0000000008002bd4       0x1c build/queue.o
 .text.xQueueGenericCreate
                0x0000000008002bf0       0x52 build/queue.o
                0x0000000008002bf0                xQueueGenericCreate
 .text.xQueueGenericSend
                0x0000000008002c42      0x198 build/queue.o
                0x0000000008002c42                xQueueGenericSend
 .text.prvInitialiseMutex
                0x0000000008002dda       0x18 build/queue.o
 .text.xQueueCreateMutex
                0x0000000008002df2       0x16 build/queue.o
                0x0000000008002df2                xQueueCreateMutex
 .text.xQueueSemaphoreTake
                0x0000000008002e08      0x1b6 build/queue.o
                0x0000000008002e08                xQueueSemaphoreTake
 *fill*         0x0000000008002fbe        0x2 
 .text.prvResetNextTaskUnblockTime
                0x0000000008002fc0       0x2c build/tasks.o
 .text.prvInitialiseNewTask
                0x0000000008002fec       0x9c build/tasks.o
 .text.prvInitialiseTaskLists
                0x0000000008003088       0x68 build/tasks.o
 .text.prvAddNewTaskToReadyList
                0x00000000080030f0       0xa8 build/tasks.o
 .text.prvDeleteTCB
                0x0000000008003198       0x3c build/tasks.o
 .text.prvCheckTasksWaitingTermination
                0x00000000080031d4       0x4c build/tasks.o
 .text.prvIdleTask
                0x0000000008003220       0x28 build/tasks.o
 .text.prvAddCurrentTaskToDelayedList
                0x0000000008003248       0xa0 build/tasks.o
 .text.xTaskCreateStatic
                0x00000000080032e8       0x82 build/tasks.o
                0x00000000080032e8                xTaskCreateStatic
 .text.xTaskCreate
                0x000000000800336a       0x64 build/tasks.o
                0x000000000800336a                xTaskCreate
 *fill*         0x00000000080033ce        0x2 
 .text.vTaskStartScheduler
                0x00000000080033d0       0x78 build/tasks.o
                0x00000000080033d0                vTaskStartScheduler
 .text.vTaskSuspendAll
                0x0000000008003448       0x10 build/tasks.o
                0x0000000008003448                vTaskSuspendAll
 .text.xTaskIncrementTick
                0x0000000008003458      0x11c build/tasks.o
                0x0000000008003458                xTaskIncrementTick
 .text.xTaskResumeAll
                0x0000000008003574       0xfc build/tasks.o
                0x0000000008003574                xTaskResumeAll
 .text.vTaskDelay
                0x0000000008003670       0x50 build/tasks.o
                0x0000000008003670                vTaskDelay
 .text.vTaskSwitchContext
                0x00000000080036c0       0x9c build/tasks.o
                0x00000000080036c0                vTaskSwitchContext
 .text.vTaskPlaceOnEventList
                0x000000000800375c       0x34 build/tasks.o
                0x000000000800375c                vTaskPlaceOnEventList
 .text.xTaskRemoveFromEventList
                0x0000000008003790       0x90 build/tasks.o
                0x0000000008003790                xTaskRemoveFromEventList
 .text.vTaskInternalSetTimeOutState
                0x0000000008003820       0x18 build/tasks.o
                0x0000000008003820                vTaskInternalSetTimeOutState
 .text.xTaskCheckForTimeOut
                0x0000000008003838       0x8c build/tasks.o
                0x0000000008003838                xTaskCheckForTimeOut
 .text.vTaskMissedYield
                0x00000000080038c4        0xc build/tasks.o
                0x00000000080038c4                vTaskMissedYield
 .text.xTaskGetSchedulerState
                0x00000000080038d0       0x20 build/tasks.o
                0x00000000080038d0                xTaskGetSchedulerState
 .text.xTaskPriorityInherit
                0x00000000080038f0       0xb8 build/tasks.o
                0x00000000080038f0                xTaskPriorityInherit
 .text.xTaskPriorityDisinherit
                0x00000000080039a8       0xb8 build/tasks.o
                0x00000000080039a8                xTaskPriorityDisinherit
 .text.vTaskPriorityDisinheritAfterTimeout
                0x0000000008003a60       0xc8 build/tasks.o
                0x0000000008003a60                vTaskPriorityDisinheritAfterTimeout
 .text.pvTaskIncrementMutexHeldCount
                0x0000000008003b28       0x1c build/tasks.o
                0x0000000008003b28                pvTaskIncrementMutexHeldCount
 .text.Reset_Handler
                0x0000000008003b44       0x50 build/startup_stm32f746xx.o
                0x0000000008003b44                Reset_Handler
 .text.Default_Handler
                0x0000000008003b94        0x2 build/startup_stm32f746xx.o
                0x0000000008003b94                RTC_Alarm_IRQHandler
                0x0000000008003b94                EXTI2_IRQHandler
                0x0000000008003b94                TIM8_CC_IRQHandler
                0x0000000008003b94                UART8_IRQHandler
                0x0000000008003b94                SPI4_IRQHandler
                0x0000000008003b94                TIM1_CC_IRQHandler
                0x0000000008003b94                DMA2_Stream5_IRQHandler
                0x0000000008003b94                DMA1_Stream5_IRQHandler
                0x0000000008003b94                PVD_IRQHandler
                0x0000000008003b94                TAMP_STAMP_IRQHandler
                0x0000000008003b94                CAN2_RX1_IRQHandler
                0x0000000008003b94                EXTI3_IRQHandler
                0x0000000008003b94                TIM8_TRG_COM_TIM14_IRQHandler
                0x0000000008003b94                TIM1_UP_TIM10_IRQHandler
                0x0000000008003b94                TIM8_UP_TIM13_IRQHandler
                0x0000000008003b94                I2C3_ER_IRQHandler
                0x0000000008003b94                EXTI0_IRQHandler
                0x0000000008003b94                I2C2_EV_IRQHandler
                0x0000000008003b94                DMA1_Stream2_IRQHandler
                0x0000000008003b94                CAN1_RX0_IRQHandler
                0x0000000008003b94                FPU_IRQHandler
                0x0000000008003b94                OTG_HS_WKUP_IRQHandler
                0x0000000008003b94                LTDC_ER_IRQHandler
                0x0000000008003b94                CAN2_SCE_IRQHandler
                0x0000000008003b94                DMA2_Stream2_IRQHandler
                0x0000000008003b94                SPI1_IRQHandler
                0x0000000008003b94                TIM6_DAC_IRQHandler
                0x0000000008003b94                TIM1_BRK_TIM9_IRQHandler
                0x0000000008003b94                DCMI_IRQHandler
                0x0000000008003b94                CAN2_RX0_IRQHandler
                0x0000000008003b94                DMA2_Stream3_IRQHandler
                0x0000000008003b94                SAI2_IRQHandler
                0x0000000008003b94                USART6_IRQHandler
                0x0000000008003b94                USART3_IRQHandler
                0x0000000008003b94                CAN1_RX1_IRQHandler
                0x0000000008003b94                UART5_IRQHandler
                0x0000000008003b94                DMA2_Stream0_IRQHandler
                0x0000000008003b94                TIM4_IRQHandler
                0x0000000008003b94                QUADSPI_IRQHandler
                0x0000000008003b94                I2C1_EV_IRQHandler
                0x0000000008003b94                DMA1_Stream6_IRQHandler
                0x0000000008003b94                DMA1_Stream1_IRQHandler
                0x0000000008003b94                UART4_IRQHandler
                0x0000000008003b94                TIM3_IRQHandler
                0x0000000008003b94                RCC_IRQHandler
                0x0000000008003b94                TIM8_BRK_TIM12_IRQHandler
                0x0000000008003b94                Default_Handler
                0x0000000008003b94                CEC_IRQHandler
                0x0000000008003b94                EXTI15_10_IRQHandler
                0x0000000008003b94                ADC_IRQHandler
                0x0000000008003b94                DMA1_Stream7_IRQHandler
                0x0000000008003b94                SPI5_IRQHandler
                0x0000000008003b94                TIM7_IRQHandler
                0x0000000008003b94                SDMMC1_IRQHandler
                0x0000000008003b94                CAN2_TX_IRQHandler
                0x0000000008003b94                TIM5_IRQHandler
                0x0000000008003b94                DMA2_Stream7_IRQHandler
                0x0000000008003b94                I2C3_EV_IRQHandler
                0x0000000008003b94                EXTI9_5_IRQHandler
                0x0000000008003b94                RTC_WKUP_IRQHandler
                0x0000000008003b94                LTDC_IRQHandler
                0x0000000008003b94                ETH_WKUP_IRQHandler
                0x0000000008003b94                SPDIF_RX_IRQHandler
                0x0000000008003b94                SPI2_IRQHandler
                0x0000000008003b94                OTG_HS_EP1_IN_IRQHandler
                0x0000000008003b94                DMA1_Stream0_IRQHandler
                0x0000000008003b94                CAN1_TX_IRQHandler
                0x0000000008003b94                EXTI4_IRQHandler
                0x0000000008003b94                RNG_IRQHandler
                0x0000000008003b94                ETH_IRQHandler
                0x0000000008003b94                OTG_HS_EP1_OUT_IRQHandler
                0x0000000008003b94                WWDG_IRQHandler
                0x0000000008003b94                SPI6_IRQHandler
                0x0000000008003b94                I2C4_EV_IRQHandler
                0x0000000008003b94                TIM2_IRQHandler
                0x0000000008003b94                OTG_FS_WKUP_IRQHandler
                0x0000000008003b94                TIM1_TRG_COM_TIM11_IRQHandler
                0x0000000008003b94                OTG_HS_IRQHandler
                0x0000000008003b94                DMA2D_IRQHandler
                0x0000000008003b94                EXTI1_IRQHandler
                0x0000000008003b94                UART7_IRQHandler
                0x0000000008003b94                USART2_IRQHandler
                0x0000000008003b94                I2C2_ER_IRQHandler
                0x0000000008003b94                DMA2_Stream1_IRQHandler
                0x0000000008003b94                CAN1_SCE_IRQHandler
                0x0000000008003b94                FLASH_IRQHandler
                0x0000000008003b94                DMA2_Stream4_IRQHandler
                0x0000000008003b94                USART1_IRQHandler
                0x0000000008003b94                OTG_FS_IRQHandler
                0x0000000008003b94                SPI3_IRQHandler
                0x0000000008003b94                DMA1_Stream4_IRQHandler
                0x0000000008003b94                I2C1_ER_IRQHandler
                0x0000000008003b94                FMC_IRQHandler
                0x0000000008003b94                LPTIM1_IRQHandler
                0x0000000008003b94                I2C4_ER_IRQHandler
                0x0000000008003b94                DMA2_Stream6_IRQHandler
                0x0000000008003b94                SAI1_IRQHandler
                0x0000000008003b94                DMA1_Stream3_IRQHandler
 *fill*         0x0000000008003b96        0x2 
 .text.std      0x0000000008003b98       0x6c c:/users/billa/appdata/roaming/code/user/globalstorage/bmd.stm32-for-vscode/@xpack-dev-tools/arm-none-eabi-gcc/12.2.1-1.2.1/.content/bin/../lib/gcc/arm-none-eabi/12.2.1/../../../../arm-none-eabi/lib/thumb/v7e-m+fp/hard\libc_nano.a(libc_a-findfp.o)
 .text.stdio_exit_handler
                0x0000000008003c04       0x18 c:/users/billa/appdata/roaming/code/user/globalstorage/bmd.stm32-for-vscode/@xpack-dev-tools/arm-none-eabi-gcc/12.2.1-1.2.1/.content/bin/../lib/gcc/arm-none-eabi/12.2.1/../../../../arm-none-eabi/lib/thumb/v7e-m+fp/hard\libc_nano.a(libc_a-findfp.o)
 .text.cleanup_stdio
                0x0000000008003c1c       0x40 c:/users/billa/appdata/roaming/code/user/globalstorage/bmd.stm32-for-vscode/@xpack-dev-tools/arm-none-eabi-gcc/12.2.1-1.2.1/.content/bin/../lib/gcc/arm-none-eabi/12.2.1/../../../../arm-none-eabi/lib/thumb/v7e-m+fp/hard\libc_nano.a(libc_a-findfp.o)
 .text.global_stdio_init.part.0
                0x0000000008003c5c       0x3c c:/users/billa/appdata/roaming/code/user/globalstorage/bmd.stm32-for-vscode/@xpack-dev-tools/arm-none-eabi-gcc/12.2.1-1.2.1/.content/bin/../lib/gcc/arm-none-eabi/12.2.1/../../../../arm-none-eabi/lib/thumb/v7e-m+fp/hard\libc_nano.a(libc_a-findfp.o)
 .text.__sfp_lock_acquire
                0x0000000008003c98        0xc c:/users/billa/appdata/roaming/code/user/globalstorage/bmd.stm32-for-vscode/@xpack-dev-tools/arm-none-eabi-gcc/12.2.1-1.2.1/.content/bin/../lib/gcc/arm-none-eabi/12.2.1/../../../../arm-none-eabi/lib/thumb/v7e-m+fp/hard\libc_nano.a(libc_a-findfp.o)
                0x0000000008003c98                __sfp_lock_acquire
 .text.__sfp_lock_release
                0x0000000008003ca4        0xc c:/users/billa/appdata/roaming/code/user/globalstorage/bmd.stm32-for-vscode/@xpack-dev-tools/arm-none-eabi-gcc/12.2.1-1.2.1/.content/bin/../lib/gcc/arm-none-eabi/12.2.1/../../../../arm-none-eabi/lib/thumb/v7e-m+fp/hard\libc_nano.a(libc_a-findfp.o)
                0x0000000008003ca4                __sfp_lock_release
 .text.__sinit  0x0000000008003cb0       0x30 c:/users/billa/appdata/roaming/code/user/globalstorage/bmd.stm32-for-vscode/@xpack-dev-tools/arm-none-eabi-gcc/12.2.1-1.2.1/.content/bin/../lib/gcc/arm-none-eabi/12.2.1/../../../../arm-none-eabi/lib/thumb/v7e-m+fp/hard\libc_nano.a(libc_a-findfp.o)
                0x0000000008003cb0                __sinit
 .text._fwalk_sglue
                0x0000000008003ce0       0x3c c:/users/billa/appdata/roaming/code/user/globalstorage/bmd.stm32-for-vscode/@xpack-dev-tools/arm-none-eabi-gcc/12.2.1-1.2.1/.content/bin/../lib/gcc/arm-none-eabi/12.2.1/../../../../arm-none-eabi/lib/thumb/v7e-m+fp/hard\libc_nano.a(libc_a-fwalk.o)
                0x0000000008003ce0                _fwalk_sglue
 .text.printf   0x0000000008003d1c       0x24 c:/users/billa/appdata/roaming/code/user/globalstorage/bmd.stm32-for-vscode/@xpack-dev-tools/arm-none-eabi-gcc/12.2.1-1.2.1/.content/bin/../lib/gcc/arm-none-eabi/12.2.1/../../../../arm-none-eabi/lib/thumb/v7e-m+fp/hard\libc_nano.a(libc_a-printf.o)
                0x0000000008003d1c                iprintf
                0x0000000008003d1c                printf
 .text.__sread  0x0000000008003d40       0x22 c:/users/billa/appdata/roaming/code/user/globalstorage/bmd.stm32-for-vscode/@xpack-dev-tools/arm-none-eabi-gcc/12.2.1-1.2.1/.content/bin/../lib/gcc/arm-none-eabi/12.2.1/../../../../arm-none-eabi/lib/thumb/v7e-m+fp/hard\libc_nano.a(libc_a-stdio.o)
                0x0000000008003d40                __sread
 .text.__swrite
                0x0000000008003d62       0x38 c:/users/billa/appdata/roaming/code/user/globalstorage/bmd.stm32-for-vscode/@xpack-dev-tools/arm-none-eabi-gcc/12.2.1-1.2.1/.content/bin/../lib/gcc/arm-none-eabi/12.2.1/../../../../arm-none-eabi/lib/thumb/v7e-m+fp/hard\libc_nano.a(libc_a-stdio.o)
                0x0000000008003d62                __swrite
 .text.__sseek  0x0000000008003d9a       0x24 c:/users/billa/appdata/roaming/code/user/globalstorage/bmd.stm32-for-vscode/@xpack-dev-tools/arm-none-eabi-gcc/12.2.1-1.2.1/.content/bin/../lib/gcc/arm-none-eabi/12.2.1/../../../../arm-none-eabi/lib/thumb/v7e-m+fp/hard\libc_nano.a(libc_a-stdio.o)
                0x0000000008003d9a                __sseek
 .text.__sclose
                0x0000000008003dbe        0x8 c:/users/billa/appdata/roaming/code/user/globalstorage/bmd.stm32-for-vscode/@xpack-dev-tools/arm-none-eabi-gcc/12.2.1-1.2.1/.content/bin/../lib/gcc/arm-none-eabi/12.2.1/../../../../arm-none-eabi/lib/thumb/v7e-m+fp/hard\libc_nano.a(libc_a-stdio.o)
                0x0000000008003dbe                __sclose
 .text.memset   0x0000000008003dc6       0x10 c:/users/billa/appdata/roaming/code/user/globalstorage/bmd.stm32-for-vscode/@xpack-dev-tools/arm-none-eabi-gcc/12.2.1-1.2.1/.content/bin/../lib/gcc/arm-none-eabi/12.2.1/../../../../arm-none-eabi/lib/thumb/v7e-m+fp/hard\libc_nano.a(libc_a-memset.o)
                0x0000000008003dc6                memset
 *fill*         0x0000000008003dd6        0x2 
 .text._close_r
                0x0000000008003dd8       0x20 c:/users/billa/appdata/roaming/code/user/globalstorage/bmd.stm32-for-vscode/@xpack-dev-tools/arm-none-eabi-gcc/12.2.1-1.2.1/.content/bin/../lib/gcc/arm-none-eabi/12.2.1/../../../../arm-none-eabi/lib/thumb/v7e-m+fp/hard\libc_nano.a(libc_a-closer.o)
                0x0000000008003dd8                _close_r
 .text._lseek_r
                0x0000000008003df8       0x24 c:/users/billa/appdata/roaming/code/user/globalstorage/bmd.stm32-for-vscode/@xpack-dev-tools/arm-none-eabi-gcc/12.2.1-1.2.1/.content/bin/../lib/gcc/arm-none-eabi/12.2.1/../../../../arm-none-eabi/lib/thumb/v7e-m+fp/hard\libc_nano.a(libc_a-lseekr.o)
                0x0000000008003df8                _lseek_r
 .text._read_r  0x0000000008003e1c       0x24 c:/users/billa/appdata/roaming/code/user/globalstorage/bmd.stm32-for-vscode/@xpack-dev-tools/arm-none-eabi-gcc/12.2.1-1.2.1/.content/bin/../lib/gcc/arm-none-eabi/12.2.1/../../../../arm-none-eabi/lib/thumb/v7e-m+fp/hard\libc_nano.a(libc_a-readr.o)
                0x0000000008003e1c                _read_r
 .text._write_r
                0x0000000008003e40       0x24 c:/users/billa/appdata/roaming/code/user/globalstorage/bmd.stm32-for-vscode/@xpack-dev-tools/arm-none-eabi-gcc/12.2.1-1.2.1/.content/bin/../lib/gcc/arm-none-eabi/12.2.1/../../../../arm-none-eabi/lib/thumb/v7e-m+fp/hard\libc_nano.a(libc_a-writer.o)
                0x0000000008003e40                _write_r
 .text.__errno  0x0000000008003e64        0xc c:/users/billa/appdata/roaming/code/user/globalstorage/bmd.stm32-for-vscode/@xpack-dev-tools/arm-none-eabi-gcc/12.2.1-1.2.1/.content/bin/../lib/gcc/arm-none-eabi/12.2.1/../../../../arm-none-eabi/lib/thumb/v7e-m+fp/hard\libc_nano.a(libc_a-errno.o)
                0x0000000008003e64                __errno
 .text.__libc_init_array
                0x0000000008003e70       0x48 c:/users/billa/appdata/roaming/code/user/globalstorage/bmd.stm32-for-vscode/@xpack-dev-tools/arm-none-eabi-gcc/12.2.1-1.2.1/.content/bin/../lib/gcc/arm-none-eabi/12.2.1/../../../../arm-none-eabi/lib/thumb/v7e-m+fp/hard\libc_nano.a(libc_a-init.o)
                0x0000000008003e70                __libc_init_array
 .text.__retarget_lock_init_recursive
                0x0000000008003eb8        0x2 c:/users/billa/appdata/roaming/code/user/globalstorage/bmd.stm32-for-vscode/@xpack-dev-tools/arm-none-eabi-gcc/12.2.1-1.2.1/.content/bin/../lib/gcc/arm-none-eabi/12.2.1/../../../../arm-none-eabi/lib/thumb/v7e-m+fp/hard\libc_nano.a(libc_a-lock.o)
                0x0000000008003eb8                __retarget_lock_init_recursive
 .text.__retarget_lock_acquire_recursive
                0x0000000008003eba        0x2 c:/users/billa/appdata/roaming/code/user/globalstorage/bmd.stm32-for-vscode/@xpack-dev-tools/arm-none-eabi-gcc/12.2.1-1.2.1/.content/bin/../lib/gcc/arm-none-eabi/12.2.1/../../../../arm-none-eabi/lib/thumb/v7e-m+fp/hard\libc_nano.a(libc_a-lock.o)
                0x0000000008003eba                __retarget_lock_acquire_recursive
 .text.__retarget_lock_release_recursive
                0x0000000008003ebc        0x2 c:/users/billa/appdata/roaming/code/user/globalstorage/bmd.stm32-for-vscode/@xpack-dev-tools/arm-none-eabi-gcc/12.2.1-1.2.1/.content/bin/../lib/gcc/arm-none-eabi/12.2.1/../../../../arm-none-eabi/lib/thumb/v7e-m+fp/hard\libc_nano.a(libc_a-lock.o)
                0x0000000008003ebc                __retarget_lock_release_recursive
 .text.memcpy   0x0000000008003ebe       0x1c c:/users/billa/appdata/roaming/code/user/globalstorage/bmd.stm32-for-vscode/@xpack-dev-tools/arm-none-eabi-gcc/12.2.1-1.2.1/.content/bin/../lib/gcc/arm-none-eabi/12.2.1/../../../../arm-none-eabi/lib/thumb/v7e-m+fp/hard\libc_nano.a(libc_a-memcpy-stub.o)
                0x0000000008003ebe                memcpy
 *fill*         0x0000000008003eda        0x2 
 .text._free_r  0x0000000008003edc       0x94 c:/users/billa/appdata/roaming/code/user/globalstorage/bmd.stm32-for-vscode/@xpack-dev-tools/arm-none-eabi-gcc/12.2.1-1.2.1/.content/bin/../lib/gcc/arm-none-eabi/12.2.1/../../../../arm-none-eabi/lib/thumb/v7e-m+fp/hard\libc_nano.a(libc_a-freer.o)
                0x0000000008003edc                _free_r
 .text.sbrk_aligned
                0x0000000008003f70       0x44 c:/users/billa/appdata/roaming/code/user/globalstorage/bmd.stm32-for-vscode/@xpack-dev-tools/arm-none-eabi-gcc/12.2.1-1.2.1/.content/bin/../lib/gcc/arm-none-eabi/12.2.1/../../../../arm-none-eabi/lib/thumb/v7e-m+fp/hard\libc_nano.a(libc_a-mallocr.o)
 .text._malloc_r
                0x0000000008003fb4       0xf0 c:/users/billa/appdata/roaming/code/user/globalstorage/bmd.stm32-for-vscode/@xpack-dev-tools/arm-none-eabi-gcc/12.2.1-1.2.1/.content/bin/../lib/gcc/arm-none-eabi/12.2.1/../../../../arm-none-eabi/lib/thumb/v7e-m+fp/hard\libc_nano.a(libc_a-mallocr.o)
                0x0000000008003fb4                _malloc_r
 .text.__malloc_lock
                0x00000000080040a4        0xc c:/users/billa/appdata/roaming/code/user/globalstorage/bmd.stm32-for-vscode/@xpack-dev-tools/arm-none-eabi-gcc/12.2.1-1.2.1/.content/bin/../lib/gcc/arm-none-eabi/12.2.1/../../../../arm-none-eabi/lib/thumb/v7e-m+fp/hard\libc_nano.a(libc_a-mlock.o)
                0x00000000080040a4                __malloc_lock
 .text.__malloc_unlock
                0x00000000080040b0        0xc c:/users/billa/appdata/roaming/code/user/globalstorage/bmd.stm32-for-vscode/@xpack-dev-tools/arm-none-eabi-gcc/12.2.1-1.2.1/.content/bin/../lib/gcc/arm-none-eabi/12.2.1/../../../../arm-none-eabi/lib/thumb/v7e-m+fp/hard\libc_nano.a(libc_a-mlock.o)
                0x00000000080040b0                __malloc_unlock
 .text.__sfputc_r
                0x00000000080040bc       0x2e c:/users/billa/appdata/roaming/code/user/globalstorage/bmd.stm32-for-vscode/@xpack-dev-tools/arm-none-eabi-gcc/12.2.1-1.2.1/.content/bin/../lib/gcc/arm-none-eabi/12.2.1/../../../../arm-none-eabi/lib/thumb/v7e-m+fp/hard\libc_nano.a(libc_a-nano-vfprintf.o)
 .text.__sfputs_r
                0x00000000080040ea       0x24 c:/users/billa/appdata/roaming/code/user/globalstorage/bmd.stm32-for-vscode/@xpack-dev-tools/arm-none-eabi-gcc/12.2.1-1.2.1/.content/bin/../lib/gcc/arm-none-eabi/12.2.1/../../../../arm-none-eabi/lib/thumb/v7e-m+fp/hard\libc_nano.a(libc_a-nano-vfprintf.o)
                0x00000000080040ea                __sfputs_r
 *fill*         0x000000000800410e        0x2 
 .text._vfprintf_r
                0x0000000008004110      0x230 c:/users/billa/appdata/roaming/code/user/globalstorage/bmd.stm32-for-vscode/@xpack-dev-tools/arm-none-eabi-gcc/12.2.1-1.2.1/.content/bin/../lib/gcc/arm-none-eabi/12.2.1/../../../../arm-none-eabi/lib/thumb/v7e-m+fp/hard\libc_nano.a(libc_a-nano-vfprintf.o)
                0x0000000008004110                _vfprintf_r
                0x0000000008004110                _vfiprintf_r
 .text._printf_common
                0x0000000008004340       0xda c:/users/billa/appdata/roaming/code/user/globalstorage/bmd.stm32-for-vscode/@xpack-dev-tools/arm-none-eabi-gcc/12.2.1-1.2.1/.content/bin/../lib/gcc/arm-none-eabi/12.2.1/../../../../arm-none-eabi/lib/thumb/v7e-m+fp/hard\libc_nano.a(libc_a-nano-vfprintf_i.o)
                0x0000000008004340                _printf_common
 *fill*         0x000000000800441a        0x2 
 .text._printf_i
                0x000000000800441c      0x258 c:/users/billa/appdata/roaming/code/user/globalstorage/bmd.stm32-for-vscode/@xpack-dev-tools/arm-none-eabi-gcc/12.2.1-1.2.1/.content/bin/../lib/gcc/arm-none-eabi/12.2.1/../../../../arm-none-eabi/lib/thumb/v7e-m+fp/hard\libc_nano.a(libc_a-nano-vfprintf_i.o)
                0x000000000800441c                _printf_i
 .text.__sflush_r
                0x0000000008004674      0x108 c:/users/billa/appdata/roaming/code/user/globalstorage/bmd.stm32-for-vscode/@xpack-dev-tools/arm-none-eabi-gcc/12.2.1-1.2.1/.content/bin/../lib/gcc/arm-none-eabi/12.2.1/../../../../arm-none-eabi/lib/thumb/v7e-m+fp/hard\libc_nano.a(libc_a-fflush.o)
                0x0000000008004674                __sflush_r
 .text._fflush_r
                0x000000000800477c       0x50 c:/users/billa/appdata/roaming/code/user/globalstorage/bmd.stm32-for-vscode/@xpack-dev-tools/arm-none-eabi-gcc/12.2.1-1.2.1/.content/bin/../lib/gcc/arm-none-eabi/12.2.1/../../../../arm-none-eabi/lib/thumb/v7e-m+fp/hard\libc_nano.a(libc_a-fflush.o)
                0x000000000800477c                _fflush_r
 .text.__swbuf_r
                0x00000000080047cc       0x7c c:/users/billa/appdata/roaming/code/user/globalstorage/bmd.stm32-for-vscode/@xpack-dev-tools/arm-none-eabi-gcc/12.2.1-1.2.1/.content/bin/../lib/gcc/arm-none-eabi/12.2.1/../../../../arm-none-eabi/lib/thumb/v7e-m+fp/hard\libc_nano.a(libc_a-wbuf.o)
                0x00000000080047cc                __swbuf_r
 .text.__swsetup_r
                0x0000000008004848       0xac c:/users/billa/appdata/roaming/code/user/globalstorage/bmd.stm32-for-vscode/@xpack-dev-tools/arm-none-eabi-gcc/12.2.1-1.2.1/.content/bin/../lib/gcc/arm-none-eabi/12.2.1/../../../../arm-none-eabi/lib/thumb/v7e-m+fp/hard\libc_nano.a(libc_a-wsetup.o)
                0x0000000008004848                __swsetup_r
 .text._sbrk_r  0x00000000080048f4       0x20 c:/users/billa/appdata/roaming/code/user/globalstorage/bmd.stm32-for-vscode/@xpack-dev-tools/arm-none-eabi-gcc/12.2.1-1.2.1/.content/bin/../lib/gcc/arm-none-eabi/12.2.1/../../../../arm-none-eabi/lib/thumb/v7e-m+fp/hard\libc_nano.a(libc_a-sbrkr.o)
                0x00000000080048f4                _sbrk_r
 .text.__swhatbuf_r
                0x0000000008004914       0x4c c:/users/billa/appdata/roaming/code/user/globalstorage/bmd.stm32-for-vscode/@xpack-dev-tools/arm-none-eabi-gcc/12.2.1-1.2.1/.content/bin/../lib/gcc/arm-none-eabi/12.2.1/../../../../arm-none-eabi/lib/thumb/v7e-m+fp/hard\libc_nano.a(libc_a-makebuf.o)
                0x0000000008004914                __swhatbuf_r
 .text.__smakebuf_r
                0x0000000008004960       0x78 c:/users/billa/appdata/roaming/code/user/globalstorage/bmd.stm32-for-vscode/@xpack-dev-tools/arm-none-eabi-gcc/12.2.1-1.2.1/.content/bin/../lib/gcc/arm-none-eabi/12.2.1/../../../../arm-none-eabi/lib/thumb/v7e-m+fp/hard\libc_nano.a(libc_a-makebuf.o)
                0x0000000008004960                __smakebuf_r
 .text._fstat_r
                0x00000000080049d8       0x24 c:/users/billa/appdata/roaming/code/user/globalstorage/bmd.stm32-for-vscode/@xpack-dev-tools/arm-none-eabi-gcc/12.2.1-1.2.1/.content/bin/../lib/gcc/arm-none-eabi/12.2.1/../../../../arm-none-eabi/lib/thumb/v7e-m+fp/hard\libc_nano.a(libc_a-fstatr.o)
                0x00000000080049d8                _fstat_r
 .text._isatty_r
                0x00000000080049fc       0x20 c:/users/billa/appdata/roaming/code/user/globalstorage/bmd.stm32-for-vscode/@xpack-dev-tools/arm-none-eabi-gcc/12.2.1-1.2.1/.content/bin/../lib/gcc/arm-none-eabi/12.2.1/../../../../arm-none-eabi/lib/thumb/v7e-m+fp/hard\libc_nano.a(libc_a-isattyr.o)
                0x00000000080049fc                _isatty_r
 .text.__udivmoddi4
                0x0000000008004a1c      0x2bc c:/users/billa/appdata/roaming/code/user/globalstorage/bmd.stm32-for-vscode/@xpack-dev-tools/arm-none-eabi-gcc/12.2.1-1.2.1/.content/bin/../lib/gcc/arm-none-eabi/12.2.1/thumb/v7e-m+fp/hard\libgcc.a(_udivmoddi4.o)
                0x0000000008004a1c                __udivmoddi4
 *(.glue_7)
 .glue_7        0x0000000008004cd8        0x0 linker stubs
 *(.glue_7t)
 .glue_7t       0x0000000008004cd8        0x0 linker stubs
 *(.eh_frame)
 .eh_frame      0x0000000008004cd8        0x0 c:/users/billa/appdata/roaming/code/user/globalstorage/bmd.stm32-for-vscode/@xpack-dev-tools/arm-none-eabi-gcc/12.2.1-1.2.1/.content/bin/../lib/gcc/arm-none-eabi/12.2.1/thumb/v7e-m+fp/hard/crtbegin.o
 *(.init)
 .init          0x0000000008004cd8        0x4 c:/users/billa/appdata/roaming/code/user/globalstorage/bmd.stm32-for-vscode/@xpack-dev-tools/arm-none-eabi-gcc/12.2.1-1.2.1/.content/bin/../lib/gcc/arm-none-eabi/12.2.1/thumb/v7e-m+fp/hard/crti.o
                0x0000000008004cd8                _init
 .init          0x0000000008004cdc        0x8 c:/users/billa/appdata/roaming/code/user/globalstorage/bmd.stm32-for-vscode/@xpack-dev-tools/arm-none-eabi-gcc/12.2.1-1.2.1/.content/bin/../lib/gcc/arm-none-eabi/12.2.1/thumb/v7e-m+fp/hard/crtn.o
 *(.fini)
 .fini          0x0000000008004ce4        0x4 c:/users/billa/appdata/roaming/code/user/globalstorage/bmd.stm32-for-vscode/@xpack-dev-tools/arm-none-eabi-gcc/12.2.1-1.2.1/.content/bin/../lib/gcc/arm-none-eabi/12.2.1/thumb/v7e-m+fp/hard/crti.o
                0x0000000008004ce4                _fini
 .fini          0x0000000008004ce8        0x8 c:/users/billa/appdata/roaming/code/user/globalstorage/bmd.stm32-for-vscode/@xpack-dev-tools/arm-none-eabi-gcc/12.2.1-1.2.1/.content/bin/../lib/gcc/arm-none-eabi/12.2.1/thumb/v7e-m+fp/hard/crtn.o
                0x0000000008004cf0                . = ALIGN (0x4)
                0x0000000008004cf0                _etext = .

.vfp11_veneer   0x0000000008004cf0        0x0
 .vfp11_veneer  0x0000000008004cf0        0x0 linker stubs

.v4_bx          0x0000000008004cf0        0x0
 .v4_bx         0x0000000008004cf0        0x0 linker stubs

.iplt           0x0000000008004cf0        0x0
 .iplt          0x0000000008004cf0        0x0 c:/users/billa/appdata/roaming/code/user/globalstorage/bmd.stm32-for-vscode/@xpack-dev-tools/arm-none-eabi-gcc/12.2.1-1.2.1/.content/bin/../lib/gcc/arm-none-eabi/12.2.1/thumb/v7e-m+fp/hard/crtbegin.o

.rodata         0x0000000008004cf0       0xf0
                0x0000000008004cf0                . = ALIGN (0x4)
 *(.rodata)
 .rodata        0x0000000008004cf0       0x1c build/freertos.o
 *(.rodata*)
 .rodata.str1.4
                0x0000000008004d0c        0xc build/freertos.o
 .rodata.task1.str1.4
                0x0000000008004d18       0x32 build/main.o
 *fill*         0x0000000008004d4a        0x2 
 .rodata.task2.str1.4
                0x0000000008004d4c       0x32 build/main.o
 *fill*         0x0000000008004d7e        0x2 
 .rodata.main.str1.4
                0x0000000008004d80       0x10 build/main.o
 .rodata.APBPrescTable
                0x0000000008004d90        0x8 build/system_stm32f7xx.o
                0x0000000008004d90                APBPrescTable
 .rodata.AHBPrescTable
                0x0000000008004d98       0x10 build/system_stm32f7xx.o
                0x0000000008004d98                AHBPrescTable
 .rodata.vTaskStartScheduler.str1.4
                0x0000000008004da8        0x5 build/tasks.o
 .rodata._vfprintf_r.str1.1
                0x0000000008004dad       0x11 c:/users/billa/appdata/roaming/code/user/globalstorage/bmd.stm32-for-vscode/@xpack-dev-tools/arm-none-eabi-gcc/12.2.1-1.2.1/.content/bin/../lib/gcc/arm-none-eabi/12.2.1/../../../../arm-none-eabi/lib/thumb/v7e-m+fp/hard\libc_nano.a(libc_a-nano-vfprintf.o)
 .rodata._printf_i.str1.1
                0x0000000008004dbe       0x22 c:/users/billa/appdata/roaming/code/user/globalstorage/bmd.stm32-for-vscode/@xpack-dev-tools/arm-none-eabi-gcc/12.2.1-1.2.1/.content/bin/../lib/gcc/arm-none-eabi/12.2.1/../../../../arm-none-eabi/lib/thumb/v7e-m+fp/hard\libc_nano.a(libc_a-nano-vfprintf_i.o)
                0x0000000008004de0                . = ALIGN (0x4)

.ARM.extab
 *(.ARM.extab* .gnu.linkonce.armextab.*)

.ARM            0x0000000008004de0        0x8
                0x0000000008004de0                __exidx_start = .
 *(.ARM.exidx*)
 .ARM.exidx.text.__udivmoddi4
                0x0000000008004de0        0x8 c:/users/billa/appdata/roaming/code/user/globalstorage/bmd.stm32-for-vscode/@xpack-dev-tools/arm-none-eabi-gcc/12.2.1-1.2.1/.content/bin/../lib/gcc/arm-none-eabi/12.2.1/thumb/v7e-m+fp/hard\libgcc.a(_udivmoddi4.o)
                0x0000000008004de8                __exidx_end = .

.rel.dyn        0x0000000008004de8        0x0
 .rel.iplt      0x0000000008004de8        0x0 c:/users/billa/appdata/roaming/code/user/globalstorage/bmd.stm32-for-vscode/@xpack-dev-tools/arm-none-eabi-gcc/12.2.1-1.2.1/.content/bin/../lib/gcc/arm-none-eabi/12.2.1/thumb/v7e-m+fp/hard/crtbegin.o

.preinit_array  0x0000000008004de8        0x0
                0x0000000008004de8                PROVIDE (__preinit_array_start = .)
 *(.preinit_array*)
                0x0000000008004de8                PROVIDE (__preinit_array_end = .)

.init_array     0x0000000008004de8        0x4
                0x0000000008004de8                PROVIDE (__init_array_start = .)
 *(SORT_BY_NAME(.init_array.*))
 *(.init_array*)
 .init_array    0x0000000008004de8        0x4 c:/users/billa/appdata/roaming/code/user/globalstorage/bmd.stm32-for-vscode/@xpack-dev-tools/arm-none-eabi-gcc/12.2.1-1.2.1/.content/bin/../lib/gcc/arm-none-eabi/12.2.1/thumb/v7e-m+fp/hard/crtbegin.o
                0x0000000008004dec                PROVIDE (__init_array_end = .)

.fini_array     0x0000000008004dec        0x4
                0x0000000008004dec                PROVIDE (__fini_array_start = .)
 *(SORT_BY_NAME(.fini_array.*))
 *(.fini_array*)
 .fini_array    0x0000000008004dec        0x4 c:/users/billa/appdata/roaming/code/user/globalstorage/bmd.stm32-for-vscode/@xpack-dev-tools/arm-none-eabi-gcc/12.2.1-1.2.1/.content/bin/../lib/gcc/arm-none-eabi/12.2.1/thumb/v7e-m+fp/hard/crtbegin.o
                0x0000000008004df0                PROVIDE (__fini_array_end = .)
                0x0000000008004df0                _sidata = LOADADDR (.data)

.data           0x0000000020000000       0x6c load address 0x0000000008004df0
                0x0000000020000000                . = ALIGN (0x4)
                0x0000000020000000                _sdata = .
 *(.data)
 *(.data*)
 .data.SystemCoreClock
                0x0000000020000000        0x4 build/system_stm32f7xx.o
                0x0000000020000000                SystemCoreClock
 .data.uwTickFreq
                0x0000000020000004        0x1 build/stm32f7xx_hal.o
                0x0000000020000004                uwTickFreq
 *fill*         0x0000000020000005        0x3 
 .data.uwTickPrio
                0x0000000020000008        0x4 build/stm32f7xx_hal.o
                0x0000000020000008                uwTickPrio
 .data.uxCriticalNesting
                0x000000002000000c        0x4 build/port.o
 .data.__sglue  0x0000000020000010        0xc c:/users/billa/appdata/roaming/code/user/globalstorage/bmd.stm32-for-vscode/@xpack-dev-tools/arm-none-eabi-gcc/12.2.1-1.2.1/.content/bin/../lib/gcc/arm-none-eabi/12.2.1/../../../../arm-none-eabi/lib/thumb/v7e-m+fp/hard\libc_nano.a(libc_a-findfp.o)
                0x0000000020000010                __sglue
 .data._impure_ptr
                0x000000002000001c        0x4 c:/users/billa/appdata/roaming/code/user/globalstorage/bmd.stm32-for-vscode/@xpack-dev-tools/arm-none-eabi-gcc/12.2.1-1.2.1/.content/bin/../lib/gcc/arm-none-eabi/12.2.1/../../../../arm-none-eabi/lib/thumb/v7e-m+fp/hard\libc_nano.a(libc_a-impure.o)
                0x000000002000001c                _impure_ptr
 .data._impure_data
                0x0000000020000020       0x4c c:/users/billa/appdata/roaming/code/user/globalstorage/bmd.stm32-for-vscode/@xpack-dev-tools/arm-none-eabi-gcc/12.2.1-1.2.1/.content/bin/../lib/gcc/arm-none-eabi/12.2.1/../../../../arm-none-eabi/lib/thumb/v7e-m+fp/hard\libc_nano.a(libc_a-impure.o)
                0x0000000020000020                _impure_data
                0x000000002000006c                . = ALIGN (0x4)
                0x000000002000006c                _edata = .

.igot.plt       0x000000002000006c        0x0 load address 0x0000000008004e5c
 .igot.plt      0x000000002000006c        0x0 c:/users/billa/appdata/roaming/code/user/globalstorage/bmd.stm32-for-vscode/@xpack-dev-tools/arm-none-eabi-gcc/12.2.1-1.2.1/.content/bin/../lib/gcc/arm-none-eabi/12.2.1/thumb/v7e-m+fp/hard/crtbegin.o
                0x000000002000006c                . = ALIGN (0x4)

.bss            0x000000002000006c     0x41a0 load address 0x0000000008004e5c
                0x000000002000006c                _sbss = .
                0x000000002000006c                __bss_start__ = _sbss
 *(.bss)
 *(.bss*)
 .bss.completed.1
                0x000000002000006c        0x1 c:/users/billa/appdata/roaming/code/user/globalstorage/bmd.stm32-for-vscode/@xpack-dev-tools/arm-none-eabi-gcc/12.2.1-1.2.1/.content/bin/../lib/gcc/arm-none-eabi/12.2.1/thumb/v7e-m+fp/hard/crtbegin.o
 *fill*         0x000000002000006d        0x3 
 .bss.object.0  0x0000000020000070       0x18 c:/users/billa/appdata/roaming/code/user/globalstorage/bmd.stm32-for-vscode/@xpack-dev-tools/arm-none-eabi-gcc/12.2.1-1.2.1/.content/bin/../lib/gcc/arm-none-eabi/12.2.1/thumb/v7e-m+fp/hard/crtbegin.o
 .bss.xIdleStack
                0x0000000020000088      0x200 build/freertos.o
 .bss.xIdleTaskTCBBuffer
                0x0000000020000288       0x54 build/freertos.o
 .bss.defaultTaskHandle
                0x00000000200002dc        0x4 build/freertos.o
                0x00000000200002dc                defaultTaskHandle
 .bss.xSemaphore
                0x00000000200002e0        0x4 build/main.o
                0x00000000200002e0                xSemaphore
 .bss.__sbrk_heap_end
                0x00000000200002e4        0x4 build/sysmem.o
 .bss.huart1    0x00000000200002e8       0x88 build/usart.o
                0x00000000200002e8                huart1
 .bss.uwTick    0x0000000020000370        0x4 build/stm32f7xx_hal.o
                0x0000000020000370                uwTick
 .bss.ulMaxPRIGROUPValue
                0x0000000020000374        0x4 build/port.o
 .bss.ucMaxSysCallPriority
                0x0000000020000378        0x1 build/port.o
 *fill*         0x0000000020000379        0x3 
 .bss.xBlockAllocatedBit
                0x000000002000037c        0x4 build/heap_4.o
 .bss.xMinimumEverFreeBytesRemaining
                0x0000000020000380        0x4 build/heap_4.o
 .bss.xFreeBytesRemaining
                0x0000000020000384        0x4 build/heap_4.o
 .bss.pxEnd     0x0000000020000388        0x4 build/heap_4.o
 .bss.xStart    0x000000002000038c        0x8 build/heap_4.o
 .bss.ucHeap    0x0000000020000394     0x3c00 build/heap_4.o
 .bss.uxSchedulerSuspended
                0x0000000020003f94        0x4 build/tasks.o
 .bss.xIdleTaskHandle
                0x0000000020003f98        0x4 build/tasks.o
 .bss.xNextTaskUnblockTime
                0x0000000020003f9c        0x4 build/tasks.o
 .bss.uxTaskNumber
                0x0000000020003fa0        0x4 build/tasks.o
 .bss.xNumOfOverflows
                0x0000000020003fa4        0x4 build/tasks.o
 .bss.xYieldPending
                0x0000000020003fa8        0x4 build/tasks.o
 .bss.uxPendedTicks
                0x0000000020003fac        0x4 build/tasks.o
 .bss.xSchedulerRunning
                0x0000000020003fb0        0x4 build/tasks.o
 .bss.uxTopReadyPriority
                0x0000000020003fb4        0x4 build/tasks.o
 .bss.xTickCount
                0x0000000020003fb8        0x4 build/tasks.o
 .bss.uxCurrentNumberOfTasks
                0x0000000020003fbc        0x4 build/tasks.o
 .bss.xSuspendedTaskList
                0x0000000020003fc0       0x14 build/tasks.o
 .bss.uxDeletedTasksWaitingCleanUp
                0x0000000020003fd4        0x4 build/tasks.o
 .bss.xTasksWaitingTermination
                0x0000000020003fd8       0x14 build/tasks.o
 .bss.xPendingReadyList
                0x0000000020003fec       0x14 build/tasks.o
 .bss.pxOverflowDelayedTaskList
                0x0000000020004000        0x4 build/tasks.o
 .bss.pxDelayedTaskList
                0x0000000020004004        0x4 build/tasks.o
 .bss.xDelayedTaskList2
                0x0000000020004008       0x14 build/tasks.o
 .bss.xDelayedTaskList1
                0x000000002000401c       0x14 build/tasks.o
 .bss.pxReadyTasksLists
                0x0000000020004030       0x8c build/tasks.o
 .bss.pxCurrentTCB
                0x00000000200040bc        0x4 build/tasks.o
                0x00000000200040bc                pxCurrentTCB
 .bss.__sf      0x00000000200040c0      0x138 c:/users/billa/appdata/roaming/code/user/globalstorage/bmd.stm32-for-vscode/@xpack-dev-tools/arm-none-eabi-gcc/12.2.1-1.2.1/.content/bin/../lib/gcc/arm-none-eabi/12.2.1/../../../../arm-none-eabi/lib/thumb/v7e-m+fp/hard\libc_nano.a(libc_a-findfp.o)
                0x00000000200040c0                __sf
 .bss.__stdio_exit_handler
                0x00000000200041f8        0x4 c:/users/billa/appdata/roaming/code/user/globalstorage/bmd.stm32-for-vscode/@xpack-dev-tools/arm-none-eabi-gcc/12.2.1-1.2.1/.content/bin/../lib/gcc/arm-none-eabi/12.2.1/../../../../arm-none-eabi/lib/thumb/v7e-m+fp/hard\libc_nano.a(libc_a-findfp.o)
                0x00000000200041f8                __stdio_exit_handler
 .bss.errno     0x00000000200041fc        0x4 c:/users/billa/appdata/roaming/code/user/globalstorage/bmd.stm32-for-vscode/@xpack-dev-tools/arm-none-eabi-gcc/12.2.1-1.2.1/.content/bin/../lib/gcc/arm-none-eabi/12.2.1/../../../../arm-none-eabi/lib/thumb/v7e-m+fp/hard\libc_nano.a(libc_a-reent.o)
                0x00000000200041fc                errno
 .bss.__lock___malloc_recursive_mutex
                0x0000000020004200        0x1 c:/users/billa/appdata/roaming/code/user/globalstorage/bmd.stm32-for-vscode/@xpack-dev-tools/arm-none-eabi-gcc/12.2.1-1.2.1/.content/bin/../lib/gcc/arm-none-eabi/12.2.1/../../../../arm-none-eabi/lib/thumb/v7e-m+fp/hard\libc_nano.a(libc_a-lock.o)
                0x0000000020004200                __lock___malloc_recursive_mutex
 .bss.__lock___sfp_recursive_mutex
                0x0000000020004201        0x1 c:/users/billa/appdata/roaming/code/user/globalstorage/bmd.stm32-for-vscode/@xpack-dev-tools/arm-none-eabi-gcc/12.2.1-1.2.1/.content/bin/../lib/gcc/arm-none-eabi/12.2.1/../../../../arm-none-eabi/lib/thumb/v7e-m+fp/hard\libc_nano.a(libc_a-lock.o)
                0x0000000020004201                __lock___sfp_recursive_mutex
 *fill*         0x0000000020004202        0x2 
 .bss.__malloc_sbrk_start
                0x0000000020004204        0x4 c:/users/billa/appdata/roaming/code/user/globalstorage/bmd.stm32-for-vscode/@xpack-dev-tools/arm-none-eabi-gcc/12.2.1-1.2.1/.content/bin/../lib/gcc/arm-none-eabi/12.2.1/../../../../arm-none-eabi/lib/thumb/v7e-m+fp/hard\libc_nano.a(libc_a-mallocr.o)
                0x0000000020004204                __malloc_sbrk_start
 .bss.__malloc_free_list
                0x0000000020004208        0x4 c:/users/billa/appdata/roaming/code/user/globalstorage/bmd.stm32-for-vscode/@xpack-dev-tools/arm-none-eabi-gcc/12.2.1-1.2.1/.content/bin/../lib/gcc/arm-none-eabi/12.2.1/../../../../arm-none-eabi/lib/thumb/v7e-m+fp/hard\libc_nano.a(libc_a-mallocr.o)
                0x0000000020004208                __malloc_free_list
 *(COMMON)
                0x000000002000420c                . = ALIGN (0x4)
                0x000000002000420c                _ebss = .
                0x000000002000420c                __bss_end__ = _ebss

._user_heap_stack
                0x000000002000420c      0x604 load address 0x0000000008004e5c
                0x0000000020004210                . = ALIGN (0x8)
 *fill*         0x000000002000420c        0x4 
                [!provide]                        PROVIDE (end = .)
                0x0000000020004210                PROVIDE (_end = .)
                0x0000000020004410                . = (. + _Min_Heap_Size)
 *fill*         0x0000000020004210      0x200 
                0x0000000020004810                . = (. + _Min_Stack_Size)
 *fill*         0x0000000020004410      0x400 
                0x0000000020004810                . = ALIGN (0x8)

/DISCARD/
 libc.a(*)
 libm.a(*)
 libgcc.a(*)

.ARM.attributes
                0x0000000000000000       0x30
 *(.ARM.attributes)
 .ARM.attributes
                0x0000000000000000       0x22 c:/users/billa/appdata/roaming/code/user/globalstorage/bmd.stm32-for-vscode/@xpack-dev-tools/arm-none-eabi-gcc/12.2.1-1.2.1/.content/bin/../lib/gcc/arm-none-eabi/12.2.1/thumb/v7e-m+fp/hard/crti.o
 .ARM.attributes
                0x0000000000000022       0x34 c:/users/billa/appdata/roaming/code/user/globalstorage/bmd.stm32-for-vscode/@xpack-dev-tools/arm-none-eabi-gcc/12.2.1-1.2.1/.content/bin/../lib/gcc/arm-none-eabi/12.2.1/thumb/v7e-m+fp/hard/crtbegin.o
 .ARM.attributes
                0x0000000000000056       0x34 build/freertos.o
 .ARM.attributes
                0x000000000000008a       0x34 build/gpio.o
 .ARM.attributes
                0x00000000000000be       0x34 build/main.o
 .ARM.attributes
                0x00000000000000f2       0x34 build/stm32f7xx_hal_msp.o
 .ARM.attributes
                0x0000000000000126       0x34 build/stm32f7xx_it.o
 .ARM.attributes
                0x000000000000015a       0x34 build/syscalls.o
 .ARM.attributes
                0x000000000000018e       0x34 build/sysmem.o
 .ARM.attributes
                0x00000000000001c2       0x34 build/system_stm32f7xx.o
 .ARM.attributes
                0x00000000000001f6       0x34 build/usart.o
 .ARM.attributes
                0x000000000000022a       0x34 build/stm32f7xx_hal.o
 .ARM.attributes
                0x000000000000025e       0x34 build/stm32f7xx_hal_cortex.o
 .ARM.attributes
                0x0000000000000292       0x34 build/stm32f7xx_hal_gpio.o
 .ARM.attributes
                0x00000000000002c6       0x34 build/stm32f7xx_hal_pwr_ex.o
 .ARM.attributes
                0x00000000000002fa       0x34 build/stm32f7xx_hal_rcc.o
 .ARM.attributes
                0x000000000000032e       0x34 build/stm32f7xx_hal_rcc_ex.o
 .ARM.attributes
                0x0000000000000362       0x34 build/stm32f7xx_hal_uart.o
 .ARM.attributes
                0x0000000000000396       0x34 build/cmsis_os.o
 .ARM.attributes
                0x00000000000003ca       0x34 build/list.o
 .ARM.attributes
                0x00000000000003fe       0x34 build/port.o
 .ARM.attributes
                0x0000000000000432       0x34 build/heap_4.o
 .ARM.attributes
                0x0000000000000466       0x34 build/queue.o
 .ARM.attributes
                0x000000000000049a       0x34 build/tasks.o
 .ARM.attributes
                0x00000000000004ce       0x21 build/startup_stm32f746xx.o
 .ARM.attributes
                0x00000000000004ef       0x34 c:/users/billa/appdata/roaming/code/user/globalstorage/bmd.stm32-for-vscode/@xpack-dev-tools/arm-none-eabi-gcc/12.2.1-1.2.1/.content/bin/../lib/gcc/arm-none-eabi/12.2.1/../../../../arm-none-eabi/lib/thumb/v7e-m+fp/hard\libc_nano.a(libc_a-findfp.o)
 .ARM.attributes
                0x0000000000000523       0x34 c:/users/billa/appdata/roaming/code/user/globalstorage/bmd.stm32-for-vscode/@xpack-dev-tools/arm-none-eabi-gcc/12.2.1-1.2.1/.content/bin/../lib/gcc/arm-none-eabi/12.2.1/../../../../arm-none-eabi/lib/thumb/v7e-m+fp/hard\libc_nano.a(libc_a-fwalk.o)
 .ARM.attributes
                0x0000000000000557       0x34 c:/users/billa/appdata/roaming/code/user/globalstorage/bmd.stm32-for-vscode/@xpack-dev-tools/arm-none-eabi-gcc/12.2.1-1.2.1/.content/bin/../lib/gcc/arm-none-eabi/12.2.1/../../../../arm-none-eabi/lib/thumb/v7e-m+fp/hard\libc_nano.a(libc_a-printf.o)
 .ARM.attributes
                0x000000000000058b       0x34 c:/users/billa/appdata/roaming/code/user/globalstorage/bmd.stm32-for-vscode/@xpack-dev-tools/arm-none-eabi-gcc/12.2.1-1.2.1/.content/bin/../lib/gcc/arm-none-eabi/12.2.1/../../../../arm-none-eabi/lib/thumb/v7e-m+fp/hard\libc_nano.a(libc_a-stdio.o)
 .ARM.attributes
                0x00000000000005bf       0x34 c:/users/billa/appdata/roaming/code/user/globalstorage/bmd.stm32-for-vscode/@xpack-dev-tools/arm-none-eabi-gcc/12.2.1-1.2.1/.content/bin/../lib/gcc/arm-none-eabi/12.2.1/../../../../arm-none-eabi/lib/thumb/v7e-m+fp/hard\libc_nano.a(libc_a-memset.o)
 .ARM.attributes
                0x00000000000005f3       0x34 c:/users/billa/appdata/roaming/code/user/globalstorage/bmd.stm32-for-vscode/@xpack-dev-tools/arm-none-eabi-gcc/12.2.1-1.2.1/.content/bin/../lib/gcc/arm-none-eabi/12.2.1/../../../../arm-none-eabi/lib/thumb/v7e-m+fp/hard\libc_nano.a(libc_a-closer.o)
 .ARM.attributes
                0x0000000000000627       0x34 c:/users/billa/appdata/roaming/code/user/globalstorage/bmd.stm32-for-vscode/@xpack-dev-tools/arm-none-eabi-gcc/12.2.1-1.2.1/.content/bin/../lib/gcc/arm-none-eabi/12.2.1/../../../../arm-none-eabi/lib/thumb/v7e-m+fp/hard\libc_nano.a(libc_a-reent.o)
 .ARM.attributes
                0x000000000000065b       0x34 c:/users/billa/appdata/roaming/code/user/globalstorage/bmd.stm32-for-vscode/@xpack-dev-tools/arm-none-eabi-gcc/12.2.1-1.2.1/.content/bin/../lib/gcc/arm-none-eabi/12.2.1/../../../../arm-none-eabi/lib/thumb/v7e-m+fp/hard\libc_nano.a(libc_a-impure.o)
 .ARM.attributes
                0x000000000000068f       0x34 c:/users/billa/appdata/roaming/code/user/globalstorage/bmd.stm32-for-vscode/@xpack-dev-tools/arm-none-eabi-gcc/12.2.1-1.2.1/.content/bin/../lib/gcc/arm-none-eabi/12.2.1/../../../../arm-none-eabi/lib/thumb/v7e-m+fp/hard\libc_nano.a(libc_a-lseekr.o)
 .ARM.attributes
                0x00000000000006c3       0x34 c:/users/billa/appdata/roaming/code/user/globalstorage/bmd.stm32-for-vscode/@xpack-dev-tools/arm-none-eabi-gcc/12.2.1-1.2.1/.content/bin/../lib/gcc/arm-none-eabi/12.2.1/../../../../arm-none-eabi/lib/thumb/v7e-m+fp/hard\libc_nano.a(libc_a-readr.o)
 .ARM.attributes
                0x00000000000006f7       0x34 c:/users/billa/appdata/roaming/code/user/globalstorage/bmd.stm32-for-vscode/@xpack-dev-tools/arm-none-eabi-gcc/12.2.1-1.2.1/.content/bin/../lib/gcc/arm-none-eabi/12.2.1/../../../../arm-none-eabi/lib/thumb/v7e-m+fp/hard\libc_nano.a(libc_a-writer.o)
 .ARM.attributes
                0x000000000000072b       0x34 c:/users/billa/appdata/roaming/code/user/globalstorage/bmd.stm32-for-vscode/@xpack-dev-tools/arm-none-eabi-gcc/12.2.1-1.2.1/.content/bin/../lib/gcc/arm-none-eabi/12.2.1/../../../../arm-none-eabi/lib/thumb/v7e-m+fp/hard\libc_nano.a(libc_a-errno.o)
 .ARM.attributes
                0x000000000000075f       0x34 c:/users/billa/appdata/roaming/code/user/globalstorage/bmd.stm32-for-vscode/@xpack-dev-tools/arm-none-eabi-gcc/12.2.1-1.2.1/.content/bin/../lib/gcc/arm-none-eabi/12.2.1/../../../../arm-none-eabi/lib/thumb/v7e-m+fp/hard\libc_nano.a(libc_a-init.o)
 .ARM.attributes
                0x0000000000000793       0x34 c:/users/billa/appdata/roaming/code/user/globalstorage/bmd.stm32-for-vscode/@xpack-dev-tools/arm-none-eabi-gcc/12.2.1-1.2.1/.content/bin/../lib/gcc/arm-none-eabi/12.2.1/../../../../arm-none-eabi/lib/thumb/v7e-m+fp/hard\libc_nano.a(libc_a-lock.o)
 .ARM.attributes
                0x00000000000007c7       0x34 c:/users/billa/appdata/roaming/code/user/globalstorage/bmd.stm32-for-vscode/@xpack-dev-tools/arm-none-eabi-gcc/12.2.1-1.2.1/.content/bin/../lib/gcc/arm-none-eabi/12.2.1/../../../../arm-none-eabi/lib/thumb/v7e-m+fp/hard\libc_nano.a(libc_a-memcpy-stub.o)
 .ARM.attributes
                0x00000000000007fb       0x34 c:/users/billa/appdata/roaming/code/user/globalstorage/bmd.stm32-for-vscode/@xpack-dev-tools/arm-none-eabi-gcc/12.2.1-1.2.1/.content/bin/../lib/gcc/arm-none-eabi/12.2.1/../../../../arm-none-eabi/lib/thumb/v7e-m+fp/hard\libc_nano.a(libc_a-freer.o)
 .ARM.attributes
                0x000000000000082f       0x34 c:/users/billa/appdata/roaming/code/user/globalstorage/bmd.stm32-for-vscode/@xpack-dev-tools/arm-none-eabi-gcc/12.2.1-1.2.1/.content/bin/../lib/gcc/arm-none-eabi/12.2.1/../../../../arm-none-eabi/lib/thumb/v7e-m+fp/hard\libc_nano.a(libc_a-mallocr.o)
 .ARM.attributes
                0x0000000000000863       0x34 c:/users/billa/appdata/roaming/code/user/globalstorage/bmd.stm32-for-vscode/@xpack-dev-tools/arm-none-eabi-gcc/12.2.1-1.2.1/.content/bin/../lib/gcc/arm-none-eabi/12.2.1/../../../../arm-none-eabi/lib/thumb/v7e-m+fp/hard\libc_nano.a(libc_a-mlock.o)
 .ARM.attributes
                0x0000000000000897       0x34 c:/users/billa/appdata/roaming/code/user/globalstorage/bmd.stm32-for-vscode/@xpack-dev-tools/arm-none-eabi-gcc/12.2.1-1.2.1/.content/bin/../lib/gcc/arm-none-eabi/12.2.1/../../../../arm-none-eabi/lib/thumb/v7e-m+fp/hard\libc_nano.a(libc_a-nano-vfprintf.o)
 .ARM.attributes
                0x00000000000008cb       0x34 c:/users/billa/appdata/roaming/code/user/globalstorage/bmd.stm32-for-vscode/@xpack-dev-tools/arm-none-eabi-gcc/12.2.1-1.2.1/.content/bin/../lib/gcc/arm-none-eabi/12.2.1/../../../../arm-none-eabi/lib/thumb/v7e-m+fp/hard\libc_nano.a(libc_a-nano-vfprintf_i.o)
 .ARM.attributes
                0x00000000000008ff       0x34 c:/users/billa/appdata/roaming/code/user/globalstorage/bmd.stm32-for-vscode/@xpack-dev-tools/arm-none-eabi-gcc/12.2.1-1.2.1/.content/bin/../lib/gcc/arm-none-eabi/12.2.1/../../../../arm-none-eabi/lib/thumb/v7e-m+fp/hard\libc_nano.a(libc_a-fflush.o)
 .ARM.attributes
                0x0000000000000933       0x34 c:/users/billa/appdata/roaming/code/user/globalstorage/bmd.stm32-for-vscode/@xpack-dev-tools/arm-none-eabi-gcc/12.2.1-1.2.1/.content/bin/../lib/gcc/arm-none-eabi/12.2.1/../../../../arm-none-eabi/lib/thumb/v7e-m+fp/hard\libc_nano.a(libc_a-wbuf.o)
 .ARM.attributes
                0x0000000000000967       0x34 c:/users/billa/appdata/roaming/code/user/globalstorage/bmd.stm32-for-vscode/@xpack-dev-tools/arm-none-eabi-gcc/12.2.1-1.2.1/.content/bin/../lib/gcc/arm-none-eabi/12.2.1/../../../../arm-none-eabi/lib/thumb/v7e-m+fp/hard\libc_nano.a(libc_a-wsetup.o)
 .ARM.attributes
                0x000000000000099b       0x34 c:/users/billa/appdata/roaming/code/user/globalstorage/bmd.stm32-for-vscode/@xpack-dev-tools/arm-none-eabi-gcc/12.2.1-1.2.1/.content/bin/../lib/gcc/arm-none-eabi/12.2.1/../../../../arm-none-eabi/lib/thumb/v7e-m+fp/hard\libc_nano.a(libc_a-sbrkr.o)
 .ARM.attributes
                0x00000000000009cf       0x1c c:/users/billa/appdata/roaming/code/user/globalstorage/bmd.stm32-for-vscode/@xpack-dev-tools/arm-none-eabi-gcc/12.2.1-1.2.1/.content/bin/../lib/gcc/arm-none-eabi/12.2.1/../../../../arm-none-eabi/lib/thumb/v7e-m+fp/hard\libc_nano.a(libc_a-memchr.o)
 .ARM.attributes
                0x00000000000009eb       0x34 c:/users/billa/appdata/roaming/code/user/globalstorage/bmd.stm32-for-vscode/@xpack-dev-tools/arm-none-eabi-gcc/12.2.1-1.2.1/.content/bin/../lib/gcc/arm-none-eabi/12.2.1/../../../../arm-none-eabi/lib/thumb/v7e-m+fp/hard\libc_nano.a(libc_a-makebuf.o)
 .ARM.attributes
                0x0000000000000a1f       0x34 c:/users/billa/appdata/roaming/code/user/globalstorage/bmd.stm32-for-vscode/@xpack-dev-tools/arm-none-eabi-gcc/12.2.1-1.2.1/.content/bin/../lib/gcc/arm-none-eabi/12.2.1/../../../../arm-none-eabi/lib/thumb/v7e-m+fp/hard\libc_nano.a(libc_a-fstatr.o)
 .ARM.attributes
                0x0000000000000a53       0x34 c:/users/billa/appdata/roaming/code/user/globalstorage/bmd.stm32-for-vscode/@xpack-dev-tools/arm-none-eabi-gcc/12.2.1-1.2.1/.content/bin/../lib/gcc/arm-none-eabi/12.2.1/../../../../arm-none-eabi/lib/thumb/v7e-m+fp/hard\libc_nano.a(libc_a-isattyr.o)
 .ARM.attributes
                0x0000000000000a87       0x22 c:/users/billa/appdata/roaming/code/user/globalstorage/bmd.stm32-for-vscode/@xpack-dev-tools/arm-none-eabi-gcc/12.2.1-1.2.1/.content/bin/../lib/gcc/arm-none-eabi/12.2.1/thumb/v7e-m+fp/hard\libgcc.a(_aeabi_uldivmod.o)
 .ARM.attributes
                0x0000000000000aa9       0x34 c:/users/billa/appdata/roaming/code/user/globalstorage/bmd.stm32-for-vscode/@xpack-dev-tools/arm-none-eabi-gcc/12.2.1-1.2.1/.content/bin/../lib/gcc/arm-none-eabi/12.2.1/thumb/v7e-m+fp/hard\libgcc.a(_udivmoddi4.o)
 .ARM.attributes
                0x0000000000000add       0x22 c:/users/billa/appdata/roaming/code/user/globalstorage/bmd.stm32-for-vscode/@xpack-dev-tools/arm-none-eabi-gcc/12.2.1-1.2.1/.content/bin/../lib/gcc/arm-none-eabi/12.2.1/thumb/v7e-m+fp/hard\libgcc.a(_dvmd_tls.o)
 .ARM.attributes
                0x0000000000000aff       0x22 c:/users/billa/appdata/roaming/code/user/globalstorage/bmd.stm32-for-vscode/@xpack-dev-tools/arm-none-eabi-gcc/12.2.1-1.2.1/.content/bin/../lib/gcc/arm-none-eabi/12.2.1/thumb/v7e-m+fp/hard/crtn.o
OUTPUT(build/tp_freertos_reentrance.elf elf32-littlearm)
LOAD linker stubs
LOAD c:/users/billa/appdata/roaming/code/user/globalstorage/bmd.stm32-for-vscode/@xpack-dev-tools/arm-none-eabi-gcc/12.2.1-1.2.1/.content/bin/../lib/gcc/arm-none-eabi/12.2.1/../../../../arm-none-eabi/lib/thumb/v7e-m+fp/hard\libc.a
LOAD c:/users/billa/appdata/roaming/code/user/globalstorage/bmd.stm32-for-vscode/@xpack-dev-tools/arm-none-eabi-gcc/12.2.1-1.2.1/.content/bin/../lib/gcc/arm-none-eabi/12.2.1/../../../../arm-none-eabi/lib/thumb/v7e-m+fp/hard\libm.a
LOAD c:/users/billa/appdata/roaming/code/user/globalstorage/bmd.stm32-for-vscode/@xpack-dev-tools/arm-none-eabi-gcc/12.2.1-1.2.1/.content/bin/../lib/gcc/arm-none-eabi/12.2.1/thumb/v7e-m+fp/hard\libgcc.a

.comment        0x0000000000000000       0x39
 .comment       0x0000000000000000       0x39 c:/users/billa/appdata/roaming/code/user/globalstorage/bmd.stm32-for-vscode/@xpack-dev-tools/arm-none-eabi-gcc/12.2.1-1.2.1/.content/bin/../lib/gcc/arm-none-eabi/12.2.1/thumb/v7e-m+fp/hard/crtbegin.o
                                         0x3a (size before relaxing)
 .comment       0x0000000000000039       0x3a build/freertos.o
 .comment       0x0000000000000039       0x3a build/gpio.o
 .comment       0x0000000000000039       0x3a build/main.o
 .comment       0x0000000000000039       0x3a build/stm32f7xx_hal_msp.o
 .comment       0x0000000000000039       0x3a build/stm32f7xx_it.o
 .comment       0x0000000000000039       0x3a build/syscalls.o
 .comment       0x0000000000000039       0x3a build/sysmem.o
 .comment       0x0000000000000039       0x3a build/system_stm32f7xx.o
 .comment       0x0000000000000039       0x3a build/usart.o
 .comment       0x0000000000000039       0x3a build/stm32f7xx_hal.o
 .comment       0x0000000000000039       0x3a build/stm32f7xx_hal_cortex.o
 .comment       0x0000000000000039       0x3a build/stm32f7xx_hal_gpio.o
 .comment       0x0000000000000039       0x3a build/stm32f7xx_hal_pwr_ex.o
 .comment       0x0000000000000039       0x3a build/stm32f7xx_hal_rcc.o
 .comment       0x0000000000000039       0x3a build/stm32f7xx_hal_rcc_ex.o
 .comment       0x0000000000000039       0x3a build/stm32f7xx_hal_uart.o
 .comment       0x0000000000000039       0x3a build/cmsis_os.o
 .comment       0x0000000000000039       0x3a build/list.o
 .comment       0x0000000000000039       0x3a build/port.o
 .comment       0x0000000000000039       0x3a build/heap_4.o
 .comment       0x0000000000000039       0x3a build/queue.o
 .comment       0x0000000000000039       0x3a build/tasks.o
 .comment       0x0000000000000039       0x3a c:/users/billa/appdata/roaming/code/user/globalstorage/bmd.stm32-for-vscode/@xpack-dev-tools/arm-none-eabi-gcc/12.2.1-1.2.1/.content/bin/../lib/gcc/arm-none-eabi/12.2.1/../../../../arm-none-eabi/lib/thumb/v7e-m+fp/hard\libc_nano.a(libc_a-findfp.o)
 .comment       0x0000000000000039       0x3a c:/users/billa/appdata/roaming/code/user/globalstorage/bmd.stm32-for-vscode/@xpack-dev-tools/arm-none-eabi-gcc/12.2.1-1.2.1/.content/bin/../lib/gcc/arm-none-eabi/12.2.1/../../../../arm-none-eabi/lib/thumb/v7e-m+fp/hard\libc_nano.a(libc_a-fwalk.o)
 .comment       0x0000000000000039       0x3a c:/users/billa/appdata/roaming/code/user/globalstorage/bmd.stm32-for-vscode/@xpack-dev-tools/arm-none-eabi-gcc/12.2.1-1.2.1/.content/bin/../lib/gcc/arm-none-eabi/12.2.1/../../../../arm-none-eabi/lib/thumb/v7e-m+fp/hard\libc_nano.a(libc_a-printf.o)
 .comment       0x0000000000000039       0x3a c:/users/billa/appdata/roaming/code/user/globalstorage/bmd.stm32-for-vscode/@xpack-dev-tools/arm-none-eabi-gcc/12.2.1-1.2.1/.content/bin/../lib/gcc/arm-none-eabi/12.2.1/../../../../arm-none-eabi/lib/thumb/v7e-m+fp/hard\libc_nano.a(libc_a-stdio.o)
 .comment       0x0000000000000039       0x3a c:/users/billa/appdata/roaming/code/user/globalstorage/bmd.stm32-for-vscode/@xpack-dev-tools/arm-none-eabi-gcc/12.2.1-1.2.1/.content/bin/../lib/gcc/arm-none-eabi/12.2.1/../../../../arm-none-eabi/lib/thumb/v7e-m+fp/hard\libc_nano.a(libc_a-memset.o)
 .comment       0x0000000000000039       0x3a c:/users/billa/appdata/roaming/code/user/globalstorage/bmd.stm32-for-vscode/@xpack-dev-tools/arm-none-eabi-gcc/12.2.1-1.2.1/.content/bin/../lib/gcc/arm-none-eabi/12.2.1/../../../../arm-none-eabi/lib/thumb/v7e-m+fp/hard\libc_nano.a(libc_a-closer.o)
 .comment       0x0000000000000039       0x3a c:/users/billa/appdata/roaming/code/user/globalstorage/bmd.stm32-for-vscode/@xpack-dev-tools/arm-none-eabi-gcc/12.2.1-1.2.1/.content/bin/../lib/gcc/arm-none-eabi/12.2.1/../../../../arm-none-eabi/lib/thumb/v7e-m+fp/hard\libc_nano.a(libc_a-reent.o)
 .comment       0x0000000000000039       0x3a c:/users/billa/appdata/roaming/code/user/globalstorage/bmd.stm32-for-vscode/@xpack-dev-tools/arm-none-eabi-gcc/12.2.1-1.2.1/.content/bin/../lib/gcc/arm-none-eabi/12.2.1/../../../../arm-none-eabi/lib/thumb/v7e-m+fp/hard\libc_nano.a(libc_a-impure.o)
 .comment       0x0000000000000039       0x3a c:/users/billa/appdata/roaming/code/user/globalstorage/bmd.stm32-for-vscode/@xpack-dev-tools/arm-none-eabi-gcc/12.2.1-1.2.1/.content/bin/../lib/gcc/arm-none-eabi/12.2.1/../../../../arm-none-eabi/lib/thumb/v7e-m+fp/hard\libc_nano.a(libc_a-lseekr.o)
 .comment       0x0000000000000039       0x3a c:/users/billa/appdata/roaming/code/user/globalstorage/bmd.stm32-for-vscode/@xpack-dev-tools/arm-none-eabi-gcc/12.2.1-1.2.1/.content/bin/../lib/gcc/arm-none-eabi/12.2.1/../../../../arm-none-eabi/lib/thumb/v7e-m+fp/hard\libc_nano.a(libc_a-readr.o)
 .comment       0x0000000000000039       0x3a c:/users/billa/appdata/roaming/code/user/globalstorage/bmd.stm32-for-vscode/@xpack-dev-tools/arm-none-eabi-gcc/12.2.1-1.2.1/.content/bin/../lib/gcc/arm-none-eabi/12.2.1/../../../../arm-none-eabi/lib/thumb/v7e-m+fp/hard\libc_nano.a(libc_a-writer.o)
 .comment       0x0000000000000039       0x3a c:/users/billa/appdata/roaming/code/user/globalstorage/bmd.stm32-for-vscode/@xpack-dev-tools/arm-none-eabi-gcc/12.2.1-1.2.1/.content/bin/../lib/gcc/arm-none-eabi/12.2.1/../../../../arm-none-eabi/lib/thumb/v7e-m+fp/hard\libc_nano.a(libc_a-errno.o)
 .comment       0x0000000000000039       0x3a c:/users/billa/appdata/roaming/code/user/globalstorage/bmd.stm32-for-vscode/@xpack-dev-tools/arm-none-eabi-gcc/12.2.1-1.2.1/.content/bin/../lib/gcc/arm-none-eabi/12.2.1/../../../../arm-none-eabi/lib/thumb/v7e-m+fp/hard\libc_nano.a(libc_a-init.o)
 .comment       0x0000000000000039       0x3a c:/users/billa/appdata/roaming/code/user/globalstorage/bmd.stm32-for-vscode/@xpack-dev-tools/arm-none-eabi-gcc/12.2.1-1.2.1/.content/bin/../lib/gcc/arm-none-eabi/12.2.1/../../../../arm-none-eabi/lib/thumb/v7e-m+fp/hard\libc_nano.a(libc_a-lock.o)
 .comment       0x0000000000000039       0x3a c:/users/billa/appdata/roaming/code/user/globalstorage/bmd.stm32-for-vscode/@xpack-dev-tools/arm-none-eabi-gcc/12.2.1-1.2.1/.content/bin/../lib/gcc/arm-none-eabi/12.2.1/../../../../arm-none-eabi/lib/thumb/v7e-m+fp/hard\libc_nano.a(libc_a-memcpy-stub.o)
 .comment       0x0000000000000039       0x3a c:/users/billa/appdata/roaming/code/user/globalstorage/bmd.stm32-for-vscode/@xpack-dev-tools/arm-none-eabi-gcc/12.2.1-1.2.1/.content/bin/../lib/gcc/arm-none-eabi/12.2.1/../../../../arm-none-eabi/lib/thumb/v7e-m+fp/hard\libc_nano.a(libc_a-freer.o)
 .comment       0x0000000000000039       0x3a c:/users/billa/appdata/roaming/code/user/globalstorage/bmd.stm32-for-vscode/@xpack-dev-tools/arm-none-eabi-gcc/12.2.1-1.2.1/.content/bin/../lib/gcc/arm-none-eabi/12.2.1/../../../../arm-none-eabi/lib/thumb/v7e-m+fp/hard\libc_nano.a(libc_a-mallocr.o)
 .comment       0x0000000000000039       0x3a c:/users/billa/appdata/roaming/code/user/globalstorage/bmd.stm32-for-vscode/@xpack-dev-tools/arm-none-eabi-gcc/12.2.1-1.2.1/.content/bin/../lib/gcc/arm-none-eabi/12.2.1/../../../../arm-none-eabi/lib/thumb/v7e-m+fp/hard\libc_nano.a(libc_a-mlock.o)
 .comment       0x0000000000000039       0x3a c:/users/billa/appdata/roaming/code/user/globalstorage/bmd.stm32-for-vscode/@xpack-dev-tools/arm-none-eabi-gcc/12.2.1-1.2.1/.content/bin/../lib/gcc/arm-none-eabi/12.2.1/../../../../arm-none-eabi/lib/thumb/v7e-m+fp/hard\libc_nano.a(libc_a-nano-vfprintf.o)
 .comment       0x0000000000000039       0x3a c:/users/billa/appdata/roaming/code/user/globalstorage/bmd.stm32-for-vscode/@xpack-dev-tools/arm-none-eabi-gcc/12.2.1-1.2.1/.content/bin/../lib/gcc/arm-none-eabi/12.2.1/../../../../arm-none-eabi/lib/thumb/v7e-m+fp/hard\libc_nano.a(libc_a-nano-vfprintf_i.o)
 .comment       0x0000000000000039       0x3a c:/users/billa/appdata/roaming/code/user/globalstorage/bmd.stm32-for-vscode/@xpack-dev-tools/arm-none-eabi-gcc/12.2.1-1.2.1/.content/bin/../lib/gcc/arm-none-eabi/12.2.1/../../../../arm-none-eabi/lib/thumb/v7e-m+fp/hard\libc_nano.a(libc_a-fflush.o)
 .comment       0x0000000000000039       0x3a c:/users/billa/appdata/roaming/code/user/globalstorage/bmd.stm32-for-vscode/@xpack-dev-tools/arm-none-eabi-gcc/12.2.1-1.2.1/.content/bin/../lib/gcc/arm-none-eabi/12.2.1/../../../../arm-none-eabi/lib/thumb/v7e-m+fp/hard\libc_nano.a(libc_a-wbuf.o)
 .comment       0x0000000000000039       0x3a c:/users/billa/appdata/roaming/code/user/globalstorage/bmd.stm32-for-vscode/@xpack-dev-tools/arm-none-eabi-gcc/12.2.1-1.2.1/.content/bin/../lib/gcc/arm-none-eabi/12.2.1/../../../../arm-none-eabi/lib/thumb/v7e-m+fp/hard\libc_nano.a(libc_a-wsetup.o)
 .comment       0x0000000000000039       0x3a c:/users/billa/appdata/roaming/code/user/globalstorage/bmd.stm32-for-vscode/@xpack-dev-tools/arm-none-eabi-gcc/12.2.1-1.2.1/.content/bin/../lib/gcc/arm-none-eabi/12.2.1/../../../../arm-none-eabi/lib/thumb/v7e-m+fp/hard\libc_nano.a(libc_a-sbrkr.o)
 .comment       0x0000000000000039       0x3a c:/users/billa/appdata/roaming/code/user/globalstorage/bmd.stm32-for-vscode/@xpack-dev-tools/arm-none-eabi-gcc/12.2.1-1.2.1/.content/bin/../lib/gcc/arm-none-eabi/12.2.1/../../../../arm-none-eabi/lib/thumb/v7e-m+fp/hard\libc_nano.a(libc_a-makebuf.o)
 .comment       0x0000000000000039       0x3a c:/users/billa/appdata/roaming/code/user/globalstorage/bmd.stm32-for-vscode/@xpack-dev-tools/arm-none-eabi-gcc/12.2.1-1.2.1/.content/bin/../lib/gcc/arm-none-eabi/12.2.1/../../../../arm-none-eabi/lib/thumb/v7e-m+fp/hard\libc_nano.a(libc_a-fstatr.o)
 .comment       0x0000000000000039       0x3a c:/users/billa/appdata/roaming/code/user/globalstorage/bmd.stm32-for-vscode/@xpack-dev-tools/arm-none-eabi-gcc/12.2.1-1.2.1/.content/bin/../lib/gcc/arm-none-eabi/12.2.1/../../../../arm-none-eabi/lib/thumb/v7e-m+fp/hard\libc_nano.a(libc_a-isattyr.o)
 .comment       0x0000000000000039       0x3a c:/users/billa/appdata/roaming/code/user/globalstorage/bmd.stm32-for-vscode/@xpack-dev-tools/arm-none-eabi-gcc/12.2.1-1.2.1/.content/bin/../lib/gcc/arm-none-eabi/12.2.1/thumb/v7e-m+fp/hard\libgcc.a(_udivmoddi4.o)

.debug_info     0x0000000000000000    0x1551b
 .debug_info    0x0000000000000000      0x4d4 build/freertos.o
 .debug_info    0x00000000000004d4      0xc26 build/gpio.o
 .debug_info    0x00000000000010fa     0x103b build/main.o
 .debug_info    0x0000000000002135      0x555 build/stm32f7xx_hal_msp.o
 .debug_info    0x000000000000268a      0x136 build/stm32f7xx_it.o
 .debug_info    0x00000000000027c0      0x783 build/syscalls.o
 .debug_info    0x0000000000002f43      0x171 build/sysmem.o
 .debug_info    0x00000000000030b4      0x702 build/system_stm32f7xx.o
 .debug_info    0x00000000000037b6      0xd5d build/usart.o
 .debug_info    0x0000000000004513      0xa76 build/stm32f7xx_hal.o
 .debug_info    0x0000000000004f89     0x1180 build/stm32f7xx_hal_cortex.o
 .debug_info    0x0000000000006109      0x728 build/stm32f7xx_hal_gpio.o
 .debug_info    0x0000000000006831      0x9ba build/stm32f7xx_hal_pwr_ex.o
 .debug_info    0x00000000000071eb      0xb16 build/stm32f7xx_hal_rcc.o
 .debug_info    0x0000000000007d01      0x7ee build/stm32f7xx_hal_rcc_ex.o
 .debug_info    0x00000000000084ef     0x4ec8 build/stm32f7xx_hal_uart.o
 .debug_info    0x000000000000d3b7     0x23f2 build/cmsis_os.o
 .debug_info    0x000000000000f7a9      0x2bf build/list.o
 .debug_info    0x000000000000fa68      0x521 build/port.o
 .debug_info    0x000000000000ff89      0x444 build/heap_4.o
 .debug_info    0x00000000000103cd     0x224d build/queue.o
 .debug_info    0x000000000001261a     0x2779 build/tasks.o
 .debug_info    0x0000000000014d93       0x2e build/startup_stm32f746xx.o
 .debug_info    0x0000000000014dc1       0x24 c:/users/billa/appdata/roaming/code/user/globalstorage/bmd.stm32-for-vscode/@xpack-dev-tools/arm-none-eabi-gcc/12.2.1-1.2.1/.content/bin/../lib/gcc/arm-none-eabi/12.2.1/thumb/v7e-m+fp/hard\libgcc.a(_aeabi_uldivmod.o)
 .debug_info    0x0000000000014de5      0x6fd c:/users/billa/appdata/roaming/code/user/globalstorage/bmd.stm32-for-vscode/@xpack-dev-tools/arm-none-eabi-gcc/12.2.1-1.2.1/.content/bin/../lib/gcc/arm-none-eabi/12.2.1/thumb/v7e-m+fp/hard\libgcc.a(_udivmoddi4.o)
 .debug_info    0x00000000000154e2       0x39 c:/users/billa/appdata/roaming/code/user/globalstorage/bmd.stm32-for-vscode/@xpack-dev-tools/arm-none-eabi-gcc/12.2.1-1.2.1/.content/bin/../lib/gcc/arm-none-eabi/12.2.1/thumb/v7e-m+fp/hard\libgcc.a(_dvmd_tls.o)

.debug_abbrev   0x0000000000000000     0x3254
 .debug_abbrev  0x0000000000000000      0x176 build/freertos.o
 .debug_abbrev  0x0000000000000176      0x164 build/gpio.o
 .debug_abbrev  0x00000000000002da      0x347 build/main.o
 .debug_abbrev  0x0000000000000621      0x120 build/stm32f7xx_hal_msp.o
 .debug_abbrev  0x0000000000000741       0xa0 build/stm32f7xx_it.o
 .debug_abbrev  0x00000000000007e1      0x1c1 build/syscalls.o
 .debug_abbrev  0x00000000000009a2       0xea build/sysmem.o
 .debug_abbrev  0x0000000000000a8c      0x13f build/system_stm32f7xx.o
 .debug_abbrev  0x0000000000000bcb      0x20f build/usart.o
 .debug_abbrev  0x0000000000000dda      0x23f build/stm32f7xx_hal.o
 .debug_abbrev  0x0000000000001019      0x39d build/stm32f7xx_hal_cortex.o
 .debug_abbrev  0x00000000000013b6      0x202 build/stm32f7xx_hal_gpio.o
 .debug_abbrev  0x00000000000015b8      0x1ef build/stm32f7xx_hal_pwr_ex.o
 .debug_abbrev  0x00000000000017a7      0x28e build/stm32f7xx_hal_rcc.o
 .debug_abbrev  0x0000000000001a35      0x1e3 build/stm32f7xx_hal_rcc_ex.o
 .debug_abbrev  0x0000000000001c18      0x31a build/stm32f7xx_hal_uart.o
 .debug_abbrev  0x0000000000001f32      0x3e1 build/cmsis_os.o
 .debug_abbrev  0x0000000000002313      0x10a build/list.o
 .debug_abbrev  0x000000000000241d      0x2bb build/port.o
 .debug_abbrev  0x00000000000026d8      0x24b build/heap_4.o
 .debug_abbrev  0x0000000000002923      0x3ea build/queue.o
 .debug_abbrev  0x0000000000002d0d      0x38d build/tasks.o
 .debug_abbrev  0x000000000000309a       0x1d build/startup_stm32f746xx.o
 .debug_abbrev  0x00000000000030b7       0x14 c:/users/billa/appdata/roaming/code/user/globalstorage/bmd.stm32-for-vscode/@xpack-dev-tools/arm-none-eabi-gcc/12.2.1-1.2.1/.content/bin/../lib/gcc/arm-none-eabi/12.2.1/thumb/v7e-m+fp/hard\libgcc.a(_aeabi_uldivmod.o)
 .debug_abbrev  0x00000000000030cb      0x16a c:/users/billa/appdata/roaming/code/user/globalstorage/bmd.stm32-for-vscode/@xpack-dev-tools/arm-none-eabi-gcc/12.2.1-1.2.1/.content/bin/../lib/gcc/arm-none-eabi/12.2.1/thumb/v7e-m+fp/hard\libgcc.a(_udivmoddi4.o)
 .debug_abbrev  0x0000000000003235       0x1f c:/users/billa/appdata/roaming/code/user/globalstorage/bmd.stm32-for-vscode/@xpack-dev-tools/arm-none-eabi-gcc/12.2.1-1.2.1/.content/bin/../lib/gcc/arm-none-eabi/12.2.1/thumb/v7e-m+fp/hard\libgcc.a(_dvmd_tls.o)

.debug_loclists
                0x0000000000000000     0x786c
 .debug_loclists
                0x0000000000000000       0x23 build/freertos.o
 .debug_loclists
                0x0000000000000023       0x73 build/main.o
 .debug_loclists
                0x0000000000000096      0x25b build/syscalls.o
 .debug_loclists
                0x00000000000002f1       0x46 build/sysmem.o
 .debug_loclists
                0x0000000000000337       0xdb build/system_stm32f7xx.o
 .debug_loclists
                0x0000000000000412       0x6d build/usart.o
 .debug_loclists
                0x000000000000047f       0xc9 build/stm32f7xx_hal.o
 .debug_loclists
                0x0000000000000548      0x439 build/stm32f7xx_hal_cortex.o
 .debug_loclists
                0x0000000000000981      0x356 build/stm32f7xx_hal_gpio.o
 .debug_loclists
                0x0000000000000cd7      0x19b build/stm32f7xx_hal_pwr_ex.o
 .debug_loclists
                0x0000000000000e72      0x442 build/stm32f7xx_hal_rcc.o
 .debug_loclists
                0x00000000000012b4      0x55e build/stm32f7xx_hal_rcc_ex.o
 .debug_loclists
                0x0000000000001812     0x2a33 build/stm32f7xx_hal_uart.o
 .debug_loclists
                0x0000000000004245      0xb4d build/cmsis_os.o
 .debug_loclists
                0x0000000000004d92       0x6f build/list.o
 .debug_loclists
                0x0000000000004e01       0x9c build/port.o
 .debug_loclists
                0x0000000000004e9d      0x213 build/heap_4.o
 .debug_loclists
                0x00000000000050b0      0xd28 build/queue.o
 .debug_loclists
                0x0000000000005dd8     0x10d7 build/tasks.o
 .debug_loclists
                0x0000000000006eaf      0x9bd c:/users/billa/appdata/roaming/code/user/globalstorage/bmd.stm32-for-vscode/@xpack-dev-tools/arm-none-eabi-gcc/12.2.1-1.2.1/.content/bin/../lib/gcc/arm-none-eabi/12.2.1/thumb/v7e-m+fp/hard\libgcc.a(_udivmoddi4.o)

.debug_aranges  0x0000000000000000      0xdf8
 .debug_aranges
                0x0000000000000000       0x30 build/freertos.o
 .debug_aranges
                0x0000000000000030       0x20 build/gpio.o
 .debug_aranges
                0x0000000000000050       0x48 build/main.o
 .debug_aranges
                0x0000000000000098       0x20 build/stm32f7xx_hal_msp.o
 .debug_aranges
                0x00000000000000b8       0x50 build/stm32f7xx_it.o
 .debug_aranges
                0x0000000000000108       0xa8 build/syscalls.o
 .debug_aranges
                0x00000000000001b0       0x20 build/sysmem.o
 .debug_aranges
                0x00000000000001d0       0x28 build/system_stm32f7xx.o
 .debug_aranges
                0x00000000000001f8       0x30 build/usart.o
 .debug_aranges
                0x0000000000000228      0x100 build/stm32f7xx_hal.o
 .debug_aranges
                0x0000000000000328       0xd8 build/stm32f7xx_hal_cortex.o
 .debug_aranges
                0x0000000000000400       0x58 build/stm32f7xx_hal_gpio.o
 .debug_aranges
                0x0000000000000458       0x80 build/stm32f7xx_hal_pwr_ex.o
 .debug_aranges
                0x00000000000004d8       0x88 build/stm32f7xx_hal_rcc.o
 .debug_aranges
                0x0000000000000560       0x50 build/stm32f7xx_hal_rcc_ex.o
 .debug_aranges
                0x00000000000005b0      0x228 build/stm32f7xx_hal_uart.o
 .debug_aranges
                0x00000000000007d8      0x1d8 build/cmsis_os.o
 .debug_aranges
                0x00000000000009b0       0x40 build/list.o
 .debug_aranges
                0x00000000000009f0       0x80 build/port.o
 .debug_aranges
                0x0000000000000a70       0x50 build/heap_4.o
 .debug_aranges
                0x0000000000000ac0      0x108 build/queue.o
 .debug_aranges
                0x0000000000000bc8      0x1a8 build/tasks.o
 .debug_aranges
                0x0000000000000d70       0x28 build/startup_stm32f746xx.o
 .debug_aranges
                0x0000000000000d98       0x20 c:/users/billa/appdata/roaming/code/user/globalstorage/bmd.stm32-for-vscode/@xpack-dev-tools/arm-none-eabi-gcc/12.2.1-1.2.1/.content/bin/../lib/gcc/arm-none-eabi/12.2.1/thumb/v7e-m+fp/hard\libgcc.a(_aeabi_uldivmod.o)
 .debug_aranges
                0x0000000000000db8       0x20 c:/users/billa/appdata/roaming/code/user/globalstorage/bmd.stm32-for-vscode/@xpack-dev-tools/arm-none-eabi-gcc/12.2.1-1.2.1/.content/bin/../lib/gcc/arm-none-eabi/12.2.1/thumb/v7e-m+fp/hard\libgcc.a(_udivmoddi4.o)
 .debug_aranges
                0x0000000000000dd8       0x20 c:/users/billa/appdata/roaming/code/user/globalstorage/bmd.stm32-for-vscode/@xpack-dev-tools/arm-none-eabi-gcc/12.2.1-1.2.1/.content/bin/../lib/gcc/arm-none-eabi/12.2.1/thumb/v7e-m+fp/hard\libgcc.a(_dvmd_tls.o)

.debug_rnglists
                0x0000000000000000      0xb79
 .debug_rnglists